<?xml version="1.0" encoding="UTF-8"?>
<TestRun id="cc57f866-7a7a-43a9-9ff5-c5ec642b45ce" name="DEV@CHENGVMWIN7X641 2016-01-25 15:34:39" runUser="CHENGVMWIN7X641\DEV" xmlns="http://microsoft.com/schemas/VisualStudio/TeamTest/2010">
  <TestSettings name="本地" id="fb35cadf-f513-4997-8927-662f65f1d0dd">
    <Description>这些设置为本地测试运行的默认测试设置。</Description>
    <Deployment enabled="false" runDeploymentRoot="DEV_CHENGVMWIN7X641 2016-01-25 15_34_39">
      <DeploymentItem filename="D:\Cheng\Workspace\OnlineLearningSystem\OnlineLearningSystem\OnlineLearningSystem\Content\lib\ueditor\1.4.3\net\Bin\Newtonsoft.Json.dll" />
      <DeploymentItem filename="D:\Cheng\Workspace\OnlineLearningSystem\OnlineLearningSystem\packages\EntityFramework.4.1.10331.0\lib\EntityFramework.dll" />
      <DeploymentItem filename="D:\Cheng\Workspace\OnlineLearningSystem\OnlineLearningSystem\OnlineLearningSystem\bin\OnlineLearningSystem.dll" />
    </Deployment>
    <Execution>
      <TestTypeSpecific />
      <AgentRule name="Execution Agents">
      </AgentRule>
    </Execution>
  </TestSettings>
  <Times creation="2016-01-25T15:34:39.3153709+08:00" queuing="2016-01-25T15:34:39.3463727+08:00" start="2016-01-25T15:34:39.3923754+08:00" finish="2016-01-25T15:36:17.2049699+08:00" />
  <ResultSummary outcome="Completed">
    <Counters total="3" executed="3" passed="3" error="0" failed="0" timeout="0" aborted="0" inconclusive="0" passedButRunAborted="0" notRunnable="0" notExecuted="0" disconnected="0" warning="0" completed="0" inProgress="0" pending="0" />
  </ResultSummary>
  <TestDefinitions>
    <UnitTest name="ChangeTest1" storage="d:\cheng\workspace\onlinelearningsystem\onlinelearningsystem\timetasktestproject\bin\debug\timetasktestproject.dll" id="79ae84fc-9118-70c4-a07c-5f731bce7e4f">
      <Execution id="4e9c4df5-937b-40c2-8844-035863ef1202" />
      <TestMethod codeBase="D:/Cheng/Workspace/OnlineLearningSystem/OnlineLearningSystem/TimeTaskTestProject/bin/Debug/TimeTaskTestProject.DLL" adapterTypeName="Microsoft.VisualStudio.TestTools.TestTypes.Unit.UnitTestAdapter, Microsoft.VisualStudio.QualityTools.Tips.UnitTest.Adapter, Version=10.0.0.0, Culture=neutral, PublicKeyToken=b03f5f7f11d50a3a" className="TimeTaskTestProject.ChangePaperTemplateStatusTest, TimeTaskTestProject, Version=1.0.0.0, Culture=neutral, PublicKeyToken=null" name="ChangeTest1" />
      <AspNet webSiteUrl="http://localhost:7128/Aspxs/Default.aspx">
        <Host pathToWebApp="D:\Cheng\Workspace\OnlineLearningSystem\OnlineLearningSystem\OnlineLearningSystem" webAppRoot="/" />
      </AspNet>
    </UnitTest>
    <UnitTest name="ChangeTest3" storage="d:\cheng\workspace\onlinelearningsystem\onlinelearningsystem\timetasktestproject\bin\debug\timetasktestproject.dll" id="fb1c8d72-d9d7-a91b-18f5-964be260cc82">
      <Execution id="334bdfeb-7b4b-4742-b925-e9017acd6717" />
      <TestMethod codeBase="D:/Cheng/Workspace/OnlineLearningSystem/OnlineLearningSystem/TimeTaskTestProject/bin/Debug/TimeTaskTestProject.DLL" adapterTypeName="Microsoft.VisualStudio.TestTools.TestTypes.Unit.UnitTestAdapter, Microsoft.VisualStudio.QualityTools.Tips.UnitTest.Adapter, Version=10.0.0.0, Culture=neutral, PublicKeyToken=b03f5f7f11d50a3a" className="TimeTaskTestProject.ChangePaperTemplateStatusTest, TimeTaskTestProject, Version=1.0.0.0, Culture=neutral, PublicKeyToken=null" name="ChangeTest3" />
      <AspNet webSiteUrl="http://localhost:7128/Aspxs/Default.aspx">
        <Host pathToWebApp="D:\Cheng\Workspace\OnlineLearningSystem\OnlineLearningSystem\OnlineLearningSystem" webAppRoot="/" />
      </AspNet>
    </UnitTest>
    <UnitTest name="ChangeTest2" storage="d:\cheng\workspace\onlinelearningsystem\onlinelearningsystem\timetasktestproject\bin\debug\timetasktestproject.dll" id="12a5b5ca-5fad-a7a1-d175-a54fd204cf1d">
      <Execution id="d696b3d8-caa4-4440-8411-aa8b923f0923" />
      <TestMethod codeBase="D:/Cheng/Workspace/OnlineLearningSystem/OnlineLearningSystem/TimeTaskTestProject/bin/Debug/TimeTaskTestProject.DLL" adapterTypeName="Microsoft.VisualStudio.TestTools.TestTypes.Unit.UnitTestAdapter, Microsoft.VisualStudio.QualityTools.Tips.UnitTest.Adapter, Version=10.0.0.0, Culture=neutral, PublicKeyToken=b03f5f7f11d50a3a" className="TimeTaskTestProject.ChangePaperTemplateStatusTest, TimeTaskTestProject, Version=1.0.0.0, Culture=neutral, PublicKeyToken=null" name="ChangeTest2" />
      <AspNet webSiteUrl="http://localhost:7128/Aspxs/Default.aspx">
        <Host pathToWebApp="D:\Cheng\Workspace\OnlineLearningSystem\OnlineLearningSystem\OnlineLearningSystem" webAppRoot="/" />
      </AspNet>
    </UnitTest>
  </TestDefinitions>
  <TestLists>
    <TestList name="所有已加载的结果" id="19431567-8539-422a-85d7-44ee4e166bda" />
    <TestList name="结果列表" id="8c43106b-9dc1-4907-a29f-aa66a61bf5b6" />
    <TestList name="ChangePaperTemplateStatusTest" id="d0bec498-8504-4422-a04a-3f5b53165dba" parentListId="8c43106b-9dc1-4907-a29f-aa66a61bf5b6">
      <TestLinks>
        <TestLink id="12a5b5ca-5fad-a7a1-d175-a54fd204cf1d" name="ChangeTest2" storage="d:\cheng\workspace\onlinelearningsystem\onlinelearningsystem\timetasktestproject\bin\debug\timetasktestproject.dll" type="Microsoft.VisualStudio.TestTools.TestTypes.Unit.UnitTestElement, Microsoft.VisualStudio.QualityTools.Tips.UnitTest.ObjectModel, Version=10.0.0.0, Culture=neutral, PublicKeyToken=b03f5f7f11d50a3a" />
        <TestLink id="fb1c8d72-d9d7-a91b-18f5-964be260cc82" name="ChangeTest3" storage="d:\cheng\workspace\onlinelearningsystem\onlinelearningsystem\timetasktestproject\bin\debug\timetasktestproject.dll" type="Microsoft.VisualStudio.TestTools.TestTypes.Unit.UnitTestElement, Microsoft.VisualStudio.QualityTools.Tips.UnitTest.ObjectModel, Version=10.0.0.0, Culture=neutral, PublicKeyToken=b03f5f7f11d50a3a" />
        <TestLink id="79ae84fc-9118-70c4-a07c-5f731bce7e4f" name="ChangeTest1" storage="d:\cheng\workspace\onlinelearningsystem\onlinelearningsystem\timetasktestproject\bin\debug\timetasktestproject.dll" type="Microsoft.VisualStudio.TestTools.TestTypes.Unit.UnitTestElement, Microsoft.VisualStudio.QualityTools.Tips.UnitTest.ObjectModel, Version=10.0.0.0, Culture=neutral, PublicKeyToken=b03f5f7f11d50a3a" />
      </TestLinks>
    </TestList>
  </TestLists>
  <TestEntries>
    <TestEntry testId="12a5b5ca-5fad-a7a1-d175-a54fd204cf1d" executionId="d696b3d8-caa4-4440-8411-aa8b923f0923" testListId="d0bec498-8504-4422-a04a-3f5b53165dba" />
    <TestEntry testId="fb1c8d72-d9d7-a91b-18f5-964be260cc82" executionId="334bdfeb-7b4b-4742-b925-e9017acd6717" testListId="d0bec498-8504-4422-a04a-3f5b53165dba" />
    <TestEntry testId="79ae84fc-9118-70c4-a07c-5f731bce7e4f" executionId="4e9c4df5-937b-40c2-8844-035863ef1202" testListId="d0bec498-8504-4422-a04a-3f5b53165dba" />
  </TestEntries>
  <Results>
    <UnitTestResult executionId="d696b3d8-caa4-4440-8411-aa8b923f0923" testId="12a5b5ca-5fad-a7a1-d175-a54fd204cf1d" testName="ChangeTest2" computerName="CHENGVMWIN7X641" duration="00:00:11.1870400" startTime="2016-01-25T15:34:39.4013759+08:00" endTime="2016-01-25T15:34:51.3650602+08:00" testType="13cdc9d9-ddb5-4fa4-a97d-d965ccfc6d4b" outcome="Passed" testListId="d0bec498-8504-4422-a04a-3f5b53165dba" relativeResultsDirectory="d696b3d8-caa4-4440-8411-aa8b923f0923">
      <Output>
        <DebugTrace>“清除考试任务”操作返回 0 。
“清除考试任务”操作返回 17 。
</DebugTrace>
      </Output>
    </UnitTestResult>
    <UnitTestResult executionId="334bdfeb-7b4b-4742-b925-e9017acd6717" testId="fb1c8d72-d9d7-a91b-18f5-964be260cc82" testName="ChangeTest3" computerName="CHENGVMWIN7X641" duration="00:01:15.2587495" startTime="2016-01-25T15:34:51.3670603+08:00" endTime="2016-01-25T15:36:06.6673672+08:00" testType="13cdc9d9-ddb5-4fa4-a97d-d965ccfc6d4b" outcome="Passed" testListId="d0bec498-8504-4422-a04a-3f5b53165dba" relativeResultsDirectory="334bdfeb-7b4b-4742-b925-e9017acd6717">
      <Output>
        <DebugTrace>“清除考试任务”操作返回 0 。
“清除考试任务”操作返回 17 。
</DebugTrace>
      </Output>
    </UnitTestResult>
    <UnitTestResult executionId="4e9c4df5-937b-40c2-8844-035863ef1202" testId="79ae84fc-9118-70c4-a07c-5f731bce7e4f" testName="ChangeTest1" computerName="CHENGVMWIN7X641" duration="00:00:10.4516364" startTime="2016-01-25T15:36:06.6693673+08:00" endTime="2016-01-25T15:36:17.1699679+08:00" testType="13cdc9d9-ddb5-4fa4-a97d-d965ccfc6d4b" outcome="Passed" testListId="d0bec498-8504-4422-a04a-3f5b53165dba" relativeResultsDirectory="4e9c4df5-937b-40c2-8844-035863ef1202">
      <Output>
        <DebugTrace>“清除考试任务”操作返回 0 。
“清除考试任务”操作返回 34 。
</DebugTrace>
      </Output>
    </UnitTestResult>
  </Results>
</TestRun>