<?xml version="1.0" encoding="UTF-8"?>
<TestRun id="bf8d92cc-7a22-49e4-96d4-39f31eb7836d" name="DEV@CHENGVMWIN7X641 2016-01-29 17:44:41" runUser="CHENGVMWIN7X641\DEV" xmlns="http://microsoft.com/schemas/VisualStudio/TeamTest/2010">
  <TestSettings name="本地" id="fb35cadf-f513-4997-8927-662f65f1d0dd">
    <Description>这些设置为本地测试运行的默认测试设置。</Description>
    <Deployment enabled="false" runDeploymentRoot="DEV_CHENGVMWIN7X641 2016-01-29 17_44_41">
      <DeploymentItem filename="D:\Cheng\Workspace\OnlineLearningSystem\OnlineLearningSystem\OnlineLearningSystem\Content\lib\ueditor\1.4.3\net\Bin\Newtonsoft.Json.dll" />
      <DeploymentItem filename="D:\Cheng\Workspace\OnlineLearningSystem\OnlineLearningSystem\packages\EntityFramework.4.1.10331.0\lib\EntityFramework.dll" />
      <DeploymentItem filename="D:\Cheng\Workspace\OnlineLearningSystem\OnlineLearningSystem\OnlineLearningSystem\bin\OnlineLearningSystem.dll" />
    </Deployment>
    <Execution>
      <TestTypeSpecific />
      <AgentRule name="Execution Agents">
      </AgentRule>
    </Execution>
  </TestSettings>
  <Times creation="2016-01-29T17:44:41.5560559+08:00" queuing="2016-01-29T17:44:41.6380606+08:00" start="2016-01-29T17:44:41.6470611+08:00" finish="2016-01-29T17:44:45.7652967+08:00" />
  <ResultSummary outcome="Warning">
    <Counters total="15" executed="15" passed="15" error="0" failed="0" timeout="0" aborted="0" inconclusive="0" passedButRunAborted="0" notRunnable="0" notExecuted="0" disconnected="0" warning="0" completed="0" inProgress="0" pending="0" />
    <RunInfos>
      <RunInfo computerName="CHENGVMWIN7X641" outcome="Warning" timestamp="2016-01-29T17:44:41.6380606+08:00">
        <Text>当前已禁用部署。未部署测试“TimeTaskTestProject.GeneratePaperTemplateTest.WhetherGenerateTest1”中的部署项“OnlineLearningSystem.dll”。</Text>
      </RunInfo>
    </RunInfos>
  </ResultSummary>
  <TestDefinitions>
    <UnitTest name="WhetherGenerateTest1" storage="d:\cheng\workspace\onlinelearningsystem\onlinelearningsystem\timetasktestproject\bin\debug\timetasktestproject.dll" id="a2677fa3-1377-b1d6-2dc3-a05016706a73">
      <DeploymentItems>
        <DeploymentItem filename="OnlineLearningSystem.dll" />
      </DeploymentItems>
      <Execution id="771b5e2a-da1d-492b-a91b-738c6c31c497" />
      <TestMethod codeBase="D:/Cheng/Workspace/OnlineLearningSystem/OnlineLearningSystem/TimeTaskTestProject/bin/Debug/TimeTaskTestProject.DLL" adapterTypeName="Microsoft.VisualStudio.TestTools.TestTypes.Unit.UnitTestAdapter, Microsoft.VisualStudio.QualityTools.Tips.UnitTest.Adapter, Version=10.0.0.0, Culture=neutral, PublicKeyToken=b03f5f7f11d50a3a" className="TimeTaskTestProject.GeneratePaperTemplateTest, TimeTaskTestProject, Version=1.0.0.0, Culture=neutral, PublicKeyToken=null" name="WhetherGenerateTest1" />
      <AspNet webSiteUrl="http://localhost:7128/Aspxs/Default.aspx">
        <Host pathToWebApp="D:\Cheng\Workspace\OnlineLearningSystem\OnlineLearningSystem\OnlineLearningSystem" webAppRoot="/" />
      </AspNet>
    </UnitTest>
    <UnitTest name="GenerateWithNumberTest" storage="d:\cheng\workspace\onlinelearningsystem\onlinelearningsystem\timetasktestproject\bin\debug\timetasktestproject.dll" id="c85eca0d-57bf-7079-7304-0bd2a4786b8e">
      <DeploymentItems>
        <DeploymentItem filename="OnlineLearningSystem.dll" />
      </DeploymentItems>
      <Execution id="8608b384-49c8-4604-ae91-39eba3c12971" />
      <TestMethod codeBase="D:/Cheng/Workspace/OnlineLearningSystem/OnlineLearningSystem/TimeTaskTestProject/bin/Debug/TimeTaskTestProject.DLL" adapterTypeName="Microsoft.VisualStudio.TestTools.TestTypes.Unit.UnitTestAdapter, Microsoft.VisualStudio.QualityTools.Tips.UnitTest.Adapter, Version=10.0.0.0, Culture=neutral, PublicKeyToken=b03f5f7f11d50a3a" className="TimeTaskTestProject.GeneratePaperTemplateTest, TimeTaskTestProject, Version=1.0.0.0, Culture=neutral, PublicKeyToken=null" name="GenerateWithNumberTest" />
      <AspNet webSiteUrl="http://localhost:7128/Aspxs/Default.aspx">
        <Host pathToWebApp="D:\Cheng\Workspace\OnlineLearningSystem\OnlineLearningSystem\OnlineLearningSystem" webAppRoot="/" />
      </AspNet>
    </UnitTest>
    <UnitTest name="GenerateEtTest" storage="d:\cheng\workspace\onlinelearningsystem\onlinelearningsystem\timetasktestproject\bin\debug\timetasktestproject.dll" id="c72c12d9-0323-9dc4-697e-9922a29328d3">
      <DeploymentItems>
        <DeploymentItem filename="OnlineLearningSystem.dll" />
      </DeploymentItems>
      <Execution id="2b88b137-44f5-48b9-a99c-82e1d4d7ae19" />
      <TestMethod codeBase="D:/Cheng/Workspace/OnlineLearningSystem/OnlineLearningSystem/TimeTaskTestProject/bin/Debug/TimeTaskTestProject.DLL" adapterTypeName="Microsoft.VisualStudio.TestTools.TestTypes.Unit.UnitTestAdapter, Microsoft.VisualStudio.QualityTools.Tips.UnitTest.Adapter, Version=10.0.0.0, Culture=neutral, PublicKeyToken=b03f5f7f11d50a3a" className="TimeTaskTestProject.GeneratePaperTemplateTest, TimeTaskTestProject, Version=1.0.0.0, Culture=neutral, PublicKeyToken=null" name="GenerateEtTest" />
      <AspNet webSiteUrl="http://localhost:7128/Aspxs/Default.aspx">
        <Host pathToWebApp="D:\Cheng\Workspace\OnlineLearningSystem\OnlineLearningSystem\OnlineLearningSystem" webAppRoot="/" />
      </AspNet>
    </UnitTest>
    <UnitTest name="WhetherGenerateTest3" storage="d:\cheng\workspace\onlinelearningsystem\onlinelearningsystem\timetasktestproject\bin\debug\timetasktestproject.dll" id="eb718d0c-eda5-9bad-4269-872ef048b027">
      <DeploymentItems>
        <DeploymentItem filename="OnlineLearningSystem.dll" />
      </DeploymentItems>
      <Execution id="9100d432-e298-42aa-8bd3-fd8f136f7834" />
      <TestMethod codeBase="D:/Cheng/Workspace/OnlineLearningSystem/OnlineLearningSystem/TimeTaskTestProject/bin/Debug/TimeTaskTestProject.DLL" adapterTypeName="Microsoft.VisualStudio.TestTools.TestTypes.Unit.UnitTestAdapter, Microsoft.VisualStudio.QualityTools.Tips.UnitTest.Adapter, Version=10.0.0.0, Culture=neutral, PublicKeyToken=b03f5f7f11d50a3a" className="TimeTaskTestProject.GeneratePaperTemplateTest, TimeTaskTestProject, Version=1.0.0.0, Culture=neutral, PublicKeyToken=null" name="WhetherGenerateTest3" />
      <AspNet webSiteUrl="http://localhost:7128/Aspxs/Default.aspx">
        <Host pathToWebApp="D:\Cheng\Workspace\OnlineLearningSystem\OnlineLearningSystem\OnlineLearningSystem" webAppRoot="/" />
      </AspNet>
    </UnitTest>
    <UnitTest name="WhetherGenerateTest2_1" storage="d:\cheng\workspace\onlinelearningsystem\onlinelearningsystem\timetasktestproject\bin\debug\timetasktestproject.dll" id="e150f346-bff2-8c91-1bd8-7c64841e8bdc">
      <DeploymentItems>
        <DeploymentItem filename="OnlineLearningSystem.dll" />
      </DeploymentItems>
      <Execution id="07636338-63ff-441f-b6b9-57e2ebcf125f" />
      <TestMethod codeBase="D:/Cheng/Workspace/OnlineLearningSystem/OnlineLearningSystem/TimeTaskTestProject/bin/Debug/TimeTaskTestProject.DLL" adapterTypeName="Microsoft.VisualStudio.TestTools.TestTypes.Unit.UnitTestAdapter, Microsoft.VisualStudio.QualityTools.Tips.UnitTest.Adapter, Version=10.0.0.0, Culture=neutral, PublicKeyToken=b03f5f7f11d50a3a" className="TimeTaskTestProject.GeneratePaperTemplateTest, TimeTaskTestProject, Version=1.0.0.0, Culture=neutral, PublicKeyToken=null" name="WhetherGenerateTest2_1" />
      <AspNet webSiteUrl="http://localhost:7128/Aspxs/Default.aspx">
        <Host pathToWebApp="D:\Cheng\Workspace\OnlineLearningSystem\OnlineLearningSystem\OnlineLearningSystem" webAppRoot="/" />
      </AspNet>
    </UnitTest>
    <UnitTest name="GenerateWithScoreTest" storage="d:\cheng\workspace\onlinelearningsystem\onlinelearningsystem\timetasktestproject\bin\debug\timetasktestproject.dll" id="cd55069d-13a4-c03f-790f-0cf9afc1d87a">
      <DeploymentItems>
        <DeploymentItem filename="OnlineLearningSystem.dll" />
      </DeploymentItems>
      <Execution id="51916465-6fa2-4690-b73c-1972e1ed9fa0" />
      <TestMethod codeBase="D:/Cheng/Workspace/OnlineLearningSystem/OnlineLearningSystem/TimeTaskTestProject/bin/Debug/TimeTaskTestProject.DLL" adapterTypeName="Microsoft.VisualStudio.TestTools.TestTypes.Unit.UnitTestAdapter, Microsoft.VisualStudio.QualityTools.Tips.UnitTest.Adapter, Version=10.0.0.0, Culture=neutral, PublicKeyToken=b03f5f7f11d50a3a" className="TimeTaskTestProject.GeneratePaperTemplateTest, TimeTaskTestProject, Version=1.0.0.0, Culture=neutral, PublicKeyToken=null" name="GenerateWithScoreTest" />
      <AspNet webSiteUrl="http://localhost:7128/Aspxs/Default.aspx">
        <Host pathToWebApp="D:\Cheng\Workspace\OnlineLearningSystem\OnlineLearningSystem\OnlineLearningSystem" webAppRoot="/" />
      </AspNet>
    </UnitTest>
    <UnitTest name="SelectQuestionsWithNumberTest" storage="d:\cheng\workspace\onlinelearningsystem\onlinelearningsystem\timetasktestproject\bin\debug\timetasktestproject.dll" id="0b1f85d3-9a29-f28e-5f2f-aa36057efe13">
      <DeploymentItems>
        <DeploymentItem filename="OnlineLearningSystem.dll" />
      </DeploymentItems>
      <Execution id="d67e5604-8c01-4cf9-b509-b54c8eb9ef78" />
      <TestMethod codeBase="D:/Cheng/Workspace/OnlineLearningSystem/OnlineLearningSystem/TimeTaskTestProject/bin/Debug/TimeTaskTestProject.DLL" adapterTypeName="Microsoft.VisualStudio.TestTools.TestTypes.Unit.UnitTestAdapter, Microsoft.VisualStudio.QualityTools.Tips.UnitTest.Adapter, Version=10.0.0.0, Culture=neutral, PublicKeyToken=b03f5f7f11d50a3a" className="TimeTaskTestProject.GeneratePaperTemplateTest, TimeTaskTestProject, Version=1.0.0.0, Culture=neutral, PublicKeyToken=null" name="SelectQuestionsWithNumberTest" />
      <AspNet webSiteUrl="http://localhost:7128/Aspxs/Default.aspx">
        <Host pathToWebApp="D:\Cheng\Workspace\OnlineLearningSystem\OnlineLearningSystem\OnlineLearningSystem" webAppRoot="/" />
      </AspNet>
    </UnitTest>
    <UnitTest name="AdjustRatiosTest" storage="d:\cheng\workspace\onlinelearningsystem\onlinelearningsystem\timetasktestproject\bin\debug\timetasktestproject.dll" id="0fa5c02a-7974-1c0b-5aa5-899cb032ce09">
      <DeploymentItems>
        <DeploymentItem filename="OnlineLearningSystem.dll" />
      </DeploymentItems>
      <Execution id="483c2ac5-6d87-4e3b-9139-e0a4c3f7f5ff" />
      <TestMethod codeBase="D:/Cheng/Workspace/OnlineLearningSystem/OnlineLearningSystem/TimeTaskTestProject/bin/Debug/TimeTaskTestProject.DLL" adapterTypeName="Microsoft.VisualStudio.TestTools.TestTypes.Unit.UnitTestAdapter, Microsoft.VisualStudio.QualityTools.Tips.UnitTest.Adapter, Version=10.0.0.0, Culture=neutral, PublicKeyToken=b03f5f7f11d50a3a" className="TimeTaskTestProject.GeneratePaperTemplateTest, TimeTaskTestProject, Version=1.0.0.0, Culture=neutral, PublicKeyToken=null" name="AdjustRatiosTest" />
      <AspNet webSiteUrl="http://localhost:7128/Aspxs/Default.aspx">
        <Host pathToWebApp="D:\Cheng\Workspace\OnlineLearningSystem\OnlineLearningSystem\OnlineLearningSystem" webAppRoot="/" />
      </AspNet>
    </UnitTest>
    <UnitTest name="SelectQuestionsWithScoreTest" storage="d:\cheng\workspace\onlinelearningsystem\onlinelearningsystem\timetasktestproject\bin\debug\timetasktestproject.dll" id="f55598dc-aeee-d46d-9d65-39c063ae5aec">
      <DeploymentItems>
        <DeploymentItem filename="OnlineLearningSystem.dll" />
      </DeploymentItems>
      <Execution id="868c3e64-7205-45cc-8181-4edb99b19219" />
      <TestMethod codeBase="D:/Cheng/Workspace/OnlineLearningSystem/OnlineLearningSystem/TimeTaskTestProject/bin/Debug/TimeTaskTestProject.DLL" adapterTypeName="Microsoft.VisualStudio.TestTools.TestTypes.Unit.UnitTestAdapter, Microsoft.VisualStudio.QualityTools.Tips.UnitTest.Adapter, Version=10.0.0.0, Culture=neutral, PublicKeyToken=b03f5f7f11d50a3a" className="TimeTaskTestProject.GeneratePaperTemplateTest, TimeTaskTestProject, Version=1.0.0.0, Culture=neutral, PublicKeyToken=null" name="SelectQuestionsWithScoreTest" />
      <AspNet webSiteUrl="http://localhost:7128/Aspxs/Default.aspx">
        <Host pathToWebApp="D:\Cheng\Workspace\OnlineLearningSystem\OnlineLearningSystem\OnlineLearningSystem" webAppRoot="/" />
      </AspNet>
    </UnitTest>
    <UnitTest name="WhetherGenerateTest2" storage="d:\cheng\workspace\onlinelearningsystem\onlinelearningsystem\timetasktestproject\bin\debug\timetasktestproject.dll" id="5507b68c-3825-9d01-fb80-52ee158e2ed4">
      <DeploymentItems>
        <DeploymentItem filename="OnlineLearningSystem.dll" />
      </DeploymentItems>
      <Execution id="30a6d706-e1be-4f83-b080-a1287ccc664a" />
      <TestMethod codeBase="D:/Cheng/Workspace/OnlineLearningSystem/OnlineLearningSystem/TimeTaskTestProject/bin/Debug/TimeTaskTestProject.DLL" adapterTypeName="Microsoft.VisualStudio.TestTools.TestTypes.Unit.UnitTestAdapter, Microsoft.VisualStudio.QualityTools.Tips.UnitTest.Adapter, Version=10.0.0.0, Culture=neutral, PublicKeyToken=b03f5f7f11d50a3a" className="TimeTaskTestProject.GeneratePaperTemplateTest, TimeTaskTestProject, Version=1.0.0.0, Culture=neutral, PublicKeyToken=null" name="WhetherGenerateTest2" />
      <AspNet webSiteUrl="http://localhost:7128/Aspxs/Default.aspx">
        <Host pathToWebApp="D:\Cheng\Workspace\OnlineLearningSystem\OnlineLearningSystem\OnlineLearningSystem" webAppRoot="/" />
      </AspNet>
    </UnitTest>
    <UnitTest name="GenerateTest" storage="d:\cheng\workspace\onlinelearningsystem\onlinelearningsystem\timetasktestproject\bin\debug\timetasktestproject.dll" id="2ff07b81-5f76-3e1f-3d27-8cb33a5fa1fc">
      <DeploymentItems>
        <DeploymentItem filename="OnlineLearningSystem.dll" />
      </DeploymentItems>
      <Execution id="d3aecd57-9e6c-40dc-8617-c0916ba19f1a" />
      <TestMethod codeBase="D:/Cheng/Workspace/OnlineLearningSystem/OnlineLearningSystem/TimeTaskTestProject/bin/Debug/TimeTaskTestProject.DLL" adapterTypeName="Microsoft.VisualStudio.TestTools.TestTypes.Unit.UnitTestAdapter, Microsoft.VisualStudio.QualityTools.Tips.UnitTest.Adapter, Version=10.0.0.0, Culture=neutral, PublicKeyToken=b03f5f7f11d50a3a" className="TimeTaskTestProject.GeneratePaperTemplateTest, TimeTaskTestProject, Version=1.0.0.0, Culture=neutral, PublicKeyToken=null" name="GenerateTest" />
      <AspNet webSiteUrl="http://localhost:7128/Aspxs/Default.aspx">
        <Host pathToWebApp="D:\Cheng\Workspace\OnlineLearningSystem\OnlineLearningSystem\OnlineLearningSystem" webAppRoot="/" />
      </AspNet>
    </UnitTest>
    <UnitTest name="WhetherGenerateTest3_1" storage="d:\cheng\workspace\onlinelearningsystem\onlinelearningsystem\timetasktestproject\bin\debug\timetasktestproject.dll" id="ce228dcf-67a5-e47c-a682-9256b0ba2107">
      <DeploymentItems>
        <DeploymentItem filename="OnlineLearningSystem.dll" />
      </DeploymentItems>
      <Execution id="16438465-c2ba-487e-8f12-22e3a063519e" />
      <TestMethod codeBase="D:/Cheng/Workspace/OnlineLearningSystem/OnlineLearningSystem/TimeTaskTestProject/bin/Debug/TimeTaskTestProject.DLL" adapterTypeName="Microsoft.VisualStudio.TestTools.TestTypes.Unit.UnitTestAdapter, Microsoft.VisualStudio.QualityTools.Tips.UnitTest.Adapter, Version=10.0.0.0, Culture=neutral, PublicKeyToken=b03f5f7f11d50a3a" className="TimeTaskTestProject.GeneratePaperTemplateTest, TimeTaskTestProject, Version=1.0.0.0, Culture=neutral, PublicKeyToken=null" name="WhetherGenerateTest3_1" />
      <AspNet webSiteUrl="http://localhost:7128/Aspxs/Default.aspx">
        <Host pathToWebApp="D:\Cheng\Workspace\OnlineLearningSystem\OnlineLearningSystem\OnlineLearningSystem" webAppRoot="/" />
      </AspNet>
    </UnitTest>
    <UnitTest name="WhetherGenerateTest1_1" storage="d:\cheng\workspace\onlinelearningsystem\onlinelearningsystem\timetasktestproject\bin\debug\timetasktestproject.dll" id="7d14e896-764f-1c1a-04c1-0ab31ece422a">
      <DeploymentItems>
        <DeploymentItem filename="OnlineLearningSystem.dll" />
      </DeploymentItems>
      <Execution id="7e36b914-08cd-410b-95b5-ef0da4c1f731" />
      <TestMethod codeBase="D:/Cheng/Workspace/OnlineLearningSystem/OnlineLearningSystem/TimeTaskTestProject/bin/Debug/TimeTaskTestProject.DLL" adapterTypeName="Microsoft.VisualStudio.TestTools.TestTypes.Unit.UnitTestAdapter, Microsoft.VisualStudio.QualityTools.Tips.UnitTest.Adapter, Version=10.0.0.0, Culture=neutral, PublicKeyToken=b03f5f7f11d50a3a" className="TimeTaskTestProject.GeneratePaperTemplateTest, TimeTaskTestProject, Version=1.0.0.0, Culture=neutral, PublicKeyToken=null" name="WhetherGenerateTest1_1" />
      <AspNet webSiteUrl="http://localhost:7128/Aspxs/Default.aspx">
        <Host pathToWebApp="D:\Cheng\Workspace\OnlineLearningSystem\OnlineLearningSystem\OnlineLearningSystem" webAppRoot="/" />
      </AspNet>
    </UnitTest>
    <UnitTest name="WhetherGenerateTest1_2" storage="d:\cheng\workspace\onlinelearningsystem\onlinelearningsystem\timetasktestproject\bin\debug\timetasktestproject.dll" id="900cb099-340c-65ad-316c-a0ce6dcd4a19">
      <DeploymentItems>
        <DeploymentItem filename="OnlineLearningSystem.dll" />
      </DeploymentItems>
      <Execution id="723e8218-c324-4128-8d5c-be4ca3e5f47c" />
      <TestMethod codeBase="D:/Cheng/Workspace/OnlineLearningSystem/OnlineLearningSystem/TimeTaskTestProject/bin/Debug/TimeTaskTestProject.DLL" adapterTypeName="Microsoft.VisualStudio.TestTools.TestTypes.Unit.UnitTestAdapter, Microsoft.VisualStudio.QualityTools.Tips.UnitTest.Adapter, Version=10.0.0.0, Culture=neutral, PublicKeyToken=b03f5f7f11d50a3a" className="TimeTaskTestProject.GeneratePaperTemplateTest, TimeTaskTestProject, Version=1.0.0.0, Culture=neutral, PublicKeyToken=null" name="WhetherGenerateTest1_2" />
      <AspNet webSiteUrl="http://localhost:7128/Aspxs/Default.aspx">
        <Host pathToWebApp="D:\Cheng\Workspace\OnlineLearningSystem\OnlineLearningSystem\OnlineLearningSystem" webAppRoot="/" />
      </AspNet>
    </UnitTest>
    <UnitTest name="GetQuestionsTest" storage="d:\cheng\workspace\onlinelearningsystem\onlinelearningsystem\timetasktestproject\bin\debug\timetasktestproject.dll" id="b7d46d0c-579a-5f1e-4a2e-9e8ffd6a1ecd">
      <DeploymentItems>
        <DeploymentItem filename="OnlineLearningSystem.dll" />
      </DeploymentItems>
      <Execution id="71f99fc8-051e-4dd6-aa9e-737d654bdd35" />
      <TestMethod codeBase="D:/Cheng/Workspace/OnlineLearningSystem/OnlineLearningSystem/TimeTaskTestProject/bin/Debug/TimeTaskTestProject.DLL" adapterTypeName="Microsoft.VisualStudio.TestTools.TestTypes.Unit.UnitTestAdapter, Microsoft.VisualStudio.QualityTools.Tips.UnitTest.Adapter, Version=10.0.0.0, Culture=neutral, PublicKeyToken=b03f5f7f11d50a3a" className="TimeTaskTestProject.GeneratePaperTemplateTest, TimeTaskTestProject, Version=1.0.0.0, Culture=neutral, PublicKeyToken=null" name="GetQuestionsTest" />
      <AspNet webSiteUrl="http://localhost:7128/Aspxs/Default.aspx">
        <Host pathToWebApp="D:\Cheng\Workspace\OnlineLearningSystem\OnlineLearningSystem\OnlineLearningSystem" webAppRoot="/" />
      </AspNet>
    </UnitTest>
  </TestDefinitions>
  <TestLists>
    <TestList name="所有已加载的结果" id="19431567-8539-422a-85d7-44ee4e166bda" />
    <TestList name="结果列表" id="8c43106b-9dc1-4907-a29f-aa66a61bf5b6" />
    <TestList name="GeneratePaperTemplateTest" id="d706afe2-eed9-40f5-bc01-6b93866f5223" parentListId="8c43106b-9dc1-4907-a29f-aa66a61bf5b6">
      <TestLinks>
        <TestLink id="7d14e896-764f-1c1a-04c1-0ab31ece422a" name="WhetherGenerateTest1_1" storage="d:\cheng\workspace\onlinelearningsystem\onlinelearningsystem\timetasktestproject\bin\debug\timetasktestproject.dll" type="Microsoft.VisualStudio.TestTools.TestTypes.Unit.UnitTestElement, Microsoft.VisualStudio.QualityTools.Tips.UnitTest.ObjectModel, Version=10.0.0.0, Culture=neutral, PublicKeyToken=b03f5f7f11d50a3a" />
        <TestLink id="ce228dcf-67a5-e47c-a682-9256b0ba2107" name="WhetherGenerateTest3_1" storage="d:\cheng\workspace\onlinelearningsystem\onlinelearningsystem\timetasktestproject\bin\debug\timetasktestproject.dll" type="Microsoft.VisualStudio.TestTools.TestTypes.Unit.UnitTestElement, Microsoft.VisualStudio.QualityTools.Tips.UnitTest.ObjectModel, Version=10.0.0.0, Culture=neutral, PublicKeyToken=b03f5f7f11d50a3a" />
        <TestLink id="eb718d0c-eda5-9bad-4269-872ef048b027" name="WhetherGenerateTest3" storage="d:\cheng\workspace\onlinelearningsystem\onlinelearningsystem\timetasktestproject\bin\debug\timetasktestproject.dll" type="Microsoft.VisualStudio.TestTools.TestTypes.Unit.UnitTestElement, Microsoft.VisualStudio.QualityTools.Tips.UnitTest.ObjectModel, Version=10.0.0.0, Culture=neutral, PublicKeyToken=b03f5f7f11d50a3a" />
        <TestLink id="cd55069d-13a4-c03f-790f-0cf9afc1d87a" name="GenerateWithScoreTest" storage="d:\cheng\workspace\onlinelearningsystem\onlinelearningsystem\timetasktestproject\bin\debug\timetasktestproject.dll" type="Microsoft.VisualStudio.TestTools.TestTypes.Unit.UnitTestElement, Microsoft.VisualStudio.QualityTools.Tips.UnitTest.ObjectModel, Version=10.0.0.0, Culture=neutral, PublicKeyToken=b03f5f7f11d50a3a" />
        <TestLink id="5507b68c-3825-9d01-fb80-52ee158e2ed4" name="WhetherGenerateTest2" storage="d:\cheng\workspace\onlinelearningsystem\onlinelearningsystem\timetasktestproject\bin\debug\timetasktestproject.dll" type="Microsoft.VisualStudio.TestTools.TestTypes.Unit.UnitTestElement, Microsoft.VisualStudio.QualityTools.Tips.UnitTest.ObjectModel, Version=10.0.0.0, Culture=neutral, PublicKeyToken=b03f5f7f11d50a3a" />
        <TestLink id="c85eca0d-57bf-7079-7304-0bd2a4786b8e" name="GenerateWithNumberTest" storage="d:\cheng\workspace\onlinelearningsystem\onlinelearningsystem\timetasktestproject\bin\debug\timetasktestproject.dll" type="Microsoft.VisualStudio.TestTools.TestTypes.Unit.UnitTestElement, Microsoft.VisualStudio.QualityTools.Tips.UnitTest.ObjectModel, Version=10.0.0.0, Culture=neutral, PublicKeyToken=b03f5f7f11d50a3a" />
        <TestLink id="0fa5c02a-7974-1c0b-5aa5-899cb032ce09" name="AdjustRatiosTest" storage="d:\cheng\workspace\onlinelearningsystem\onlinelearningsystem\timetasktestproject\bin\debug\timetasktestproject.dll" type="Microsoft.VisualStudio.TestTools.TestTypes.Unit.UnitTestElement, Microsoft.VisualStudio.QualityTools.Tips.UnitTest.ObjectModel, Version=10.0.0.0, Culture=neutral, PublicKeyToken=b03f5f7f11d50a3a" />
        <TestLink id="b7d46d0c-579a-5f1e-4a2e-9e8ffd6a1ecd" name="GetQuestionsTest" storage="d:\cheng\workspace\onlinelearningsystem\onlinelearningsystem\timetasktestproject\bin\debug\timetasktestproject.dll" type="Microsoft.VisualStudio.TestTools.TestTypes.Unit.UnitTestElement, Microsoft.VisualStudio.QualityTools.Tips.UnitTest.ObjectModel, Version=10.0.0.0, Culture=neutral, PublicKeyToken=b03f5f7f11d50a3a" />
        <TestLink id="900cb099-340c-65ad-316c-a0ce6dcd4a19" name="WhetherGenerateTest1_2" storage="d:\cheng\workspace\onlinelearningsystem\onlinelearningsystem\timetasktestproject\bin\debug\timetasktestproject.dll" type="Microsoft.VisualStudio.TestTools.TestTypes.Unit.UnitTestElement, Microsoft.VisualStudio.QualityTools.Tips.UnitTest.ObjectModel, Version=10.0.0.0, Culture=neutral, PublicKeyToken=b03f5f7f11d50a3a" />
        <TestLink id="c72c12d9-0323-9dc4-697e-9922a29328d3" name="GenerateEtTest" storage="d:\cheng\workspace\onlinelearningsystem\onlinelearningsystem\timetasktestproject\bin\debug\timetasktestproject.dll" type="Microsoft.VisualStudio.TestTools.TestTypes.Unit.UnitTestElement, Microsoft.VisualStudio.QualityTools.Tips.UnitTest.ObjectModel, Version=10.0.0.0, Culture=neutral, PublicKeyToken=b03f5f7f11d50a3a" />
        <TestLink id="a2677fa3-1377-b1d6-2dc3-a05016706a73" name="WhetherGenerateTest1" storage="d:\cheng\workspace\onlinelearningsystem\onlinelearningsystem\timetasktestproject\bin\debug\timetasktestproject.dll" type="Microsoft.VisualStudio.TestTools.TestTypes.Unit.UnitTestElement, Microsoft.VisualStudio.QualityTools.Tips.UnitTest.ObjectModel, Version=10.0.0.0, Culture=neutral, PublicKeyToken=b03f5f7f11d50a3a" />
        <TestLink id="0b1f85d3-9a29-f28e-5f2f-aa36057efe13" name="SelectQuestionsWithNumberTest" storage="d:\cheng\workspace\onlinelearningsystem\onlinelearningsystem\timetasktestproject\bin\debug\timetasktestproject.dll" type="Microsoft.VisualStudio.TestTools.TestTypes.Unit.UnitTestElement, Microsoft.VisualStudio.QualityTools.Tips.UnitTest.ObjectModel, Version=10.0.0.0, Culture=neutral, PublicKeyToken=b03f5f7f11d50a3a" />
        <TestLink id="2ff07b81-5f76-3e1f-3d27-8cb33a5fa1fc" name="GenerateTest" storage="d:\cheng\workspace\onlinelearningsystem\onlinelearningsystem\timetasktestproject\bin\debug\timetasktestproject.dll" type="Microsoft.VisualStudio.TestTools.TestTypes.Unit.UnitTestElement, Microsoft.VisualStudio.QualityTools.Tips.UnitTest.ObjectModel, Version=10.0.0.0, Culture=neutral, PublicKeyToken=b03f5f7f11d50a3a" />
        <TestLink id="f55598dc-aeee-d46d-9d65-39c063ae5aec" name="SelectQuestionsWithScoreTest" storage="d:\cheng\workspace\onlinelearningsystem\onlinelearningsystem\timetasktestproject\bin\debug\timetasktestproject.dll" type="Microsoft.VisualStudio.TestTools.TestTypes.Unit.UnitTestElement, Microsoft.VisualStudio.QualityTools.Tips.UnitTest.ObjectModel, Version=10.0.0.0, Culture=neutral, PublicKeyToken=b03f5f7f11d50a3a" />
        <TestLink id="e150f346-bff2-8c91-1bd8-7c64841e8bdc" name="WhetherGenerateTest2_1" storage="d:\cheng\workspace\onlinelearningsystem\onlinelearningsystem\timetasktestproject\bin\debug\timetasktestproject.dll" type="Microsoft.VisualStudio.TestTools.TestTypes.Unit.UnitTestElement, Microsoft.VisualStudio.QualityTools.Tips.UnitTest.ObjectModel, Version=10.0.0.0, Culture=neutral, PublicKeyToken=b03f5f7f11d50a3a" />
      </TestLinks>
    </TestList>
  </TestLists>
  <TestEntries>
    <TestEntry testId="ce228dcf-67a5-e47c-a682-9256b0ba2107" executionId="16438465-c2ba-487e-8f12-22e3a063519e" testListId="d706afe2-eed9-40f5-bc01-6b93866f5223" />
    <TestEntry testId="0fa5c02a-7974-1c0b-5aa5-899cb032ce09" executionId="483c2ac5-6d87-4e3b-9139-e0a4c3f7f5ff" testListId="d706afe2-eed9-40f5-bc01-6b93866f5223" />
    <TestEntry testId="e150f346-bff2-8c91-1bd8-7c64841e8bdc" executionId="07636338-63ff-441f-b6b9-57e2ebcf125f" testListId="d706afe2-eed9-40f5-bc01-6b93866f5223" />
    <TestEntry testId="b7d46d0c-579a-5f1e-4a2e-9e8ffd6a1ecd" executionId="71f99fc8-051e-4dd6-aa9e-737d654bdd35" testListId="d706afe2-eed9-40f5-bc01-6b93866f5223" />
    <TestEntry testId="0b1f85d3-9a29-f28e-5f2f-aa36057efe13" executionId="d67e5604-8c01-4cf9-b509-b54c8eb9ef78" testListId="d706afe2-eed9-40f5-bc01-6b93866f5223" />
    <TestEntry testId="a2677fa3-1377-b1d6-2dc3-a05016706a73" executionId="771b5e2a-da1d-492b-a91b-738c6c31c497" testListId="d706afe2-eed9-40f5-bc01-6b93866f5223" />
    <TestEntry testId="eb718d0c-eda5-9bad-4269-872ef048b027" executionId="9100d432-e298-42aa-8bd3-fd8f136f7834" testListId="d706afe2-eed9-40f5-bc01-6b93866f5223" />
    <TestEntry testId="f55598dc-aeee-d46d-9d65-39c063ae5aec" executionId="868c3e64-7205-45cc-8181-4edb99b19219" testListId="d706afe2-eed9-40f5-bc01-6b93866f5223" />
    <TestEntry testId="900cb099-340c-65ad-316c-a0ce6dcd4a19" executionId="723e8218-c324-4128-8d5c-be4ca3e5f47c" testListId="d706afe2-eed9-40f5-bc01-6b93866f5223" />
    <TestEntry testId="c72c12d9-0323-9dc4-697e-9922a29328d3" executionId="2b88b137-44f5-48b9-a99c-82e1d4d7ae19" testListId="d706afe2-eed9-40f5-bc01-6b93866f5223" />
    <TestEntry testId="2ff07b81-5f76-3e1f-3d27-8cb33a5fa1fc" executionId="d3aecd57-9e6c-40dc-8617-c0916ba19f1a" testListId="d706afe2-eed9-40f5-bc01-6b93866f5223" />
    <TestEntry testId="5507b68c-3825-9d01-fb80-52ee158e2ed4" executionId="30a6d706-e1be-4f83-b080-a1287ccc664a" testListId="d706afe2-eed9-40f5-bc01-6b93866f5223" />
    <TestEntry testId="7d14e896-764f-1c1a-04c1-0ab31ece422a" executionId="7e36b914-08cd-410b-95b5-ef0da4c1f731" testListId="d706afe2-eed9-40f5-bc01-6b93866f5223" />
    <TestEntry testId="c85eca0d-57bf-7079-7304-0bd2a4786b8e" executionId="8608b384-49c8-4604-ae91-39eba3c12971" testListId="d706afe2-eed9-40f5-bc01-6b93866f5223" />
    <TestEntry testId="cd55069d-13a4-c03f-790f-0cf9afc1d87a" executionId="51916465-6fa2-4690-b73c-1972e1ed9fa0" testListId="d706afe2-eed9-40f5-bc01-6b93866f5223" />
  </TestEntries>
  <Results>
    <UnitTestResult executionId="16438465-c2ba-487e-8f12-22e3a063519e" testId="ce228dcf-67a5-e47c-a682-9256b0ba2107" testName="WhetherGenerateTest3_1" computerName="CHENGVMWIN7X641" duration="00:00:00.8077224" startTime="2016-01-29T17:44:41.6570617+08:00" endTime="2016-01-29T17:44:43.4891665+08:00" testType="13cdc9d9-ddb5-4fa4-a97d-d965ccfc6d4b" outcome="Passed" testListId="d706afe2-eed9-40f5-bc01-6b93866f5223" relativeResultsDirectory="16438465-c2ba-487e-8f12-22e3a063519e">
      <Output>
        <DebugTrace>“清除考试任务”操作返回 0 。
“清除考试任务”操作返回 0 。
</DebugTrace>
      </Output>
    </UnitTestResult>
    <UnitTestResult executionId="483c2ac5-6d87-4e3b-9139-e0a4c3f7f5ff" testId="0fa5c02a-7974-1c0b-5aa5-899cb032ce09" testName="AdjustRatiosTest" computerName="CHENGVMWIN7X641" duration="00:00:00.0113480" startTime="2016-01-29T17:44:43.4911666+08:00" endTime="2016-01-29T17:44:43.5671710+08:00" testType="13cdc9d9-ddb5-4fa4-a97d-d965ccfc6d4b" outcome="Passed" testListId="d706afe2-eed9-40f5-bc01-6b93866f5223" relativeResultsDirectory="483c2ac5-6d87-4e3b-9139-e0a4c3f7f5ff">
      <Output>
        <DebugTrace>“清除考试任务”操作返回 0 。
“清除考试任务”操作返回 0 。
</DebugTrace>
      </Output>
    </UnitTestResult>
    <UnitTestResult executionId="07636338-63ff-441f-b6b9-57e2ebcf125f" testId="e150f346-bff2-8c91-1bd8-7c64841e8bdc" testName="WhetherGenerateTest2_1" computerName="CHENGVMWIN7X641" duration="00:00:00.0096688" startTime="2016-01-29T17:44:43.5691711+08:00" endTime="2016-01-29T17:44:43.6321747+08:00" testType="13cdc9d9-ddb5-4fa4-a97d-d965ccfc6d4b" outcome="Passed" testListId="d706afe2-eed9-40f5-bc01-6b93866f5223" relativeResultsDirectory="07636338-63ff-441f-b6b9-57e2ebcf125f">
      <Output>
        <DebugTrace>“清除考试任务”操作返回 0 。
“清除考试任务”操作返回 0 。
</DebugTrace>
      </Output>
    </UnitTestResult>
    <UnitTestResult executionId="71f99fc8-051e-4dd6-aa9e-737d654bdd35" testId="b7d46d0c-579a-5f1e-4a2e-9e8ffd6a1ecd" testName="GetQuestionsTest" computerName="CHENGVMWIN7X641" duration="00:00:00.1540149" startTime="2016-01-29T17:44:43.6331747+08:00" endTime="2016-01-29T17:44:43.8371864+08:00" testType="13cdc9d9-ddb5-4fa4-a97d-d965ccfc6d4b" outcome="Passed" testListId="d706afe2-eed9-40f5-bc01-6b93866f5223" relativeResultsDirectory="71f99fc8-051e-4dd6-aa9e-737d654bdd35">
      <Output>
        <DebugTrace>“清除考试任务”操作返回 0 。
“清除考试任务”操作返回 0 。
</DebugTrace>
      </Output>
    </UnitTestResult>
    <UnitTestResult executionId="d67e5604-8c01-4cf9-b509-b54c8eb9ef78" testId="0b1f85d3-9a29-f28e-5f2f-aa36057efe13" testName="SelectQuestionsWithNumberTest" computerName="CHENGVMWIN7X641" duration="00:00:00.0312091" startTime="2016-01-29T17:44:43.8391865+08:00" endTime="2016-01-29T17:44:43.9241914+08:00" testType="13cdc9d9-ddb5-4fa4-a97d-d965ccfc6d4b" outcome="Passed" testListId="d706afe2-eed9-40f5-bc01-6b93866f5223" relativeResultsDirectory="d67e5604-8c01-4cf9-b509-b54c8eb9ef78">
      <Output>
        <DebugTrace>“清除考试任务”操作返回 0 。
试题类型：单选题；现有数量：1；需要数量：20。
------------------------------
Question Type:
    单选题
    单选题
    单选题
    多选题
    多选题
    多选题
    判断题
    判断题
    判断题
    判断题
------------------------------
“清除考试任务”操作返回 0 。
</DebugTrace>
      </Output>
    </UnitTestResult>
    <UnitTestResult executionId="771b5e2a-da1d-492b-a91b-738c6c31c497" testId="a2677fa3-1377-b1d6-2dc3-a05016706a73" testName="WhetherGenerateTest1" computerName="CHENGVMWIN7X641" duration="00:00:00.0134114" startTime="2016-01-29T17:44:43.9251914+08:00" endTime="2016-01-29T17:44:43.9951954+08:00" testType="13cdc9d9-ddb5-4fa4-a97d-d965ccfc6d4b" outcome="Passed" testListId="d706afe2-eed9-40f5-bc01-6b93866f5223" relativeResultsDirectory="771b5e2a-da1d-492b-a91b-738c6c31c497">
      <Output>
        <DebugTrace>“清除考试任务”操作返回 0 。
“清除考试任务”操作返回 0 。
</DebugTrace>
      </Output>
    </UnitTestResult>
    <UnitTestResult executionId="9100d432-e298-42aa-8bd3-fd8f136f7834" testId="eb718d0c-eda5-9bad-4269-872ef048b027" testName="WhetherGenerateTest3" computerName="CHENGVMWIN7X641" duration="00:00:00.0106973" startTime="2016-01-29T17:44:43.9971955+08:00" endTime="2016-01-29T17:44:44.0721998+08:00" testType="13cdc9d9-ddb5-4fa4-a97d-d965ccfc6d4b" outcome="Passed" testListId="d706afe2-eed9-40f5-bc01-6b93866f5223" relativeResultsDirectory="9100d432-e298-42aa-8bd3-fd8f136f7834">
      <Output>
        <DebugTrace>“清除考试任务”操作返回 0 。
“清除考试任务”操作返回 0 。
</DebugTrace>
      </Output>
    </UnitTestResult>
    <UnitTestResult executionId="868c3e64-7205-45cc-8181-4edb99b19219" testId="f55598dc-aeee-d46d-9d65-39c063ae5aec" testName="SelectQuestionsWithScoreTest" computerName="CHENGVMWIN7X641" duration="00:00:00.0371106" startTime="2016-01-29T17:44:44.0731999+08:00" endTime="2016-01-29T17:44:44.1742057+08:00" testType="13cdc9d9-ddb5-4fa4-a97d-d965ccfc6d4b" outcome="Passed" testListId="d706afe2-eed9-40f5-bc01-6b93866f5223" relativeResultsDirectory="868c3e64-7205-45cc-8181-4edb99b19219">
      <Output>
        <DebugTrace>“清除考试任务”操作返回 0 。
Question Score:
    2
    2
    2
    2
    6
    6
    6
    3
    3
    3
    3
    8
    18
    23
    13
Question Id:
    898
    811
    917
    395
    845
    416
    623
    977
    318
    747
    856
    90
    89
    264
    754
    988
“清除考试任务”操作返回 0 。
</DebugTrace>
      </Output>
    </UnitTestResult>
    <UnitTestResult executionId="723e8218-c324-4128-8d5c-be4ca3e5f47c" testId="900cb099-340c-65ad-316c-a0ce6dcd4a19" testName="WhetherGenerateTest1_2" computerName="CHENGVMWIN7X641" duration="00:00:00.0231276" startTime="2016-01-29T17:44:44.1752057+08:00" endTime="2016-01-29T17:44:44.2552103+08:00" testType="13cdc9d9-ddb5-4fa4-a97d-d965ccfc6d4b" outcome="Passed" testListId="d706afe2-eed9-40f5-bc01-6b93866f5223" relativeResultsDirectory="723e8218-c324-4128-8d5c-be4ca3e5f47c">
      <Output>
        <DebugTrace>“清除考试任务”操作返回 0 。
“清除考试任务”操作返回 0 。
</DebugTrace>
      </Output>
    </UnitTestResult>
    <UnitTestResult executionId="2b88b137-44f5-48b9-a99c-82e1d4d7ae19" testId="c72c12d9-0323-9dc4-697e-9922a29328d3" testName="GenerateEtTest" computerName="CHENGVMWIN7X641" duration="00:00:00.3275641" startTime="2016-01-29T17:44:44.2572104+08:00" endTime="2016-01-29T17:44:44.6442326+08:00" testType="13cdc9d9-ddb5-4fa4-a97d-d965ccfc6d4b" outcome="Passed" testListId="d706afe2-eed9-40f5-bc01-6b93866f5223" relativeResultsDirectory="2b88b137-44f5-48b9-a99c-82e1d4d7ae19">
      <Output>
        <DebugTrace>“清除考试任务”操作返回 0 。
“清除考试任务”操作返回 0 。
</DebugTrace>
      </Output>
    </UnitTestResult>
    <UnitTestResult executionId="d3aecd57-9e6c-40dc-8617-c0916ba19f1a" testId="2ff07b81-5f76-3e1f-3d27-8cb33a5fa1fc" testName="GenerateTest" computerName="CHENGVMWIN7X641" duration="00:00:00.4189764" startTime="2016-01-29T17:44:44.6462327+08:00" endTime="2016-01-29T17:44:45.1462613+08:00" testType="13cdc9d9-ddb5-4fa4-a97d-d965ccfc6d4b" outcome="Passed" testListId="d706afe2-eed9-40f5-bc01-6b93866f5223" relativeResultsDirectory="d3aecd57-9e6c-40dc-8617-c0916ba19f1a">
      <Output>
        <DebugTrace>“清除考试任务”操作返回 0 。
“清除考试任务”操作返回 18 。
</DebugTrace>
      </Output>
    </UnitTestResult>
    <UnitTestResult executionId="30a6d706-e1be-4f83-b080-a1287ccc664a" testId="5507b68c-3825-9d01-fb80-52ee158e2ed4" testName="WhetherGenerateTest2" computerName="CHENGVMWIN7X641" duration="00:00:00.0099609" startTime="2016-01-29T17:44:45.1482614+08:00" endTime="2016-01-29T17:44:45.2142652+08:00" testType="13cdc9d9-ddb5-4fa4-a97d-d965ccfc6d4b" outcome="Passed" testListId="d706afe2-eed9-40f5-bc01-6b93866f5223" relativeResultsDirectory="30a6d706-e1be-4f83-b080-a1287ccc664a">
      <Output>
        <DebugTrace>“清除考试任务”操作返回 0 。
“清除考试任务”操作返回 0 。
</DebugTrace>
      </Output>
    </UnitTestResult>
    <UnitTestResult executionId="7e36b914-08cd-410b-95b5-ef0da4c1f731" testId="7d14e896-764f-1c1a-04c1-0ab31ece422a" testName="WhetherGenerateTest1_1" computerName="CHENGVMWIN7X641" duration="00:00:00.0120254" startTime="2016-01-29T17:44:45.2162653+08:00" endTime="2016-01-29T17:44:45.2912696+08:00" testType="13cdc9d9-ddb5-4fa4-a97d-d965ccfc6d4b" outcome="Passed" testListId="d706afe2-eed9-40f5-bc01-6b93866f5223" relativeResultsDirectory="7e36b914-08cd-410b-95b5-ef0da4c1f731">
      <Output>
        <DebugTrace>“清除考试任务”操作返回 0 。
“清除考试任务”操作返回 0 。
</DebugTrace>
      </Output>
    </UnitTestResult>
    <UnitTestResult executionId="8608b384-49c8-4604-ae91-39eba3c12971" testId="c85eca0d-57bf-7079-7304-0bd2a4786b8e" testName="GenerateWithNumberTest" computerName="CHENGVMWIN7X641" duration="00:00:00.1501191" startTime="2016-01-29T17:44:45.2932697+08:00" endTime="2016-01-29T17:44:45.4902809+08:00" testType="13cdc9d9-ddb5-4fa4-a97d-d965ccfc6d4b" outcome="Passed" testListId="d706afe2-eed9-40f5-bc01-6b93866f5223" relativeResultsDirectory="8608b384-49c8-4604-ae91-39eba3c12971">
      <Output>
        <DebugTrace>“清除考试任务”操作返回 0 。
备选试题总数：10
“清除考试任务”操作返回 2 。
</DebugTrace>
      </Output>
    </UnitTestResult>
    <UnitTestResult executionId="51916465-6fa2-4690-b73c-1972e1ed9fa0" testId="cd55069d-13a4-c03f-790f-0cf9afc1d87a" testName="GenerateWithScoreTest" computerName="CHENGVMWIN7X641" duration="00:00:00.1683789" startTime="2016-01-29T17:44:45.4922811+08:00" endTime="2016-01-29T17:44:45.7122936+08:00" testType="13cdc9d9-ddb5-4fa4-a97d-d965ccfc6d4b" outcome="Passed" testListId="d706afe2-eed9-40f5-bc01-6b93866f5223" relativeResultsDirectory="51916465-6fa2-4690-b73c-1972e1ed9fa0">
      <Output>
        <DebugTrace>“清除考试任务”操作返回 0 。
“清除考试任务”操作返回 2 。
</DebugTrace>
      </Output>
    </UnitTestResult>
  </Results>
</TestRun>