<?xml version="1.0" encoding="UTF-8"?>
<TestRun id="9384425c-398d-4d7f-b029-55321501be5e" name="DEV@CHENGVMWIN7X641 2016-01-29 17:48:02" runUser="CHENGVMWIN7X641\DEV" xmlns="http://microsoft.com/schemas/VisualStudio/TeamTest/2010">
  <TestSettings name="本地" id="fb35cadf-f513-4997-8927-662f65f1d0dd">
    <Description>这些设置为本地测试运行的默认测试设置。</Description>
    <Deployment enabled="false" runDeploymentRoot="DEV_CHENGVMWIN7X641 2016-01-29 17_48_02">
      <DeploymentItem filename="D:\Cheng\Workspace\OnlineLearningSystem\OnlineLearningSystem\OnlineLearningSystem\Content\lib\ueditor\1.4.3\net\Bin\Newtonsoft.Json.dll" />
      <DeploymentItem filename="D:\Cheng\Workspace\OnlineLearningSystem\OnlineLearningSystem\packages\EntityFramework.4.1.10331.0\lib\EntityFramework.dll" />
      <DeploymentItem filename="D:\Cheng\Workspace\OnlineLearningSystem\OnlineLearningSystem\OnlineLearningSystem\bin\OnlineLearningSystem.dll" />
    </Deployment>
    <Execution>
      <TestTypeSpecific />
      <AgentRule name="Execution Agents">
      </AgentRule>
    </Execution>
  </TestSettings>
  <Times creation="2016-01-29T17:48:02.3615413+08:00" queuing="2016-01-29T17:48:02.4305453+08:00" start="2016-01-29T17:48:02.4425460+08:00" finish="2016-01-29T17:49:54.3279455+08:00" />
  <ResultSummary outcome="Warning">
    <Counters total="20" executed="20" passed="20" error="0" failed="0" timeout="0" aborted="0" inconclusive="0" passedButRunAborted="0" notRunnable="0" notExecuted="0" disconnected="0" warning="0" completed="0" inProgress="0" pending="0" />
    <RunInfos>
      <RunInfo computerName="CHENGVMWIN7X641" outcome="Warning" timestamp="2016-01-29T17:48:02.4305453+08:00">
        <Text>当前已禁用部署。未部署测试“TimeTaskTestProject.GeneratePaperTemplateTest.WhetherGenerateTest1”中的部署项“OnlineLearningSystem.dll”。</Text>
      </RunInfo>
    </RunInfos>
  </ResultSummary>
  <TestDefinitions>
    <UnitTest name="WhetherGenerateTest1" storage="d:\cheng\workspace\onlinelearningsystem\onlinelearningsystem\timetasktestproject\bin\debug\timetasktestproject.dll" id="a2677fa3-1377-b1d6-2dc3-a05016706a73">
      <DeploymentItems>
        <DeploymentItem filename="OnlineLearningSystem.dll" />
      </DeploymentItems>
      <Execution id="e6ed56df-12c9-42d4-9ec1-2206492eae7e" />
      <TestMethod codeBase="D:/Cheng/Workspace/OnlineLearningSystem/OnlineLearningSystem/TimeTaskTestProject/bin/Debug/TimeTaskTestProject.DLL" adapterTypeName="Microsoft.VisualStudio.TestTools.TestTypes.Unit.UnitTestAdapter, Microsoft.VisualStudio.QualityTools.Tips.UnitTest.Adapter, Version=10.0.0.0, Culture=neutral, PublicKeyToken=b03f5f7f11d50a3a" className="TimeTaskTestProject.GeneratePaperTemplateTest, TimeTaskTestProject, Version=1.0.0.0, Culture=neutral, PublicKeyToken=null" name="WhetherGenerateTest1" />
      <AspNet webSiteUrl="http://localhost:7128/Aspxs/Default.aspx">
        <Host pathToWebApp="D:\Cheng\Workspace\OnlineLearningSystem\OnlineLearningSystem\OnlineLearningSystem" webAppRoot="/" />
      </AspNet>
    </UnitTest>
    <UnitTest name="ChangeTest3" storage="d:\cheng\workspace\onlinelearningsystem\onlinelearningsystem\timetasktestproject\bin\debug\timetasktestproject.dll" id="fb1c8d72-d9d7-a91b-18f5-964be260cc82">
      <Execution id="0b7b9cec-0c47-4be2-bcfa-e0b6fdf8fd5b" />
      <TestMethod codeBase="D:/Cheng/Workspace/OnlineLearningSystem/OnlineLearningSystem/TimeTaskTestProject/bin/Debug/TimeTaskTestProject.DLL" adapterTypeName="Microsoft.VisualStudio.TestTools.TestTypes.Unit.UnitTestAdapter, Microsoft.VisualStudio.QualityTools.Tips.UnitTest.Adapter, Version=10.0.0.0, Culture=neutral, PublicKeyToken=b03f5f7f11d50a3a" className="TimeTaskTestProject.ChangePaperTemplateStatusTest, TimeTaskTestProject, Version=1.0.0.0, Culture=neutral, PublicKeyToken=null" name="ChangeTest3" />
      <AspNet webSiteUrl="http://localhost:7128/Aspxs/Default.aspx">
        <Host pathToWebApp="D:\Cheng\Workspace\OnlineLearningSystem\OnlineLearningSystem\OnlineLearningSystem" webAppRoot="/" />
      </AspNet>
    </UnitTest>
    <UnitTest name="GenerateWithNumberTest" storage="d:\cheng\workspace\onlinelearningsystem\onlinelearningsystem\timetasktestproject\bin\debug\timetasktestproject.dll" id="c85eca0d-57bf-7079-7304-0bd2a4786b8e">
      <DeploymentItems>
        <DeploymentItem filename="OnlineLearningSystem.dll" />
      </DeploymentItems>
      <Execution id="4bc81000-b1f5-433a-ae90-e7b311b09afb" />
      <TestMethod codeBase="D:/Cheng/Workspace/OnlineLearningSystem/OnlineLearningSystem/TimeTaskTestProject/bin/Debug/TimeTaskTestProject.DLL" adapterTypeName="Microsoft.VisualStudio.TestTools.TestTypes.Unit.UnitTestAdapter, Microsoft.VisualStudio.QualityTools.Tips.UnitTest.Adapter, Version=10.0.0.0, Culture=neutral, PublicKeyToken=b03f5f7f11d50a3a" className="TimeTaskTestProject.GeneratePaperTemplateTest, TimeTaskTestProject, Version=1.0.0.0, Culture=neutral, PublicKeyToken=null" name="GenerateWithNumberTest" />
      <AspNet webSiteUrl="http://localhost:7128/Aspxs/Default.aspx">
        <Host pathToWebApp="D:\Cheng\Workspace\OnlineLearningSystem\OnlineLearningSystem\OnlineLearningSystem" webAppRoot="/" />
      </AspNet>
    </UnitTest>
    <UnitTest name="ChangeTest2" storage="d:\cheng\workspace\onlinelearningsystem\onlinelearningsystem\timetasktestproject\bin\debug\timetasktestproject.dll" id="12a5b5ca-5fad-a7a1-d175-a54fd204cf1d">
      <Execution id="eddbe252-d676-4c11-ac0b-c89986c264ed" />
      <TestMethod codeBase="D:/Cheng/Workspace/OnlineLearningSystem/OnlineLearningSystem/TimeTaskTestProject/bin/Debug/TimeTaskTestProject.DLL" adapterTypeName="Microsoft.VisualStudio.TestTools.TestTypes.Unit.UnitTestAdapter, Microsoft.VisualStudio.QualityTools.Tips.UnitTest.Adapter, Version=10.0.0.0, Culture=neutral, PublicKeyToken=b03f5f7f11d50a3a" className="TimeTaskTestProject.ChangePaperTemplateStatusTest, TimeTaskTestProject, Version=1.0.0.0, Culture=neutral, PublicKeyToken=null" name="ChangeTest2" />
      <AspNet webSiteUrl="http://localhost:7128/Aspxs/Default.aspx">
        <Host pathToWebApp="D:\Cheng\Workspace\OnlineLearningSystem\OnlineLearningSystem\OnlineLearningSystem" webAppRoot="/" />
      </AspNet>
    </UnitTest>
    <UnitTest name="GenerateEtTest" storage="d:\cheng\workspace\onlinelearningsystem\onlinelearningsystem\timetasktestproject\bin\debug\timetasktestproject.dll" id="c72c12d9-0323-9dc4-697e-9922a29328d3">
      <DeploymentItems>
        <DeploymentItem filename="OnlineLearningSystem.dll" />
      </DeploymentItems>
      <Execution id="3226687a-185c-49e6-8ab6-d71e6b951a65" />
      <TestMethod codeBase="D:/Cheng/Workspace/OnlineLearningSystem/OnlineLearningSystem/TimeTaskTestProject/bin/Debug/TimeTaskTestProject.DLL" adapterTypeName="Microsoft.VisualStudio.TestTools.TestTypes.Unit.UnitTestAdapter, Microsoft.VisualStudio.QualityTools.Tips.UnitTest.Adapter, Version=10.0.0.0, Culture=neutral, PublicKeyToken=b03f5f7f11d50a3a" className="TimeTaskTestProject.GeneratePaperTemplateTest, TimeTaskTestProject, Version=1.0.0.0, Culture=neutral, PublicKeyToken=null" name="GenerateEtTest" />
      <AspNet webSiteUrl="http://localhost:7128/Aspxs/Default.aspx">
        <Host pathToWebApp="D:\Cheng\Workspace\OnlineLearningSystem\OnlineLearningSystem\OnlineLearningSystem" webAppRoot="/" />
      </AspNet>
    </UnitTest>
    <UnitTest name="WhetherGenerateTest3" storage="d:\cheng\workspace\onlinelearningsystem\onlinelearningsystem\timetasktestproject\bin\debug\timetasktestproject.dll" id="eb718d0c-eda5-9bad-4269-872ef048b027">
      <DeploymentItems>
        <DeploymentItem filename="OnlineLearningSystem.dll" />
      </DeploymentItems>
      <Execution id="32d66b95-cd80-4fb2-9074-cefa5c8a58d7" />
      <TestMethod codeBase="D:/Cheng/Workspace/OnlineLearningSystem/OnlineLearningSystem/TimeTaskTestProject/bin/Debug/TimeTaskTestProject.DLL" adapterTypeName="Microsoft.VisualStudio.TestTools.TestTypes.Unit.UnitTestAdapter, Microsoft.VisualStudio.QualityTools.Tips.UnitTest.Adapter, Version=10.0.0.0, Culture=neutral, PublicKeyToken=b03f5f7f11d50a3a" className="TimeTaskTestProject.GeneratePaperTemplateTest, TimeTaskTestProject, Version=1.0.0.0, Culture=neutral, PublicKeyToken=null" name="WhetherGenerateTest3" />
      <AspNet webSiteUrl="http://localhost:7128/Aspxs/Default.aspx">
        <Host pathToWebApp="D:\Cheng\Workspace\OnlineLearningSystem\OnlineLearningSystem\OnlineLearningSystem" webAppRoot="/" />
      </AspNet>
    </UnitTest>
    <UnitTest name="ChangeTest" storage="d:\cheng\workspace\onlinelearningsystem\onlinelearningsystem\timetasktestproject\bin\debug\timetasktestproject.dll" id="20adc531-bff2-51ab-a3b6-cc5e6444840d">
      <Execution id="dabe72b3-ff97-45dd-a60c-be56bb473ec1" />
      <TestMethod codeBase="D:/Cheng/Workspace/OnlineLearningSystem/OnlineLearningSystem/TimeTaskTestProject/bin/Debug/TimeTaskTestProject.DLL" adapterTypeName="Microsoft.VisualStudio.TestTools.TestTypes.Unit.UnitTestAdapter, Microsoft.VisualStudio.QualityTools.Tips.UnitTest.Adapter, Version=10.0.0.0, Culture=neutral, PublicKeyToken=b03f5f7f11d50a3a" className="TimeTaskTestProject.ChangePaperStatusTest, TimeTaskTestProject, Version=1.0.0.0, Culture=neutral, PublicKeyToken=null" name="ChangeTest" />
      <AspNet webSiteUrl="http://localhost:7128/Aspxs/Default.aspx">
        <Host pathToWebApp="D:\Cheng\Workspace\OnlineLearningSystem\OnlineLearningSystem\OnlineLearningSystem" webAppRoot="/" />
      </AspNet>
    </UnitTest>
    <UnitTest name="WhetherGenerateTest2_1" storage="d:\cheng\workspace\onlinelearningsystem\onlinelearningsystem\timetasktestproject\bin\debug\timetasktestproject.dll" id="e150f346-bff2-8c91-1bd8-7c64841e8bdc">
      <DeploymentItems>
        <DeploymentItem filename="OnlineLearningSystem.dll" />
      </DeploymentItems>
      <Execution id="a78dc5d5-f05c-4fa6-b0ce-e5dd3459e301" />
      <TestMethod codeBase="D:/Cheng/Workspace/OnlineLearningSystem/OnlineLearningSystem/TimeTaskTestProject/bin/Debug/TimeTaskTestProject.DLL" adapterTypeName="Microsoft.VisualStudio.TestTools.TestTypes.Unit.UnitTestAdapter, Microsoft.VisualStudio.QualityTools.Tips.UnitTest.Adapter, Version=10.0.0.0, Culture=neutral, PublicKeyToken=b03f5f7f11d50a3a" className="TimeTaskTestProject.GeneratePaperTemplateTest, TimeTaskTestProject, Version=1.0.0.0, Culture=neutral, PublicKeyToken=null" name="WhetherGenerateTest2_1" />
      <AspNet webSiteUrl="http://localhost:7128/Aspxs/Default.aspx">
        <Host pathToWebApp="D:\Cheng\Workspace\OnlineLearningSystem\OnlineLearningSystem\OnlineLearningSystem" webAppRoot="/" />
      </AspNet>
    </UnitTest>
    <UnitTest name="ChangeTest1" storage="d:\cheng\workspace\onlinelearningsystem\onlinelearningsystem\timetasktestproject\bin\debug\timetasktestproject.dll" id="79ae84fc-9118-70c4-a07c-5f731bce7e4f">
      <Execution id="6483fcdc-08e4-4a62-a3f1-94b53529356d" />
      <TestMethod codeBase="D:/Cheng/Workspace/OnlineLearningSystem/OnlineLearningSystem/TimeTaskTestProject/bin/Debug/TimeTaskTestProject.DLL" adapterTypeName="Microsoft.VisualStudio.TestTools.TestTypes.Unit.UnitTestAdapter, Microsoft.VisualStudio.QualityTools.Tips.UnitTest.Adapter, Version=10.0.0.0, Culture=neutral, PublicKeyToken=b03f5f7f11d50a3a" className="TimeTaskTestProject.ChangePaperTemplateStatusTest, TimeTaskTestProject, Version=1.0.0.0, Culture=neutral, PublicKeyToken=null" name="ChangeTest1" />
      <AspNet webSiteUrl="http://localhost:7128/Aspxs/Default.aspx">
        <Host pathToWebApp="D:\Cheng\Workspace\OnlineLearningSystem\OnlineLearningSystem\OnlineLearningSystem" webAppRoot="/" />
      </AspNet>
    </UnitTest>
    <UnitTest name="SelectQuestionsWithNumberTest" storage="d:\cheng\workspace\onlinelearningsystem\onlinelearningsystem\timetasktestproject\bin\debug\timetasktestproject.dll" id="0b1f85d3-9a29-f28e-5f2f-aa36057efe13">
      <DeploymentItems>
        <DeploymentItem filename="OnlineLearningSystem.dll" />
      </DeploymentItems>
      <Execution id="88c08b7d-628b-4d88-9db9-80e4211a14a6" />
      <TestMethod codeBase="D:/Cheng/Workspace/OnlineLearningSystem/OnlineLearningSystem/TimeTaskTestProject/bin/Debug/TimeTaskTestProject.DLL" adapterTypeName="Microsoft.VisualStudio.TestTools.TestTypes.Unit.UnitTestAdapter, Microsoft.VisualStudio.QualityTools.Tips.UnitTest.Adapter, Version=10.0.0.0, Culture=neutral, PublicKeyToken=b03f5f7f11d50a3a" className="TimeTaskTestProject.GeneratePaperTemplateTest, TimeTaskTestProject, Version=1.0.0.0, Culture=neutral, PublicKeyToken=null" name="SelectQuestionsWithNumberTest" />
      <AspNet webSiteUrl="http://localhost:7128/Aspxs/Default.aspx">
        <Host pathToWebApp="D:\Cheng\Workspace\OnlineLearningSystem\OnlineLearningSystem\OnlineLearningSystem" webAppRoot="/" />
      </AspNet>
    </UnitTest>
    <UnitTest name="GetExceptionMessageTest" storage="d:\cheng\workspace\onlinelearningsystem\onlinelearningsystem\timetasktestproject\bin\debug\timetasktestproject.dll" id="0ee2da42-0c4f-06ee-3740-45387acc80af">
      <Execution id="984459c0-dbbf-45aa-a588-87b73946a9e5" />
      <TestMethod codeBase="D:/Cheng/Workspace/OnlineLearningSystem/OnlineLearningSystem/TimeTaskTestProject/bin/Debug/TimeTaskTestProject.DLL" adapterTypeName="Microsoft.VisualStudio.TestTools.TestTypes.Unit.UnitTestAdapter, Microsoft.VisualStudio.QualityTools.Tips.UnitTest.Adapter, Version=10.0.0.0, Culture=neutral, PublicKeyToken=b03f5f7f11d50a3a" className="TimeTaskTestProject.StaticHelperTest, TimeTaskTestProject, Version=1.0.0.0, Culture=neutral, PublicKeyToken=null" name="GetExceptionMessageTest" />
      <AspNet webSiteUrl="http://localhost:7128/Aspxs/Default.aspx">
        <Host pathToWebApp="D:\Cheng\Workspace\OnlineLearningSystem\OnlineLearningSystem\OnlineLearningSystem" webAppRoot="/" />
      </AspNet>
    </UnitTest>
    <UnitTest name="AdjustRatiosTest" storage="d:\cheng\workspace\onlinelearningsystem\onlinelearningsystem\timetasktestproject\bin\debug\timetasktestproject.dll" id="0fa5c02a-7974-1c0b-5aa5-899cb032ce09">
      <DeploymentItems>
        <DeploymentItem filename="OnlineLearningSystem.dll" />
      </DeploymentItems>
      <Execution id="07ad03bd-1c2d-4461-ab78-7924e1743aac" />
      <TestMethod codeBase="D:/Cheng/Workspace/OnlineLearningSystem/OnlineLearningSystem/TimeTaskTestProject/bin/Debug/TimeTaskTestProject.DLL" adapterTypeName="Microsoft.VisualStudio.TestTools.TestTypes.Unit.UnitTestAdapter, Microsoft.VisualStudio.QualityTools.Tips.UnitTest.Adapter, Version=10.0.0.0, Culture=neutral, PublicKeyToken=b03f5f7f11d50a3a" className="TimeTaskTestProject.GeneratePaperTemplateTest, TimeTaskTestProject, Version=1.0.0.0, Culture=neutral, PublicKeyToken=null" name="AdjustRatiosTest" />
      <AspNet webSiteUrl="http://localhost:7128/Aspxs/Default.aspx">
        <Host pathToWebApp="D:\Cheng\Workspace\OnlineLearningSystem\OnlineLearningSystem\OnlineLearningSystem" webAppRoot="/" />
      </AspNet>
    </UnitTest>
    <UnitTest name="SelectQuestionsWithScoreTest" storage="d:\cheng\workspace\onlinelearningsystem\onlinelearningsystem\timetasktestproject\bin\debug\timetasktestproject.dll" id="f55598dc-aeee-d46d-9d65-39c063ae5aec">
      <DeploymentItems>
        <DeploymentItem filename="OnlineLearningSystem.dll" />
      </DeploymentItems>
      <Execution id="a8ea6a55-55bc-471f-8bfa-aaaf0d888ce1" />
      <TestMethod codeBase="D:/Cheng/Workspace/OnlineLearningSystem/OnlineLearningSystem/TimeTaskTestProject/bin/Debug/TimeTaskTestProject.DLL" adapterTypeName="Microsoft.VisualStudio.TestTools.TestTypes.Unit.UnitTestAdapter, Microsoft.VisualStudio.QualityTools.Tips.UnitTest.Adapter, Version=10.0.0.0, Culture=neutral, PublicKeyToken=b03f5f7f11d50a3a" className="TimeTaskTestProject.GeneratePaperTemplateTest, TimeTaskTestProject, Version=1.0.0.0, Culture=neutral, PublicKeyToken=null" name="SelectQuestionsWithScoreTest" />
      <AspNet webSiteUrl="http://localhost:7128/Aspxs/Default.aspx">
        <Host pathToWebApp="D:\Cheng\Workspace\OnlineLearningSystem\OnlineLearningSystem\OnlineLearningSystem" webAppRoot="/" />
      </AspNet>
    </UnitTest>
    <UnitTest name="WhetherGenerateTest2" storage="d:\cheng\workspace\onlinelearningsystem\onlinelearningsystem\timetasktestproject\bin\debug\timetasktestproject.dll" id="5507b68c-3825-9d01-fb80-52ee158e2ed4">
      <DeploymentItems>
        <DeploymentItem filename="OnlineLearningSystem.dll" />
      </DeploymentItems>
      <Execution id="d4ee2d13-4ba4-4be7-a5d5-8552e4497a24" />
      <TestMethod codeBase="D:/Cheng/Workspace/OnlineLearningSystem/OnlineLearningSystem/TimeTaskTestProject/bin/Debug/TimeTaskTestProject.DLL" adapterTypeName="Microsoft.VisualStudio.TestTools.TestTypes.Unit.UnitTestAdapter, Microsoft.VisualStudio.QualityTools.Tips.UnitTest.Adapter, Version=10.0.0.0, Culture=neutral, PublicKeyToken=b03f5f7f11d50a3a" className="TimeTaskTestProject.GeneratePaperTemplateTest, TimeTaskTestProject, Version=1.0.0.0, Culture=neutral, PublicKeyToken=null" name="WhetherGenerateTest2" />
      <AspNet webSiteUrl="http://localhost:7128/Aspxs/Default.aspx">
        <Host pathToWebApp="D:\Cheng\Workspace\OnlineLearningSystem\OnlineLearningSystem\OnlineLearningSystem" webAppRoot="/" />
      </AspNet>
    </UnitTest>
    <UnitTest name="GenerateTest" storage="d:\cheng\workspace\onlinelearningsystem\onlinelearningsystem\timetasktestproject\bin\debug\timetasktestproject.dll" id="2ff07b81-5f76-3e1f-3d27-8cb33a5fa1fc">
      <DeploymentItems>
        <DeploymentItem filename="OnlineLearningSystem.dll" />
      </DeploymentItems>
      <Execution id="718eb660-def2-4c74-8b17-353467d928b1" />
      <TestMethod codeBase="D:/Cheng/Workspace/OnlineLearningSystem/OnlineLearningSystem/TimeTaskTestProject/bin/Debug/TimeTaskTestProject.DLL" adapterTypeName="Microsoft.VisualStudio.TestTools.TestTypes.Unit.UnitTestAdapter, Microsoft.VisualStudio.QualityTools.Tips.UnitTest.Adapter, Version=10.0.0.0, Culture=neutral, PublicKeyToken=b03f5f7f11d50a3a" className="TimeTaskTestProject.GeneratePaperTemplateTest, TimeTaskTestProject, Version=1.0.0.0, Culture=neutral, PublicKeyToken=null" name="GenerateTest" />
      <AspNet webSiteUrl="http://localhost:7128/Aspxs/Default.aspx">
        <Host pathToWebApp="D:\Cheng\Workspace\OnlineLearningSystem\OnlineLearningSystem\OnlineLearningSystem" webAppRoot="/" />
      </AspNet>
    </UnitTest>
    <UnitTest name="WhetherGenerateTest3_1" storage="d:\cheng\workspace\onlinelearningsystem\onlinelearningsystem\timetasktestproject\bin\debug\timetasktestproject.dll" id="ce228dcf-67a5-e47c-a682-9256b0ba2107">
      <DeploymentItems>
        <DeploymentItem filename="OnlineLearningSystem.dll" />
      </DeploymentItems>
      <Execution id="bdd1c18e-0460-445a-8e71-9bdcf56e39aa" />
      <TestMethod codeBase="D:/Cheng/Workspace/OnlineLearningSystem/OnlineLearningSystem/TimeTaskTestProject/bin/Debug/TimeTaskTestProject.DLL" adapterTypeName="Microsoft.VisualStudio.TestTools.TestTypes.Unit.UnitTestAdapter, Microsoft.VisualStudio.QualityTools.Tips.UnitTest.Adapter, Version=10.0.0.0, Culture=neutral, PublicKeyToken=b03f5f7f11d50a3a" className="TimeTaskTestProject.GeneratePaperTemplateTest, TimeTaskTestProject, Version=1.0.0.0, Culture=neutral, PublicKeyToken=null" name="WhetherGenerateTest3_1" />
      <AspNet webSiteUrl="http://localhost:7128/Aspxs/Default.aspx">
        <Host pathToWebApp="D:\Cheng\Workspace\OnlineLearningSystem\OnlineLearningSystem\OnlineLearningSystem" webAppRoot="/" />
      </AspNet>
    </UnitTest>
    <UnitTest name="WhetherGenerateTest1_1" storage="d:\cheng\workspace\onlinelearningsystem\onlinelearningsystem\timetasktestproject\bin\debug\timetasktestproject.dll" id="7d14e896-764f-1c1a-04c1-0ab31ece422a">
      <DeploymentItems>
        <DeploymentItem filename="OnlineLearningSystem.dll" />
      </DeploymentItems>
      <Execution id="245a1579-8769-4827-8c29-cb26cde4b65b" />
      <TestMethod codeBase="D:/Cheng/Workspace/OnlineLearningSystem/OnlineLearningSystem/TimeTaskTestProject/bin/Debug/TimeTaskTestProject.DLL" adapterTypeName="Microsoft.VisualStudio.TestTools.TestTypes.Unit.UnitTestAdapter, Microsoft.VisualStudio.QualityTools.Tips.UnitTest.Adapter, Version=10.0.0.0, Culture=neutral, PublicKeyToken=b03f5f7f11d50a3a" className="TimeTaskTestProject.GeneratePaperTemplateTest, TimeTaskTestProject, Version=1.0.0.0, Culture=neutral, PublicKeyToken=null" name="WhetherGenerateTest1_1" />
      <AspNet webSiteUrl="http://localhost:7128/Aspxs/Default.aspx">
        <Host pathToWebApp="D:\Cheng\Workspace\OnlineLearningSystem\OnlineLearningSystem\OnlineLearningSystem" webAppRoot="/" />
      </AspNet>
    </UnitTest>
    <UnitTest name="GenerateWithScoreTest" storage="d:\cheng\workspace\onlinelearningsystem\onlinelearningsystem\timetasktestproject\bin\debug\timetasktestproject.dll" id="cd55069d-13a4-c03f-790f-0cf9afc1d87a">
      <DeploymentItems>
        <DeploymentItem filename="OnlineLearningSystem.dll" />
      </DeploymentItems>
      <Execution id="205f9d7e-98c4-4e27-b736-df38507ef03b" />
      <TestMethod codeBase="D:/Cheng/Workspace/OnlineLearningSystem/OnlineLearningSystem/TimeTaskTestProject/bin/Debug/TimeTaskTestProject.DLL" adapterTypeName="Microsoft.VisualStudio.TestTools.TestTypes.Unit.UnitTestAdapter, Microsoft.VisualStudio.QualityTools.Tips.UnitTest.Adapter, Version=10.0.0.0, Culture=neutral, PublicKeyToken=b03f5f7f11d50a3a" className="TimeTaskTestProject.GeneratePaperTemplateTest, TimeTaskTestProject, Version=1.0.0.0, Culture=neutral, PublicKeyToken=null" name="GenerateWithScoreTest" />
      <AspNet webSiteUrl="http://localhost:7128/Aspxs/Default.aspx">
        <Host pathToWebApp="D:\Cheng\Workspace\OnlineLearningSystem\OnlineLearningSystem\OnlineLearningSystem" webAppRoot="/" />
      </AspNet>
    </UnitTest>
    <UnitTest name="WhetherGenerateTest1_2" storage="d:\cheng\workspace\onlinelearningsystem\onlinelearningsystem\timetasktestproject\bin\debug\timetasktestproject.dll" id="900cb099-340c-65ad-316c-a0ce6dcd4a19">
      <DeploymentItems>
        <DeploymentItem filename="OnlineLearningSystem.dll" />
      </DeploymentItems>
      <Execution id="71f0f785-b6fa-4a4c-b98f-852ede26df52" />
      <TestMethod codeBase="D:/Cheng/Workspace/OnlineLearningSystem/OnlineLearningSystem/TimeTaskTestProject/bin/Debug/TimeTaskTestProject.DLL" adapterTypeName="Microsoft.VisualStudio.TestTools.TestTypes.Unit.UnitTestAdapter, Microsoft.VisualStudio.QualityTools.Tips.UnitTest.Adapter, Version=10.0.0.0, Culture=neutral, PublicKeyToken=b03f5f7f11d50a3a" className="TimeTaskTestProject.GeneratePaperTemplateTest, TimeTaskTestProject, Version=1.0.0.0, Culture=neutral, PublicKeyToken=null" name="WhetherGenerateTest1_2" />
      <AspNet webSiteUrl="http://localhost:7128/Aspxs/Default.aspx">
        <Host pathToWebApp="D:\Cheng\Workspace\OnlineLearningSystem\OnlineLearningSystem\OnlineLearningSystem" webAppRoot="/" />
      </AspNet>
    </UnitTest>
    <UnitTest name="GetQuestionsTest" storage="d:\cheng\workspace\onlinelearningsystem\onlinelearningsystem\timetasktestproject\bin\debug\timetasktestproject.dll" id="b7d46d0c-579a-5f1e-4a2e-9e8ffd6a1ecd">
      <DeploymentItems>
        <DeploymentItem filename="OnlineLearningSystem.dll" />
      </DeploymentItems>
      <Execution id="072bc017-3b21-4222-ab7b-871399919136" />
      <TestMethod codeBase="D:/Cheng/Workspace/OnlineLearningSystem/OnlineLearningSystem/TimeTaskTestProject/bin/Debug/TimeTaskTestProject.DLL" adapterTypeName="Microsoft.VisualStudio.TestTools.TestTypes.Unit.UnitTestAdapter, Microsoft.VisualStudio.QualityTools.Tips.UnitTest.Adapter, Version=10.0.0.0, Culture=neutral, PublicKeyToken=b03f5f7f11d50a3a" className="TimeTaskTestProject.GeneratePaperTemplateTest, TimeTaskTestProject, Version=1.0.0.0, Culture=neutral, PublicKeyToken=null" name="GetQuestionsTest" />
      <AspNet webSiteUrl="http://localhost:7128/Aspxs/Default.aspx">
        <Host pathToWebApp="D:\Cheng\Workspace\OnlineLearningSystem\OnlineLearningSystem\OnlineLearningSystem" webAppRoot="/" />
      </AspNet>
    </UnitTest>
  </TestDefinitions>
  <TestLists>
    <TestList name="StaticHelperTest" id="c99f4df9-b38b-4b4c-b0b6-807319378754" parentListId="8c43106b-9dc1-4907-a29f-aa66a61bf5b6">
      <TestLinks>
        <TestLink id="0ee2da42-0c4f-06ee-3740-45387acc80af" name="GetExceptionMessageTest" storage="d:\cheng\workspace\onlinelearningsystem\onlinelearningsystem\timetasktestproject\bin\debug\timetasktestproject.dll" type="Microsoft.VisualStudio.TestTools.TestTypes.Unit.UnitTestElement, Microsoft.VisualStudio.QualityTools.Tips.UnitTest.ObjectModel, Version=10.0.0.0, Culture=neutral, PublicKeyToken=b03f5f7f11d50a3a" />
      </TestLinks>
    </TestList>
    <TestList name="ChangePaperTemplateStatusTest" id="d0bec498-8504-4422-a04a-3f5b53165dba" parentListId="8c43106b-9dc1-4907-a29f-aa66a61bf5b6">
      <TestLinks>
        <TestLink id="79ae84fc-9118-70c4-a07c-5f731bce7e4f" name="ChangeTest1" storage="d:\cheng\workspace\onlinelearningsystem\onlinelearningsystem\timetasktestproject\bin\debug\timetasktestproject.dll" type="Microsoft.VisualStudio.TestTools.TestTypes.Unit.UnitTestElement, Microsoft.VisualStudio.QualityTools.Tips.UnitTest.ObjectModel, Version=10.0.0.0, Culture=neutral, PublicKeyToken=b03f5f7f11d50a3a" />
        <TestLink id="fb1c8d72-d9d7-a91b-18f5-964be260cc82" name="ChangeTest3" storage="d:\cheng\workspace\onlinelearningsystem\onlinelearningsystem\timetasktestproject\bin\debug\timetasktestproject.dll" type="Microsoft.VisualStudio.TestTools.TestTypes.Unit.UnitTestElement, Microsoft.VisualStudio.QualityTools.Tips.UnitTest.ObjectModel, Version=10.0.0.0, Culture=neutral, PublicKeyToken=b03f5f7f11d50a3a" />
        <TestLink id="12a5b5ca-5fad-a7a1-d175-a54fd204cf1d" name="ChangeTest2" storage="d:\cheng\workspace\onlinelearningsystem\onlinelearningsystem\timetasktestproject\bin\debug\timetasktestproject.dll" type="Microsoft.VisualStudio.TestTools.TestTypes.Unit.UnitTestElement, Microsoft.VisualStudio.QualityTools.Tips.UnitTest.ObjectModel, Version=10.0.0.0, Culture=neutral, PublicKeyToken=b03f5f7f11d50a3a" />
      </TestLinks>
    </TestList>
    <TestList name="所有已加载的结果" id="19431567-8539-422a-85d7-44ee4e166bda" />
    <TestList name="结果列表" id="8c43106b-9dc1-4907-a29f-aa66a61bf5b6" />
    <TestList name="ChangePaperStatusTest" id="40a6b4e8-faa4-48ff-b4a7-5a05fc8022e0" parentListId="8c43106b-9dc1-4907-a29f-aa66a61bf5b6">
      <TestLinks>
        <TestLink id="20adc531-bff2-51ab-a3b6-cc5e6444840d" name="ChangeTest" storage="d:\cheng\workspace\onlinelearningsystem\onlinelearningsystem\timetasktestproject\bin\debug\timetasktestproject.dll" type="Microsoft.VisualStudio.TestTools.TestTypes.Unit.UnitTestElement, Microsoft.VisualStudio.QualityTools.Tips.UnitTest.ObjectModel, Version=10.0.0.0, Culture=neutral, PublicKeyToken=b03f5f7f11d50a3a" />
      </TestLinks>
    </TestList>
    <TestList name="GeneratePaperTemplateTest" id="d706afe2-eed9-40f5-bc01-6b93866f5223" parentListId="8c43106b-9dc1-4907-a29f-aa66a61bf5b6">
      <TestLinks>
        <TestLink id="7d14e896-764f-1c1a-04c1-0ab31ece422a" name="WhetherGenerateTest1_1" storage="d:\cheng\workspace\onlinelearningsystem\onlinelearningsystem\timetasktestproject\bin\debug\timetasktestproject.dll" type="Microsoft.VisualStudio.TestTools.TestTypes.Unit.UnitTestElement, Microsoft.VisualStudio.QualityTools.Tips.UnitTest.ObjectModel, Version=10.0.0.0, Culture=neutral, PublicKeyToken=b03f5f7f11d50a3a" />
        <TestLink id="ce228dcf-67a5-e47c-a682-9256b0ba2107" name="WhetherGenerateTest3_1" storage="d:\cheng\workspace\onlinelearningsystem\onlinelearningsystem\timetasktestproject\bin\debug\timetasktestproject.dll" type="Microsoft.VisualStudio.TestTools.TestTypes.Unit.UnitTestElement, Microsoft.VisualStudio.QualityTools.Tips.UnitTest.ObjectModel, Version=10.0.0.0, Culture=neutral, PublicKeyToken=b03f5f7f11d50a3a" />
        <TestLink id="eb718d0c-eda5-9bad-4269-872ef048b027" name="WhetherGenerateTest3" storage="d:\cheng\workspace\onlinelearningsystem\onlinelearningsystem\timetasktestproject\bin\debug\timetasktestproject.dll" type="Microsoft.VisualStudio.TestTools.TestTypes.Unit.UnitTestElement, Microsoft.VisualStudio.QualityTools.Tips.UnitTest.ObjectModel, Version=10.0.0.0, Culture=neutral, PublicKeyToken=b03f5f7f11d50a3a" />
        <TestLink id="cd55069d-13a4-c03f-790f-0cf9afc1d87a" name="GenerateWithScoreTest" storage="d:\cheng\workspace\onlinelearningsystem\onlinelearningsystem\timetasktestproject\bin\debug\timetasktestproject.dll" type="Microsoft.VisualStudio.TestTools.TestTypes.Unit.UnitTestElement, Microsoft.VisualStudio.QualityTools.Tips.UnitTest.ObjectModel, Version=10.0.0.0, Culture=neutral, PublicKeyToken=b03f5f7f11d50a3a" />
        <TestLink id="5507b68c-3825-9d01-fb80-52ee158e2ed4" name="WhetherGenerateTest2" storage="d:\cheng\workspace\onlinelearningsystem\onlinelearningsystem\timetasktestproject\bin\debug\timetasktestproject.dll" type="Microsoft.VisualStudio.TestTools.TestTypes.Unit.UnitTestElement, Microsoft.VisualStudio.QualityTools.Tips.UnitTest.ObjectModel, Version=10.0.0.0, Culture=neutral, PublicKeyToken=b03f5f7f11d50a3a" />
        <TestLink id="c85eca0d-57bf-7079-7304-0bd2a4786b8e" name="GenerateWithNumberTest" storage="d:\cheng\workspace\onlinelearningsystem\onlinelearningsystem\timetasktestproject\bin\debug\timetasktestproject.dll" type="Microsoft.VisualStudio.TestTools.TestTypes.Unit.UnitTestElement, Microsoft.VisualStudio.QualityTools.Tips.UnitTest.ObjectModel, Version=10.0.0.0, Culture=neutral, PublicKeyToken=b03f5f7f11d50a3a" />
        <TestLink id="0fa5c02a-7974-1c0b-5aa5-899cb032ce09" name="AdjustRatiosTest" storage="d:\cheng\workspace\onlinelearningsystem\onlinelearningsystem\timetasktestproject\bin\debug\timetasktestproject.dll" type="Microsoft.VisualStudio.TestTools.TestTypes.Unit.UnitTestElement, Microsoft.VisualStudio.QualityTools.Tips.UnitTest.ObjectModel, Version=10.0.0.0, Culture=neutral, PublicKeyToken=b03f5f7f11d50a3a" />
        <TestLink id="b7d46d0c-579a-5f1e-4a2e-9e8ffd6a1ecd" name="GetQuestionsTest" storage="d:\cheng\workspace\onlinelearningsystem\onlinelearningsystem\timetasktestproject\bin\debug\timetasktestproject.dll" type="Microsoft.VisualStudio.TestTools.TestTypes.Unit.UnitTestElement, Microsoft.VisualStudio.QualityTools.Tips.UnitTest.ObjectModel, Version=10.0.0.0, Culture=neutral, PublicKeyToken=b03f5f7f11d50a3a" />
        <TestLink id="900cb099-340c-65ad-316c-a0ce6dcd4a19" name="WhetherGenerateTest1_2" storage="d:\cheng\workspace\onlinelearningsystem\onlinelearningsystem\timetasktestproject\bin\debug\timetasktestproject.dll" type="Microsoft.VisualStudio.TestTools.TestTypes.Unit.UnitTestElement, Microsoft.VisualStudio.QualityTools.Tips.UnitTest.ObjectModel, Version=10.0.0.0, Culture=neutral, PublicKeyToken=b03f5f7f11d50a3a" />
        <TestLink id="c72c12d9-0323-9dc4-697e-9922a29328d3" name="GenerateEtTest" storage="d:\cheng\workspace\onlinelearningsystem\onlinelearningsystem\timetasktestproject\bin\debug\timetasktestproject.dll" type="Microsoft.VisualStudio.TestTools.TestTypes.Unit.UnitTestElement, Microsoft.VisualStudio.QualityTools.Tips.UnitTest.ObjectModel, Version=10.0.0.0, Culture=neutral, PublicKeyToken=b03f5f7f11d50a3a" />
        <TestLink id="a2677fa3-1377-b1d6-2dc3-a05016706a73" name="WhetherGenerateTest1" storage="d:\cheng\workspace\onlinelearningsystem\onlinelearningsystem\timetasktestproject\bin\debug\timetasktestproject.dll" type="Microsoft.VisualStudio.TestTools.TestTypes.Unit.UnitTestElement, Microsoft.VisualStudio.QualityTools.Tips.UnitTest.ObjectModel, Version=10.0.0.0, Culture=neutral, PublicKeyToken=b03f5f7f11d50a3a" />
        <TestLink id="0b1f85d3-9a29-f28e-5f2f-aa36057efe13" name="SelectQuestionsWithNumberTest" storage="d:\cheng\workspace\onlinelearningsystem\onlinelearningsystem\timetasktestproject\bin\debug\timetasktestproject.dll" type="Microsoft.VisualStudio.TestTools.TestTypes.Unit.UnitTestElement, Microsoft.VisualStudio.QualityTools.Tips.UnitTest.ObjectModel, Version=10.0.0.0, Culture=neutral, PublicKeyToken=b03f5f7f11d50a3a" />
        <TestLink id="2ff07b81-5f76-3e1f-3d27-8cb33a5fa1fc" name="GenerateTest" storage="d:\cheng\workspace\onlinelearningsystem\onlinelearningsystem\timetasktestproject\bin\debug\timetasktestproject.dll" type="Microsoft.VisualStudio.TestTools.TestTypes.Unit.UnitTestElement, Microsoft.VisualStudio.QualityTools.Tips.UnitTest.ObjectModel, Version=10.0.0.0, Culture=neutral, PublicKeyToken=b03f5f7f11d50a3a" />
        <TestLink id="f55598dc-aeee-d46d-9d65-39c063ae5aec" name="SelectQuestionsWithScoreTest" storage="d:\cheng\workspace\onlinelearningsystem\onlinelearningsystem\timetasktestproject\bin\debug\timetasktestproject.dll" type="Microsoft.VisualStudio.TestTools.TestTypes.Unit.UnitTestElement, Microsoft.VisualStudio.QualityTools.Tips.UnitTest.ObjectModel, Version=10.0.0.0, Culture=neutral, PublicKeyToken=b03f5f7f11d50a3a" />
        <TestLink id="e150f346-bff2-8c91-1bd8-7c64841e8bdc" name="WhetherGenerateTest2_1" storage="d:\cheng\workspace\onlinelearningsystem\onlinelearningsystem\timetasktestproject\bin\debug\timetasktestproject.dll" type="Microsoft.VisualStudio.TestTools.TestTypes.Unit.UnitTestElement, Microsoft.VisualStudio.QualityTools.Tips.UnitTest.ObjectModel, Version=10.0.0.0, Culture=neutral, PublicKeyToken=b03f5f7f11d50a3a" />
      </TestLinks>
    </TestList>
  </TestLists>
  <TestEntries>
    <TestEntry testId="20adc531-bff2-51ab-a3b6-cc5e6444840d" executionId="dabe72b3-ff97-45dd-a60c-be56bb473ec1" testListId="40a6b4e8-faa4-48ff-b4a7-5a05fc8022e0" />
    <TestEntry testId="0ee2da42-0c4f-06ee-3740-45387acc80af" executionId="984459c0-dbbf-45aa-a588-87b73946a9e5" testListId="c99f4df9-b38b-4b4c-b0b6-807319378754" />
    <TestEntry testId="12a5b5ca-5fad-a7a1-d175-a54fd204cf1d" executionId="eddbe252-d676-4c11-ac0b-c89986c264ed" testListId="d0bec498-8504-4422-a04a-3f5b53165dba" />
    <TestEntry testId="fb1c8d72-d9d7-a91b-18f5-964be260cc82" executionId="0b7b9cec-0c47-4be2-bcfa-e0b6fdf8fd5b" testListId="d0bec498-8504-4422-a04a-3f5b53165dba" />
    <TestEntry testId="79ae84fc-9118-70c4-a07c-5f731bce7e4f" executionId="6483fcdc-08e4-4a62-a3f1-94b53529356d" testListId="d0bec498-8504-4422-a04a-3f5b53165dba" />
    <TestEntry testId="ce228dcf-67a5-e47c-a682-9256b0ba2107" executionId="bdd1c18e-0460-445a-8e71-9bdcf56e39aa" testListId="d706afe2-eed9-40f5-bc01-6b93866f5223" />
    <TestEntry testId="0fa5c02a-7974-1c0b-5aa5-899cb032ce09" executionId="07ad03bd-1c2d-4461-ab78-7924e1743aac" testListId="d706afe2-eed9-40f5-bc01-6b93866f5223" />
    <TestEntry testId="e150f346-bff2-8c91-1bd8-7c64841e8bdc" executionId="a78dc5d5-f05c-4fa6-b0ce-e5dd3459e301" testListId="d706afe2-eed9-40f5-bc01-6b93866f5223" />
    <TestEntry testId="b7d46d0c-579a-5f1e-4a2e-9e8ffd6a1ecd" executionId="072bc017-3b21-4222-ab7b-871399919136" testListId="d706afe2-eed9-40f5-bc01-6b93866f5223" />
    <TestEntry testId="0b1f85d3-9a29-f28e-5f2f-aa36057efe13" executionId="88c08b7d-628b-4d88-9db9-80e4211a14a6" testListId="d706afe2-eed9-40f5-bc01-6b93866f5223" />
    <TestEntry testId="a2677fa3-1377-b1d6-2dc3-a05016706a73" executionId="e6ed56df-12c9-42d4-9ec1-2206492eae7e" testListId="d706afe2-eed9-40f5-bc01-6b93866f5223" />
    <TestEntry testId="eb718d0c-eda5-9bad-4269-872ef048b027" executionId="32d66b95-cd80-4fb2-9074-cefa5c8a58d7" testListId="d706afe2-eed9-40f5-bc01-6b93866f5223" />
    <TestEntry testId="f55598dc-aeee-d46d-9d65-39c063ae5aec" executionId="a8ea6a55-55bc-471f-8bfa-aaaf0d888ce1" testListId="d706afe2-eed9-40f5-bc01-6b93866f5223" />
    <TestEntry testId="900cb099-340c-65ad-316c-a0ce6dcd4a19" executionId="71f0f785-b6fa-4a4c-b98f-852ede26df52" testListId="d706afe2-eed9-40f5-bc01-6b93866f5223" />
    <TestEntry testId="c72c12d9-0323-9dc4-697e-9922a29328d3" executionId="3226687a-185c-49e6-8ab6-d71e6b951a65" testListId="d706afe2-eed9-40f5-bc01-6b93866f5223" />
    <TestEntry testId="2ff07b81-5f76-3e1f-3d27-8cb33a5fa1fc" executionId="718eb660-def2-4c74-8b17-353467d928b1" testListId="d706afe2-eed9-40f5-bc01-6b93866f5223" />
    <TestEntry testId="5507b68c-3825-9d01-fb80-52ee158e2ed4" executionId="d4ee2d13-4ba4-4be7-a5d5-8552e4497a24" testListId="d706afe2-eed9-40f5-bc01-6b93866f5223" />
    <TestEntry testId="7d14e896-764f-1c1a-04c1-0ab31ece422a" executionId="245a1579-8769-4827-8c29-cb26cde4b65b" testListId="d706afe2-eed9-40f5-bc01-6b93866f5223" />
    <TestEntry testId="c85eca0d-57bf-7079-7304-0bd2a4786b8e" executionId="4bc81000-b1f5-433a-ae90-e7b311b09afb" testListId="d706afe2-eed9-40f5-bc01-6b93866f5223" />
    <TestEntry testId="cd55069d-13a4-c03f-790f-0cf9afc1d87a" executionId="205f9d7e-98c4-4e27-b736-df38507ef03b" testListId="d706afe2-eed9-40f5-bc01-6b93866f5223" />
  </TestEntries>
  <Results>
    <UnitTestResult executionId="dabe72b3-ff97-45dd-a60c-be56bb473ec1" testId="20adc531-bff2-51ab-a3b6-cc5e6444840d" testName="ChangeTest" computerName="CHENGVMWIN7X641" duration="00:00:11.5743021" startTime="2016-01-29T17:48:02.4735477+08:00" endTime="2016-01-29T17:48:14.6062417+08:00" testType="13cdc9d9-ddb5-4fa4-a97d-d965ccfc6d4b" outcome="Passed" testListId="40a6b4e8-faa4-48ff-b4a7-5a05fc8022e0" relativeResultsDirectory="dabe72b3-ff97-45dd-a60c-be56bb473ec1">
      <Output>
        <DebugTrace>“清除考试任务”操作返回 0 。
“清除考试任务”操作返回 41 。
</DebugTrace>
      </Output>
    </UnitTestResult>
    <UnitTestResult executionId="984459c0-dbbf-45aa-a588-87b73946a9e5" testId="0ee2da42-0c4f-06ee-3740-45387acc80af" testName="GetExceptionMessageTest" computerName="CHENGVMWIN7X641" duration="00:00:00.6871457" startTime="2016-01-29T17:48:14.6072418+08:00" endTime="2016-01-29T17:48:15.5872978+08:00" testType="13cdc9d9-ddb5-4fa4-a97d-d965ccfc6d4b" outcome="Passed" testListId="c99f4df9-b38b-4b4c-b0b6-807319378754" relativeResultsDirectory="984459c0-dbbf-45aa-a588-87b73946a9e5">
      <Output>
        <DebugTrace>Message: 测试抛出错误。\r\nSource: \r\nStackTrace: \r\n\r\nDataInfo: 附加数据信息。\r\n
</DebugTrace>
      </Output>
    </UnitTestResult>
    <UnitTestResult executionId="eddbe252-d676-4c11-ac0b-c89986c264ed" testId="12a5b5ca-5fad-a7a1-d175-a54fd204cf1d" testName="ChangeTest2" computerName="CHENGVMWIN7X641" duration="00:00:10.5828172" startTime="2016-01-29T17:48:15.5902980+08:00" endTime="2016-01-29T17:48:26.2479076+08:00" testType="13cdc9d9-ddb5-4fa4-a97d-d965ccfc6d4b" outcome="Passed" testListId="d0bec498-8504-4422-a04a-3f5b53165dba" relativeResultsDirectory="eddbe252-d676-4c11-ac0b-c89986c264ed">
      <Output>
        <DebugTrace>“清除考试任务”操作返回 0 。
“清除考试任务”操作返回 17 。
</DebugTrace>
      </Output>
    </UnitTestResult>
    <UnitTestResult executionId="0b7b9cec-0c47-4be2-bcfa-e0b6fdf8fd5b" testId="fb1c8d72-d9d7-a91b-18f5-964be260cc82" testName="ChangeTest3" computerName="CHENGVMWIN7X641" duration="00:01:15.2984149" startTime="2016-01-29T17:48:26.2509077+08:00" endTime="2016-01-29T17:49:41.6112181+08:00" testType="13cdc9d9-ddb5-4fa4-a97d-d965ccfc6d4b" outcome="Passed" testListId="d0bec498-8504-4422-a04a-3f5b53165dba" relativeResultsDirectory="0b7b9cec-0c47-4be2-bcfa-e0b6fdf8fd5b">
      <Output>
        <DebugTrace>“清除考试任务”操作返回 0 。
“清除考试任务”操作返回 17 。
</DebugTrace>
      </Output>
    </UnitTestResult>
    <UnitTestResult executionId="6483fcdc-08e4-4a62-a3f1-94b53529356d" testId="79ae84fc-9118-70c4-a07c-5f731bce7e4f" testName="ChangeTest1" computerName="CHENGVMWIN7X641" duration="00:00:10.5305920" startTime="2016-01-29T17:49:41.6132182+08:00" endTime="2016-01-29T17:49:52.2128245+08:00" testType="13cdc9d9-ddb5-4fa4-a97d-d965ccfc6d4b" outcome="Passed" testListId="d0bec498-8504-4422-a04a-3f5b53165dba" relativeResultsDirectory="6483fcdc-08e4-4a62-a3f1-94b53529356d">
      <Output>
        <DebugTrace>“清除考试任务”操作返回 0 。
“清除考试任务”操作返回 34 。
</DebugTrace>
      </Output>
    </UnitTestResult>
    <UnitTestResult executionId="bdd1c18e-0460-445a-8e71-9bdcf56e39aa" testId="ce228dcf-67a5-e47c-a682-9256b0ba2107" testName="WhetherGenerateTest3_1" computerName="CHENGVMWIN7X641" duration="00:00:00.0091099" startTime="2016-01-29T17:49:52.2198249+08:00" endTime="2016-01-29T17:49:52.2928291+08:00" testType="13cdc9d9-ddb5-4fa4-a97d-d965ccfc6d4b" outcome="Passed" testListId="d706afe2-eed9-40f5-bc01-6b93866f5223" relativeResultsDirectory="bdd1c18e-0460-445a-8e71-9bdcf56e39aa">
      <Output>
        <DebugTrace>“清除考试任务”操作返回 0 。
“清除考试任务”操作返回 0 。
</DebugTrace>
      </Output>
    </UnitTestResult>
    <UnitTestResult executionId="07ad03bd-1c2d-4461-ab78-7924e1743aac" testId="0fa5c02a-7974-1c0b-5aa5-899cb032ce09" testName="AdjustRatiosTest" computerName="CHENGVMWIN7X641" duration="00:00:00.0106090" startTime="2016-01-29T17:49:52.2948292+08:00" endTime="2016-01-29T17:49:52.3678333+08:00" testType="13cdc9d9-ddb5-4fa4-a97d-d965ccfc6d4b" outcome="Passed" testListId="d706afe2-eed9-40f5-bc01-6b93866f5223" relativeResultsDirectory="07ad03bd-1c2d-4461-ab78-7924e1743aac">
      <Output>
        <DebugTrace>“清除考试任务”操作返回 0 。
“清除考试任务”操作返回 0 。
</DebugTrace>
      </Output>
    </UnitTestResult>
    <UnitTestResult executionId="a78dc5d5-f05c-4fa6-b0ce-e5dd3459e301" testId="e150f346-bff2-8c91-1bd8-7c64841e8bdc" testName="WhetherGenerateTest2_1" computerName="CHENGVMWIN7X641" duration="00:00:00.0079640" startTime="2016-01-29T17:49:52.3698335+08:00" endTime="2016-01-29T17:49:52.4328371+08:00" testType="13cdc9d9-ddb5-4fa4-a97d-d965ccfc6d4b" outcome="Passed" testListId="d706afe2-eed9-40f5-bc01-6b93866f5223" relativeResultsDirectory="a78dc5d5-f05c-4fa6-b0ce-e5dd3459e301">
      <Output>
        <DebugTrace>“清除考试任务”操作返回 0 。
“清除考试任务”操作返回 0 。
</DebugTrace>
      </Output>
    </UnitTestResult>
    <UnitTestResult executionId="072bc017-3b21-4222-ab7b-871399919136" testId="b7d46d0c-579a-5f1e-4a2e-9e8ffd6a1ecd" testName="GetQuestionsTest" computerName="CHENGVMWIN7X641" duration="00:00:00.1011995" startTime="2016-01-29T17:49:52.4338371+08:00" endTime="2016-01-29T17:49:52.5988466+08:00" testType="13cdc9d9-ddb5-4fa4-a97d-d965ccfc6d4b" outcome="Passed" testListId="d706afe2-eed9-40f5-bc01-6b93866f5223" relativeResultsDirectory="072bc017-3b21-4222-ab7b-871399919136">
      <Output>
        <DebugTrace>“清除考试任务”操作返回 0 。
“清除考试任务”操作返回 0 。
</DebugTrace>
      </Output>
    </UnitTestResult>
    <UnitTestResult executionId="88c08b7d-628b-4d88-9db9-80e4211a14a6" testId="0b1f85d3-9a29-f28e-5f2f-aa36057efe13" testName="SelectQuestionsWithNumberTest" computerName="CHENGVMWIN7X641" duration="00:00:00.0394430" startTime="2016-01-29T17:49:52.6068470+08:00" endTime="2016-01-29T17:49:52.7238537+08:00" testType="13cdc9d9-ddb5-4fa4-a97d-d965ccfc6d4b" outcome="Passed" testListId="d706afe2-eed9-40f5-bc01-6b93866f5223" relativeResultsDirectory="88c08b7d-628b-4d88-9db9-80e4211a14a6">
      <Output>
        <DebugTrace>“清除考试任务”操作返回 0 。
试题类型：单选题；现有数量：1；需要数量：20。
------------------------------
Question Type:
    单选题
    单选题
    单选题
    多选题
    多选题
    多选题
    判断题
    判断题
    判断题
    判断题
------------------------------
“清除考试任务”操作返回 0 。
</DebugTrace>
      </Output>
    </UnitTestResult>
    <UnitTestResult executionId="e6ed56df-12c9-42d4-9ec1-2206492eae7e" testId="a2677fa3-1377-b1d6-2dc3-a05016706a73" testName="WhetherGenerateTest1" computerName="CHENGVMWIN7X641" duration="00:00:00.0113536" startTime="2016-01-29T17:49:52.7268539+08:00" endTime="2016-01-29T17:49:52.8188591+08:00" testType="13cdc9d9-ddb5-4fa4-a97d-d965ccfc6d4b" outcome="Passed" testListId="d706afe2-eed9-40f5-bc01-6b93866f5223" relativeResultsDirectory="e6ed56df-12c9-42d4-9ec1-2206492eae7e">
      <Output>
        <DebugTrace>“清除考试任务”操作返回 0 。
“清除考试任务”操作返回 0 。
</DebugTrace>
      </Output>
    </UnitTestResult>
    <UnitTestResult executionId="32d66b95-cd80-4fb2-9074-cefa5c8a58d7" testId="eb718d0c-eda5-9bad-4269-872ef048b027" testName="WhetherGenerateTest3" computerName="CHENGVMWIN7X641" duration="00:00:00.0165459" startTime="2016-01-29T17:49:52.8208593+08:00" endTime="2016-01-29T17:49:52.9158647+08:00" testType="13cdc9d9-ddb5-4fa4-a97d-d965ccfc6d4b" outcome="Passed" testListId="d706afe2-eed9-40f5-bc01-6b93866f5223" relativeResultsDirectory="32d66b95-cd80-4fb2-9074-cefa5c8a58d7">
      <Output>
        <DebugTrace>“清除考试任务”操作返回 0 。
“清除考试任务”操作返回 0 。
</DebugTrace>
      </Output>
    </UnitTestResult>
    <UnitTestResult executionId="a8ea6a55-55bc-471f-8bfa-aaaf0d888ce1" testId="f55598dc-aeee-d46d-9d65-39c063ae5aec" testName="SelectQuestionsWithScoreTest" computerName="CHENGVMWIN7X641" duration="00:00:00.0353707" startTime="2016-01-29T17:49:52.9178648+08:00" endTime="2016-01-29T17:49:53.0288712+08:00" testType="13cdc9d9-ddb5-4fa4-a97d-d965ccfc6d4b" outcome="Passed" testListId="d706afe2-eed9-40f5-bc01-6b93866f5223" relativeResultsDirectory="a8ea6a55-55bc-471f-8bfa-aaaf0d888ce1">
      <Output>
        <DebugTrace>“清除考试任务”操作返回 0 。
Question Score:
    2
    2
    2
    2
    6
    6
    6
    3
    3
    3
    3
    8
    18
    23
    13
Question Id:
    178
    168
    525
    390
    57
    689
    655
    487
    475
    706
    871
    90
    501
    755
    988
“清除考试任务”操作返回 0 。
</DebugTrace>
      </Output>
    </UnitTestResult>
    <UnitTestResult executionId="71f0f785-b6fa-4a4c-b98f-852ede26df52" testId="900cb099-340c-65ad-316c-a0ce6dcd4a19" testName="WhetherGenerateTest1_2" computerName="CHENGVMWIN7X641" duration="00:00:00.0173750" startTime="2016-01-29T17:49:53.0308713+08:00" endTime="2016-01-29T17:49:53.1208764+08:00" testType="13cdc9d9-ddb5-4fa4-a97d-d965ccfc6d4b" outcome="Passed" testListId="d706afe2-eed9-40f5-bc01-6b93866f5223" relativeResultsDirectory="71f0f785-b6fa-4a4c-b98f-852ede26df52">
      <Output>
        <DebugTrace>“清除考试任务”操作返回 0 。
“清除考试任务”操作返回 0 。
</DebugTrace>
      </Output>
    </UnitTestResult>
    <UnitTestResult executionId="3226687a-185c-49e6-8ab6-d71e6b951a65" testId="c72c12d9-0323-9dc4-697e-9922a29328d3" testName="GenerateEtTest" computerName="CHENGVMWIN7X641" duration="00:00:00.1327551" startTime="2016-01-29T17:49:53.1218765+08:00" endTime="2016-01-29T17:49:53.3128874+08:00" testType="13cdc9d9-ddb5-4fa4-a97d-d965ccfc6d4b" outcome="Passed" testListId="d706afe2-eed9-40f5-bc01-6b93866f5223" relativeResultsDirectory="3226687a-185c-49e6-8ab6-d71e6b951a65">
      <Output>
        <DebugTrace>“清除考试任务”操作返回 0 。
“清除考试任务”操作返回 0 。
</DebugTrace>
      </Output>
    </UnitTestResult>
    <UnitTestResult executionId="718eb660-def2-4c74-8b17-353467d928b1" testId="2ff07b81-5f76-3e1f-3d27-8cb33a5fa1fc" testName="GenerateTest" computerName="CHENGVMWIN7X641" duration="00:00:00.3815546" startTime="2016-01-29T17:49:53.3148875+08:00" endTime="2016-01-29T17:49:53.7509124+08:00" testType="13cdc9d9-ddb5-4fa4-a97d-d965ccfc6d4b" outcome="Passed" testListId="d706afe2-eed9-40f5-bc01-6b93866f5223" relativeResultsDirectory="718eb660-def2-4c74-8b17-353467d928b1">
      <Output>
        <DebugTrace>“清除考试任务”操作返回 0 。
“清除考试任务”操作返回 18 。
</DebugTrace>
      </Output>
    </UnitTestResult>
    <UnitTestResult executionId="d4ee2d13-4ba4-4be7-a5d5-8552e4497a24" testId="5507b68c-3825-9d01-fb80-52ee158e2ed4" testName="WhetherGenerateTest2" computerName="CHENGVMWIN7X641" duration="00:00:00.0106683" startTime="2016-01-29T17:49:53.7529126+08:00" endTime="2016-01-29T17:49:53.8269168+08:00" testType="13cdc9d9-ddb5-4fa4-a97d-d965ccfc6d4b" outcome="Passed" testListId="d706afe2-eed9-40f5-bc01-6b93866f5223" relativeResultsDirectory="d4ee2d13-4ba4-4be7-a5d5-8552e4497a24">
      <Output>
        <DebugTrace>“清除考试任务”操作返回 0 。
“清除考试任务”操作返回 0 。
</DebugTrace>
      </Output>
    </UnitTestResult>
    <UnitTestResult executionId="245a1579-8769-4827-8c29-cb26cde4b65b" testId="7d14e896-764f-1c1a-04c1-0ab31ece422a" testName="WhetherGenerateTest1_1" computerName="CHENGVMWIN7X641" duration="00:00:00.0080694" startTime="2016-01-29T17:49:53.8279169+08:00" endTime="2016-01-29T17:49:53.8959207+08:00" testType="13cdc9d9-ddb5-4fa4-a97d-d965ccfc6d4b" outcome="Passed" testListId="d706afe2-eed9-40f5-bc01-6b93866f5223" relativeResultsDirectory="245a1579-8769-4827-8c29-cb26cde4b65b">
      <Output>
        <DebugTrace>“清除考试任务”操作返回 0 。
“清除考试任务”操作返回 0 。
</DebugTrace>
      </Output>
    </UnitTestResult>
    <UnitTestResult executionId="4bc81000-b1f5-433a-ae90-e7b311b09afb" testId="c85eca0d-57bf-7079-7304-0bd2a4786b8e" testName="GenerateWithNumberTest" computerName="CHENGVMWIN7X641" duration="00:00:00.1346956" startTime="2016-01-29T17:49:53.8979209+08:00" endTime="2016-01-29T17:49:54.0939321+08:00" testType="13cdc9d9-ddb5-4fa4-a97d-d965ccfc6d4b" outcome="Passed" testListId="d706afe2-eed9-40f5-bc01-6b93866f5223" relativeResultsDirectory="4bc81000-b1f5-433a-ae90-e7b311b09afb">
      <Output>
        <DebugTrace>“清除考试任务”操作返回 0 。
备选试题总数：10
“清除考试任务”操作返回 2 。
</DebugTrace>
      </Output>
    </UnitTestResult>
    <UnitTestResult executionId="205f9d7e-98c4-4e27-b736-df38507ef03b" testId="cd55069d-13a4-c03f-790f-0cf9afc1d87a" testName="GenerateWithScoreTest" computerName="CHENGVMWIN7X641" duration="00:00:00.1529533" startTime="2016-01-29T17:49:54.0939321+08:00" endTime="2016-01-29T17:49:54.3109445+08:00" testType="13cdc9d9-ddb5-4fa4-a97d-d965ccfc6d4b" outcome="Passed" testListId="d706afe2-eed9-40f5-bc01-6b93866f5223" relativeResultsDirectory="205f9d7e-98c4-4e27-b736-df38507ef03b">
      <Output>
        <DebugTrace>“清除考试任务”操作返回 0 。
“清除考试任务”操作返回 2 。
</DebugTrace>
      </Output>
    </UnitTestResult>
  </Results>
</TestRun>