<?xml version="1.0" encoding="UTF-8"?>
<TestRun id="ee6e6752-86cd-4d43-9451-4cfa5adbd19c" name="DEV@CHENGVMWIN7X641 2016-01-27 10:01:35" runUser="CHENGVMWIN7X641\DEV" xmlns="http://microsoft.com/schemas/VisualStudio/TeamTest/2010">
  <TestSettings name="本地" id="fb35cadf-f513-4997-8927-662f65f1d0dd">
    <Description>这些设置为本地测试运行的默认测试设置。</Description>
    <Deployment enabled="false" runDeploymentRoot="DEV_CHENGVMWIN7X641 2016-01-27 10_01_35">
      <DeploymentItem filename="D:\Cheng\Workspace\OnlineLearningSystem\OnlineLearningSystem\OnlineLearningSystem\Content\lib\ueditor\1.4.3\net\Bin\Newtonsoft.Json.dll" />
      <DeploymentItem filename="D:\Cheng\Workspace\OnlineLearningSystem\OnlineLearningSystem\packages\EntityFramework.4.1.10331.0\lib\EntityFramework.dll" />
      <DeploymentItem filename="D:\Cheng\Workspace\OnlineLearningSystem\OnlineLearningSystem\OnlineLearningSystem\bin\OnlineLearningSystem.dll" />
    </Deployment>
    <Execution>
      <TestTypeSpecific />
      <AgentRule name="Execution Agents">
      </AgentRule>
    </Execution>
  </TestSettings>
  <Times creation="2016-01-27T10:01:35.0940490+08:00" queuing="2016-01-27T10:01:35.1660531+08:00" start="2016-01-27T10:01:35.1950548+08:00" finish="2016-01-27T10:01:52.8070621+08:00" />
  <ResultSummary outcome="Failed">
    <Counters total="16" executed="16" passed="15" error="0" failed="1" timeout="0" aborted="0" inconclusive="0" passedButRunAborted="0" notRunnable="0" notExecuted="0" disconnected="0" warning="0" completed="0" inProgress="0" pending="0" />
    <RunInfos>
      <RunInfo computerName="CHENGVMWIN7X641" outcome="Warning" timestamp="2016-01-27T10:01:35.1660531+08:00">
        <Text>当前已禁用部署。未部署测试“TimeTaskTestProject.GeneratePaperTemplateTest.WhetherGenerateTest1”中的部署项“OnlineLearningSystem.dll”。</Text>
      </RunInfo>
    </RunInfos>
  </ResultSummary>
  <TestDefinitions>
    <UnitTest name="WhetherGenerateTest1" storage="d:\cheng\workspace\onlinelearningsystem\onlinelearningsystem\timetasktestproject\bin\debug\timetasktestproject.dll" id="a2677fa3-1377-b1d6-2dc3-a05016706a73">
      <DeploymentItems>
        <DeploymentItem filename="OnlineLearningSystem.dll" />
      </DeploymentItems>
      <Execution id="b9804eea-a6ee-47e5-8d41-c7cd6cbe5924" />
      <TestMethod codeBase="D:/Cheng/Workspace/OnlineLearningSystem/OnlineLearningSystem/TimeTaskTestProject/bin/Debug/TimeTaskTestProject.DLL" adapterTypeName="Microsoft.VisualStudio.TestTools.TestTypes.Unit.UnitTestAdapter, Microsoft.VisualStudio.QualityTools.Tips.UnitTest.Adapter, Version=10.0.0.0, Culture=neutral, PublicKeyToken=b03f5f7f11d50a3a" className="TimeTaskTestProject.GeneratePaperTemplateTest, TimeTaskTestProject, Version=1.0.0.0, Culture=neutral, PublicKeyToken=null" name="WhetherGenerateTest1" />
      <AspNet webSiteUrl="http://localhost:7128/Aspxs/Default.aspx">
        <Host pathToWebApp="D:\Cheng\Workspace\OnlineLearningSystem\OnlineLearningSystem\OnlineLearningSystem" webAppRoot="/" />
      </AspNet>
    </UnitTest>
    <UnitTest name="GenerateWithNumberTest" storage="d:\cheng\workspace\onlinelearningsystem\onlinelearningsystem\timetasktestproject\bin\debug\timetasktestproject.dll" id="c85eca0d-57bf-7079-7304-0bd2a4786b8e">
      <DeploymentItems>
        <DeploymentItem filename="OnlineLearningSystem.dll" />
      </DeploymentItems>
      <Execution id="930e53b1-2a47-482b-9440-30676916614a" />
      <TestMethod codeBase="D:/Cheng/Workspace/OnlineLearningSystem/OnlineLearningSystem/TimeTaskTestProject/bin/Debug/TimeTaskTestProject.DLL" adapterTypeName="Microsoft.VisualStudio.TestTools.TestTypes.Unit.UnitTestAdapter, Microsoft.VisualStudio.QualityTools.Tips.UnitTest.Adapter, Version=10.0.0.0, Culture=neutral, PublicKeyToken=b03f5f7f11d50a3a" className="TimeTaskTestProject.GeneratePaperTemplateTest, TimeTaskTestProject, Version=1.0.0.0, Culture=neutral, PublicKeyToken=null" name="GenerateWithNumberTest" />
      <AspNet webSiteUrl="http://localhost:7128/Aspxs/Default.aspx">
        <Host pathToWebApp="D:\Cheng\Workspace\OnlineLearningSystem\OnlineLearningSystem\OnlineLearningSystem" webAppRoot="/" />
      </AspNet>
    </UnitTest>
    <UnitTest name="GenerateEtTest" storage="d:\cheng\workspace\onlinelearningsystem\onlinelearningsystem\timetasktestproject\bin\debug\timetasktestproject.dll" id="c72c12d9-0323-9dc4-697e-9922a29328d3">
      <DeploymentItems>
        <DeploymentItem filename="OnlineLearningSystem.dll" />
      </DeploymentItems>
      <Execution id="6f771af3-3368-4cd1-895d-c528840debe1" />
      <TestMethod codeBase="D:/Cheng/Workspace/OnlineLearningSystem/OnlineLearningSystem/TimeTaskTestProject/bin/Debug/TimeTaskTestProject.DLL" adapterTypeName="Microsoft.VisualStudio.TestTools.TestTypes.Unit.UnitTestAdapter, Microsoft.VisualStudio.QualityTools.Tips.UnitTest.Adapter, Version=10.0.0.0, Culture=neutral, PublicKeyToken=b03f5f7f11d50a3a" className="TimeTaskTestProject.GeneratePaperTemplateTest, TimeTaskTestProject, Version=1.0.0.0, Culture=neutral, PublicKeyToken=null" name="GenerateEtTest" />
      <AspNet webSiteUrl="http://localhost:7128/Aspxs/Default.aspx">
        <Host pathToWebApp="D:\Cheng\Workspace\OnlineLearningSystem\OnlineLearningSystem\OnlineLearningSystem" webAppRoot="/" />
      </AspNet>
    </UnitTest>
    <UnitTest name="WhetherGenerateTest3" storage="d:\cheng\workspace\onlinelearningsystem\onlinelearningsystem\timetasktestproject\bin\debug\timetasktestproject.dll" id="eb718d0c-eda5-9bad-4269-872ef048b027">
      <DeploymentItems>
        <DeploymentItem filename="OnlineLearningSystem.dll" />
      </DeploymentItems>
      <Execution id="244376b6-6464-4fd6-b1f6-b505fbd3d56a" />
      <TestMethod codeBase="D:/Cheng/Workspace/OnlineLearningSystem/OnlineLearningSystem/TimeTaskTestProject/bin/Debug/TimeTaskTestProject.DLL" adapterTypeName="Microsoft.VisualStudio.TestTools.TestTypes.Unit.UnitTestAdapter, Microsoft.VisualStudio.QualityTools.Tips.UnitTest.Adapter, Version=10.0.0.0, Culture=neutral, PublicKeyToken=b03f5f7f11d50a3a" className="TimeTaskTestProject.GeneratePaperTemplateTest, TimeTaskTestProject, Version=1.0.0.0, Culture=neutral, PublicKeyToken=null" name="WhetherGenerateTest3" />
      <AspNet webSiteUrl="http://localhost:7128/Aspxs/Default.aspx">
        <Host pathToWebApp="D:\Cheng\Workspace\OnlineLearningSystem\OnlineLearningSystem\OnlineLearningSystem" webAppRoot="/" />
      </AspNet>
    </UnitTest>
    <UnitTest name="ChangeTest" storage="d:\cheng\workspace\onlinelearningsystem\onlinelearningsystem\timetasktestproject\bin\debug\timetasktestproject.dll" id="20adc531-bff2-51ab-a3b6-cc5e6444840d">
      <Execution id="671991f7-a925-4fd2-bb13-b72a8bbdeda1" />
      <TestMethod codeBase="D:/Cheng/Workspace/OnlineLearningSystem/OnlineLearningSystem/TimeTaskTestProject/bin/Debug/TimeTaskTestProject.DLL" adapterTypeName="Microsoft.VisualStudio.TestTools.TestTypes.Unit.UnitTestAdapter, Microsoft.VisualStudio.QualityTools.Tips.UnitTest.Adapter, Version=10.0.0.0, Culture=neutral, PublicKeyToken=b03f5f7f11d50a3a" className="TimeTaskTestProject.ChangePaperStatusTest, TimeTaskTestProject, Version=1.0.0.0, Culture=neutral, PublicKeyToken=null" name="ChangeTest" />
      <AspNet webSiteUrl="http://localhost:7128/Aspxs/Default.aspx">
        <Host pathToWebApp="D:\Cheng\Workspace\OnlineLearningSystem\OnlineLearningSystem\OnlineLearningSystem" webAppRoot="/" />
      </AspNet>
    </UnitTest>
    <UnitTest name="WhetherGenerateTest2_1" storage="d:\cheng\workspace\onlinelearningsystem\onlinelearningsystem\timetasktestproject\bin\debug\timetasktestproject.dll" id="e150f346-bff2-8c91-1bd8-7c64841e8bdc">
      <DeploymentItems>
        <DeploymentItem filename="OnlineLearningSystem.dll" />
      </DeploymentItems>
      <Execution id="fa09e096-bb17-45c0-9c89-e9d252cd3507" />
      <TestMethod codeBase="D:/Cheng/Workspace/OnlineLearningSystem/OnlineLearningSystem/TimeTaskTestProject/bin/Debug/TimeTaskTestProject.DLL" adapterTypeName="Microsoft.VisualStudio.TestTools.TestTypes.Unit.UnitTestAdapter, Microsoft.VisualStudio.QualityTools.Tips.UnitTest.Adapter, Version=10.0.0.0, Culture=neutral, PublicKeyToken=b03f5f7f11d50a3a" className="TimeTaskTestProject.GeneratePaperTemplateTest, TimeTaskTestProject, Version=1.0.0.0, Culture=neutral, PublicKeyToken=null" name="WhetherGenerateTest2_1" />
      <AspNet webSiteUrl="http://localhost:7128/Aspxs/Default.aspx">
        <Host pathToWebApp="D:\Cheng\Workspace\OnlineLearningSystem\OnlineLearningSystem\OnlineLearningSystem" webAppRoot="/" />
      </AspNet>
    </UnitTest>
    <UnitTest name="GenerateWithScoreTest" storage="d:\cheng\workspace\onlinelearningsystem\onlinelearningsystem\timetasktestproject\bin\debug\timetasktestproject.dll" id="cd55069d-13a4-c03f-790f-0cf9afc1d87a">
      <DeploymentItems>
        <DeploymentItem filename="OnlineLearningSystem.dll" />
      </DeploymentItems>
      <Execution id="06043bff-7b1b-433e-9d82-0534008201fd" />
      <TestMethod codeBase="D:/Cheng/Workspace/OnlineLearningSystem/OnlineLearningSystem/TimeTaskTestProject/bin/Debug/TimeTaskTestProject.DLL" adapterTypeName="Microsoft.VisualStudio.TestTools.TestTypes.Unit.UnitTestAdapter, Microsoft.VisualStudio.QualityTools.Tips.UnitTest.Adapter, Version=10.0.0.0, Culture=neutral, PublicKeyToken=b03f5f7f11d50a3a" className="TimeTaskTestProject.GeneratePaperTemplateTest, TimeTaskTestProject, Version=1.0.0.0, Culture=neutral, PublicKeyToken=null" name="GenerateWithScoreTest" />
      <AspNet webSiteUrl="http://localhost:7128/Aspxs/Default.aspx">
        <Host pathToWebApp="D:\Cheng\Workspace\OnlineLearningSystem\OnlineLearningSystem\OnlineLearningSystem" webAppRoot="/" />
      </AspNet>
    </UnitTest>
    <UnitTest name="SelectQuestionsWithNumberTest" storage="d:\cheng\workspace\onlinelearningsystem\onlinelearningsystem\timetasktestproject\bin\debug\timetasktestproject.dll" id="0b1f85d3-9a29-f28e-5f2f-aa36057efe13">
      <DeploymentItems>
        <DeploymentItem filename="OnlineLearningSystem.dll" />
      </DeploymentItems>
      <Execution id="5054f66b-d296-417a-b6a6-e5e742d828f6" />
      <TestMethod codeBase="D:/Cheng/Workspace/OnlineLearningSystem/OnlineLearningSystem/TimeTaskTestProject/bin/Debug/TimeTaskTestProject.DLL" adapterTypeName="Microsoft.VisualStudio.TestTools.TestTypes.Unit.UnitTestAdapter, Microsoft.VisualStudio.QualityTools.Tips.UnitTest.Adapter, Version=10.0.0.0, Culture=neutral, PublicKeyToken=b03f5f7f11d50a3a" className="TimeTaskTestProject.GeneratePaperTemplateTest, TimeTaskTestProject, Version=1.0.0.0, Culture=neutral, PublicKeyToken=null" name="SelectQuestionsWithNumberTest" />
      <AspNet webSiteUrl="http://localhost:7128/Aspxs/Default.aspx">
        <Host pathToWebApp="D:\Cheng\Workspace\OnlineLearningSystem\OnlineLearningSystem\OnlineLearningSystem" webAppRoot="/" />
      </AspNet>
    </UnitTest>
    <UnitTest name="AdjustRatiosTest" storage="d:\cheng\workspace\onlinelearningsystem\onlinelearningsystem\timetasktestproject\bin\debug\timetasktestproject.dll" id="0fa5c02a-7974-1c0b-5aa5-899cb032ce09">
      <DeploymentItems>
        <DeploymentItem filename="OnlineLearningSystem.dll" />
      </DeploymentItems>
      <Execution id="11503b64-ee0a-469b-99a1-3140513d4a52" />
      <TestMethod codeBase="D:/Cheng/Workspace/OnlineLearningSystem/OnlineLearningSystem/TimeTaskTestProject/bin/Debug/TimeTaskTestProject.DLL" adapterTypeName="Microsoft.VisualStudio.TestTools.TestTypes.Unit.UnitTestAdapter, Microsoft.VisualStudio.QualityTools.Tips.UnitTest.Adapter, Version=10.0.0.0, Culture=neutral, PublicKeyToken=b03f5f7f11d50a3a" className="TimeTaskTestProject.GeneratePaperTemplateTest, TimeTaskTestProject, Version=1.0.0.0, Culture=neutral, PublicKeyToken=null" name="AdjustRatiosTest" />
      <AspNet webSiteUrl="http://localhost:7128/Aspxs/Default.aspx">
        <Host pathToWebApp="D:\Cheng\Workspace\OnlineLearningSystem\OnlineLearningSystem\OnlineLearningSystem" webAppRoot="/" />
      </AspNet>
    </UnitTest>
    <UnitTest name="SelectQuestionsWithScoreTest" storage="d:\cheng\workspace\onlinelearningsystem\onlinelearningsystem\timetasktestproject\bin\debug\timetasktestproject.dll" id="f55598dc-aeee-d46d-9d65-39c063ae5aec">
      <DeploymentItems>
        <DeploymentItem filename="OnlineLearningSystem.dll" />
      </DeploymentItems>
      <Execution id="e1777d15-adf8-4762-b807-1e0cf9f5a8ac" />
      <TestMethod codeBase="D:/Cheng/Workspace/OnlineLearningSystem/OnlineLearningSystem/TimeTaskTestProject/bin/Debug/TimeTaskTestProject.DLL" adapterTypeName="Microsoft.VisualStudio.TestTools.TestTypes.Unit.UnitTestAdapter, Microsoft.VisualStudio.QualityTools.Tips.UnitTest.Adapter, Version=10.0.0.0, Culture=neutral, PublicKeyToken=b03f5f7f11d50a3a" className="TimeTaskTestProject.GeneratePaperTemplateTest, TimeTaskTestProject, Version=1.0.0.0, Culture=neutral, PublicKeyToken=null" name="SelectQuestionsWithScoreTest" />
      <AspNet webSiteUrl="http://localhost:7128/Aspxs/Default.aspx">
        <Host pathToWebApp="D:\Cheng\Workspace\OnlineLearningSystem\OnlineLearningSystem\OnlineLearningSystem" webAppRoot="/" />
      </AspNet>
    </UnitTest>
    <UnitTest name="WhetherGenerateTest2" storage="d:\cheng\workspace\onlinelearningsystem\onlinelearningsystem\timetasktestproject\bin\debug\timetasktestproject.dll" id="5507b68c-3825-9d01-fb80-52ee158e2ed4">
      <DeploymentItems>
        <DeploymentItem filename="OnlineLearningSystem.dll" />
      </DeploymentItems>
      <Execution id="85588ef3-a65f-4233-98ba-30f25a121f29" />
      <TestMethod codeBase="D:/Cheng/Workspace/OnlineLearningSystem/OnlineLearningSystem/TimeTaskTestProject/bin/Debug/TimeTaskTestProject.DLL" adapterTypeName="Microsoft.VisualStudio.TestTools.TestTypes.Unit.UnitTestAdapter, Microsoft.VisualStudio.QualityTools.Tips.UnitTest.Adapter, Version=10.0.0.0, Culture=neutral, PublicKeyToken=b03f5f7f11d50a3a" className="TimeTaskTestProject.GeneratePaperTemplateTest, TimeTaskTestProject, Version=1.0.0.0, Culture=neutral, PublicKeyToken=null" name="WhetherGenerateTest2" />
      <AspNet webSiteUrl="http://localhost:7128/Aspxs/Default.aspx">
        <Host pathToWebApp="D:\Cheng\Workspace\OnlineLearningSystem\OnlineLearningSystem\OnlineLearningSystem" webAppRoot="/" />
      </AspNet>
    </UnitTest>
    <UnitTest name="GenerateTest" storage="d:\cheng\workspace\onlinelearningsystem\onlinelearningsystem\timetasktestproject\bin\debug\timetasktestproject.dll" id="2ff07b81-5f76-3e1f-3d27-8cb33a5fa1fc">
      <DeploymentItems>
        <DeploymentItem filename="OnlineLearningSystem.dll" />
      </DeploymentItems>
      <Execution id="e203ff25-51f5-4875-bcda-60b52417606a" />
      <TestMethod codeBase="D:/Cheng/Workspace/OnlineLearningSystem/OnlineLearningSystem/TimeTaskTestProject/bin/Debug/TimeTaskTestProject.DLL" adapterTypeName="Microsoft.VisualStudio.TestTools.TestTypes.Unit.UnitTestAdapter, Microsoft.VisualStudio.QualityTools.Tips.UnitTest.Adapter, Version=10.0.0.0, Culture=neutral, PublicKeyToken=b03f5f7f11d50a3a" className="TimeTaskTestProject.GeneratePaperTemplateTest, TimeTaskTestProject, Version=1.0.0.0, Culture=neutral, PublicKeyToken=null" name="GenerateTest" />
      <AspNet webSiteUrl="http://localhost:7128/Aspxs/Default.aspx">
        <Host pathToWebApp="D:\Cheng\Workspace\OnlineLearningSystem\OnlineLearningSystem\OnlineLearningSystem" webAppRoot="/" />
      </AspNet>
    </UnitTest>
    <UnitTest name="WhetherGenerateTest3_1" storage="d:\cheng\workspace\onlinelearningsystem\onlinelearningsystem\timetasktestproject\bin\debug\timetasktestproject.dll" id="ce228dcf-67a5-e47c-a682-9256b0ba2107">
      <DeploymentItems>
        <DeploymentItem filename="OnlineLearningSystem.dll" />
      </DeploymentItems>
      <Execution id="77a062dc-d4ad-41a5-a5ed-b19aa5d73806" />
      <TestMethod codeBase="D:/Cheng/Workspace/OnlineLearningSystem/OnlineLearningSystem/TimeTaskTestProject/bin/Debug/TimeTaskTestProject.DLL" adapterTypeName="Microsoft.VisualStudio.TestTools.TestTypes.Unit.UnitTestAdapter, Microsoft.VisualStudio.QualityTools.Tips.UnitTest.Adapter, Version=10.0.0.0, Culture=neutral, PublicKeyToken=b03f5f7f11d50a3a" className="TimeTaskTestProject.GeneratePaperTemplateTest, TimeTaskTestProject, Version=1.0.0.0, Culture=neutral, PublicKeyToken=null" name="WhetherGenerateTest3_1" />
      <AspNet webSiteUrl="http://localhost:7128/Aspxs/Default.aspx">
        <Host pathToWebApp="D:\Cheng\Workspace\OnlineLearningSystem\OnlineLearningSystem\OnlineLearningSystem" webAppRoot="/" />
      </AspNet>
    </UnitTest>
    <UnitTest name="WhetherGenerateTest1_1" storage="d:\cheng\workspace\onlinelearningsystem\onlinelearningsystem\timetasktestproject\bin\debug\timetasktestproject.dll" id="7d14e896-764f-1c1a-04c1-0ab31ece422a">
      <DeploymentItems>
        <DeploymentItem filename="OnlineLearningSystem.dll" />
      </DeploymentItems>
      <Execution id="67777ec9-9c1d-4c95-ab07-9133527defc6" />
      <TestMethod codeBase="D:/Cheng/Workspace/OnlineLearningSystem/OnlineLearningSystem/TimeTaskTestProject/bin/Debug/TimeTaskTestProject.DLL" adapterTypeName="Microsoft.VisualStudio.TestTools.TestTypes.Unit.UnitTestAdapter, Microsoft.VisualStudio.QualityTools.Tips.UnitTest.Adapter, Version=10.0.0.0, Culture=neutral, PublicKeyToken=b03f5f7f11d50a3a" className="TimeTaskTestProject.GeneratePaperTemplateTest, TimeTaskTestProject, Version=1.0.0.0, Culture=neutral, PublicKeyToken=null" name="WhetherGenerateTest1_1" />
      <AspNet webSiteUrl="http://localhost:7128/Aspxs/Default.aspx">
        <Host pathToWebApp="D:\Cheng\Workspace\OnlineLearningSystem\OnlineLearningSystem\OnlineLearningSystem" webAppRoot="/" />
      </AspNet>
    </UnitTest>
    <UnitTest name="WhetherGenerateTest1_2" storage="d:\cheng\workspace\onlinelearningsystem\onlinelearningsystem\timetasktestproject\bin\debug\timetasktestproject.dll" id="900cb099-340c-65ad-316c-a0ce6dcd4a19">
      <DeploymentItems>
        <DeploymentItem filename="OnlineLearningSystem.dll" />
      </DeploymentItems>
      <Execution id="469b85de-e560-4b48-adef-494910adccdb" />
      <TestMethod codeBase="D:/Cheng/Workspace/OnlineLearningSystem/OnlineLearningSystem/TimeTaskTestProject/bin/Debug/TimeTaskTestProject.DLL" adapterTypeName="Microsoft.VisualStudio.TestTools.TestTypes.Unit.UnitTestAdapter, Microsoft.VisualStudio.QualityTools.Tips.UnitTest.Adapter, Version=10.0.0.0, Culture=neutral, PublicKeyToken=b03f5f7f11d50a3a" className="TimeTaskTestProject.GeneratePaperTemplateTest, TimeTaskTestProject, Version=1.0.0.0, Culture=neutral, PublicKeyToken=null" name="WhetherGenerateTest1_2" />
      <AspNet webSiteUrl="http://localhost:7128/Aspxs/Default.aspx">
        <Host pathToWebApp="D:\Cheng\Workspace\OnlineLearningSystem\OnlineLearningSystem\OnlineLearningSystem" webAppRoot="/" />
      </AspNet>
    </UnitTest>
    <UnitTest name="GetQuestionsTest" storage="d:\cheng\workspace\onlinelearningsystem\onlinelearningsystem\timetasktestproject\bin\debug\timetasktestproject.dll" id="b7d46d0c-579a-5f1e-4a2e-9e8ffd6a1ecd">
      <DeploymentItems>
        <DeploymentItem filename="OnlineLearningSystem.dll" />
      </DeploymentItems>
      <Execution id="3ef3f66b-f201-45fe-b51d-30d3530132b3" />
      <TestMethod codeBase="D:/Cheng/Workspace/OnlineLearningSystem/OnlineLearningSystem/TimeTaskTestProject/bin/Debug/TimeTaskTestProject.DLL" adapterTypeName="Microsoft.VisualStudio.TestTools.TestTypes.Unit.UnitTestAdapter, Microsoft.VisualStudio.QualityTools.Tips.UnitTest.Adapter, Version=10.0.0.0, Culture=neutral, PublicKeyToken=b03f5f7f11d50a3a" className="TimeTaskTestProject.GeneratePaperTemplateTest, TimeTaskTestProject, Version=1.0.0.0, Culture=neutral, PublicKeyToken=null" name="GetQuestionsTest" />
      <AspNet webSiteUrl="http://localhost:7128/Aspxs/Default.aspx">
        <Host pathToWebApp="D:\Cheng\Workspace\OnlineLearningSystem\OnlineLearningSystem\OnlineLearningSystem" webAppRoot="/" />
      </AspNet>
    </UnitTest>
  </TestDefinitions>
  <TestLists>
    <TestList name="所有已加载的结果" id="19431567-8539-422a-85d7-44ee4e166bda" />
    <TestList name="结果列表" id="8c43106b-9dc1-4907-a29f-aa66a61bf5b6" />
    <TestList name="GeneratePaperTemplateTest" id="d706afe2-eed9-40f5-bc01-6b93866f5223" parentListId="8c43106b-9dc1-4907-a29f-aa66a61bf5b6">
      <TestLinks>
        <TestLink id="7d14e896-764f-1c1a-04c1-0ab31ece422a" name="WhetherGenerateTest1_1" storage="d:\cheng\workspace\onlinelearningsystem\onlinelearningsystem\timetasktestproject\bin\debug\timetasktestproject.dll" type="Microsoft.VisualStudio.TestTools.TestTypes.Unit.UnitTestElement, Microsoft.VisualStudio.QualityTools.Tips.UnitTest.ObjectModel, Version=10.0.0.0, Culture=neutral, PublicKeyToken=b03f5f7f11d50a3a" />
        <TestLink id="ce228dcf-67a5-e47c-a682-9256b0ba2107" name="WhetherGenerateTest3_1" storage="d:\cheng\workspace\onlinelearningsystem\onlinelearningsystem\timetasktestproject\bin\debug\timetasktestproject.dll" type="Microsoft.VisualStudio.TestTools.TestTypes.Unit.UnitTestElement, Microsoft.VisualStudio.QualityTools.Tips.UnitTest.ObjectModel, Version=10.0.0.0, Culture=neutral, PublicKeyToken=b03f5f7f11d50a3a" />
        <TestLink id="eb718d0c-eda5-9bad-4269-872ef048b027" name="WhetherGenerateTest3" storage="d:\cheng\workspace\onlinelearningsystem\onlinelearningsystem\timetasktestproject\bin\debug\timetasktestproject.dll" type="Microsoft.VisualStudio.TestTools.TestTypes.Unit.UnitTestElement, Microsoft.VisualStudio.QualityTools.Tips.UnitTest.ObjectModel, Version=10.0.0.0, Culture=neutral, PublicKeyToken=b03f5f7f11d50a3a" />
        <TestLink id="cd55069d-13a4-c03f-790f-0cf9afc1d87a" name="GenerateWithScoreTest" storage="d:\cheng\workspace\onlinelearningsystem\onlinelearningsystem\timetasktestproject\bin\debug\timetasktestproject.dll" type="Microsoft.VisualStudio.TestTools.TestTypes.Unit.UnitTestElement, Microsoft.VisualStudio.QualityTools.Tips.UnitTest.ObjectModel, Version=10.0.0.0, Culture=neutral, PublicKeyToken=b03f5f7f11d50a3a" />
        <TestLink id="5507b68c-3825-9d01-fb80-52ee158e2ed4" name="WhetherGenerateTest2" storage="d:\cheng\workspace\onlinelearningsystem\onlinelearningsystem\timetasktestproject\bin\debug\timetasktestproject.dll" type="Microsoft.VisualStudio.TestTools.TestTypes.Unit.UnitTestElement, Microsoft.VisualStudio.QualityTools.Tips.UnitTest.ObjectModel, Version=10.0.0.0, Culture=neutral, PublicKeyToken=b03f5f7f11d50a3a" />
        <TestLink id="c85eca0d-57bf-7079-7304-0bd2a4786b8e" name="GenerateWithNumberTest" storage="d:\cheng\workspace\onlinelearningsystem\onlinelearningsystem\timetasktestproject\bin\debug\timetasktestproject.dll" type="Microsoft.VisualStudio.TestTools.TestTypes.Unit.UnitTestElement, Microsoft.VisualStudio.QualityTools.Tips.UnitTest.ObjectModel, Version=10.0.0.0, Culture=neutral, PublicKeyToken=b03f5f7f11d50a3a" />
        <TestLink id="0fa5c02a-7974-1c0b-5aa5-899cb032ce09" name="AdjustRatiosTest" storage="d:\cheng\workspace\onlinelearningsystem\onlinelearningsystem\timetasktestproject\bin\debug\timetasktestproject.dll" type="Microsoft.VisualStudio.TestTools.TestTypes.Unit.UnitTestElement, Microsoft.VisualStudio.QualityTools.Tips.UnitTest.ObjectModel, Version=10.0.0.0, Culture=neutral, PublicKeyToken=b03f5f7f11d50a3a" />
        <TestLink id="b7d46d0c-579a-5f1e-4a2e-9e8ffd6a1ecd" name="GetQuestionsTest" storage="d:\cheng\workspace\onlinelearningsystem\onlinelearningsystem\timetasktestproject\bin\debug\timetasktestproject.dll" type="Microsoft.VisualStudio.TestTools.TestTypes.Unit.UnitTestElement, Microsoft.VisualStudio.QualityTools.Tips.UnitTest.ObjectModel, Version=10.0.0.0, Culture=neutral, PublicKeyToken=b03f5f7f11d50a3a" />
        <TestLink id="900cb099-340c-65ad-316c-a0ce6dcd4a19" name="WhetherGenerateTest1_2" storage="d:\cheng\workspace\onlinelearningsystem\onlinelearningsystem\timetasktestproject\bin\debug\timetasktestproject.dll" type="Microsoft.VisualStudio.TestTools.TestTypes.Unit.UnitTestElement, Microsoft.VisualStudio.QualityTools.Tips.UnitTest.ObjectModel, Version=10.0.0.0, Culture=neutral, PublicKeyToken=b03f5f7f11d50a3a" />
        <TestLink id="c72c12d9-0323-9dc4-697e-9922a29328d3" name="GenerateEtTest" storage="d:\cheng\workspace\onlinelearningsystem\onlinelearningsystem\timetasktestproject\bin\debug\timetasktestproject.dll" type="Microsoft.VisualStudio.TestTools.TestTypes.Unit.UnitTestElement, Microsoft.VisualStudio.QualityTools.Tips.UnitTest.ObjectModel, Version=10.0.0.0, Culture=neutral, PublicKeyToken=b03f5f7f11d50a3a" />
        <TestLink id="a2677fa3-1377-b1d6-2dc3-a05016706a73" name="WhetherGenerateTest1" storage="d:\cheng\workspace\onlinelearningsystem\onlinelearningsystem\timetasktestproject\bin\debug\timetasktestproject.dll" type="Microsoft.VisualStudio.TestTools.TestTypes.Unit.UnitTestElement, Microsoft.VisualStudio.QualityTools.Tips.UnitTest.ObjectModel, Version=10.0.0.0, Culture=neutral, PublicKeyToken=b03f5f7f11d50a3a" />
        <TestLink id="0b1f85d3-9a29-f28e-5f2f-aa36057efe13" name="SelectQuestionsWithNumberTest" storage="d:\cheng\workspace\onlinelearningsystem\onlinelearningsystem\timetasktestproject\bin\debug\timetasktestproject.dll" type="Microsoft.VisualStudio.TestTools.TestTypes.Unit.UnitTestElement, Microsoft.VisualStudio.QualityTools.Tips.UnitTest.ObjectModel, Version=10.0.0.0, Culture=neutral, PublicKeyToken=b03f5f7f11d50a3a" />
        <TestLink id="2ff07b81-5f76-3e1f-3d27-8cb33a5fa1fc" name="GenerateTest" storage="d:\cheng\workspace\onlinelearningsystem\onlinelearningsystem\timetasktestproject\bin\debug\timetasktestproject.dll" type="Microsoft.VisualStudio.TestTools.TestTypes.Unit.UnitTestElement, Microsoft.VisualStudio.QualityTools.Tips.UnitTest.ObjectModel, Version=10.0.0.0, Culture=neutral, PublicKeyToken=b03f5f7f11d50a3a" />
        <TestLink id="f55598dc-aeee-d46d-9d65-39c063ae5aec" name="SelectQuestionsWithScoreTest" storage="d:\cheng\workspace\onlinelearningsystem\onlinelearningsystem\timetasktestproject\bin\debug\timetasktestproject.dll" type="Microsoft.VisualStudio.TestTools.TestTypes.Unit.UnitTestElement, Microsoft.VisualStudio.QualityTools.Tips.UnitTest.ObjectModel, Version=10.0.0.0, Culture=neutral, PublicKeyToken=b03f5f7f11d50a3a" />
        <TestLink id="e150f346-bff2-8c91-1bd8-7c64841e8bdc" name="WhetherGenerateTest2_1" storage="d:\cheng\workspace\onlinelearningsystem\onlinelearningsystem\timetasktestproject\bin\debug\timetasktestproject.dll" type="Microsoft.VisualStudio.TestTools.TestTypes.Unit.UnitTestElement, Microsoft.VisualStudio.QualityTools.Tips.UnitTest.ObjectModel, Version=10.0.0.0, Culture=neutral, PublicKeyToken=b03f5f7f11d50a3a" />
      </TestLinks>
    </TestList>
    <TestList name="ChangePaperStatusTest" id="40a6b4e8-faa4-48ff-b4a7-5a05fc8022e0" parentListId="8c43106b-9dc1-4907-a29f-aa66a61bf5b6">
      <TestLinks>
        <TestLink id="20adc531-bff2-51ab-a3b6-cc5e6444840d" name="ChangeTest" storage="d:\cheng\workspace\onlinelearningsystem\onlinelearningsystem\timetasktestproject\bin\debug\timetasktestproject.dll" type="Microsoft.VisualStudio.TestTools.TestTypes.Unit.UnitTestElement, Microsoft.VisualStudio.QualityTools.Tips.UnitTest.ObjectModel, Version=10.0.0.0, Culture=neutral, PublicKeyToken=b03f5f7f11d50a3a" />
      </TestLinks>
    </TestList>
  </TestLists>
  <TestEntries>
    <TestEntry testId="ce228dcf-67a5-e47c-a682-9256b0ba2107" executionId="77a062dc-d4ad-41a5-a5ed-b19aa5d73806" testListId="d706afe2-eed9-40f5-bc01-6b93866f5223" />
    <TestEntry testId="0fa5c02a-7974-1c0b-5aa5-899cb032ce09" executionId="11503b64-ee0a-469b-99a1-3140513d4a52" testListId="d706afe2-eed9-40f5-bc01-6b93866f5223" />
    <TestEntry testId="e150f346-bff2-8c91-1bd8-7c64841e8bdc" executionId="fa09e096-bb17-45c0-9c89-e9d252cd3507" testListId="d706afe2-eed9-40f5-bc01-6b93866f5223" />
    <TestEntry testId="b7d46d0c-579a-5f1e-4a2e-9e8ffd6a1ecd" executionId="3ef3f66b-f201-45fe-b51d-30d3530132b3" testListId="d706afe2-eed9-40f5-bc01-6b93866f5223" />
    <TestEntry testId="0b1f85d3-9a29-f28e-5f2f-aa36057efe13" executionId="5054f66b-d296-417a-b6a6-e5e742d828f6" testListId="d706afe2-eed9-40f5-bc01-6b93866f5223" />
    <TestEntry testId="a2677fa3-1377-b1d6-2dc3-a05016706a73" executionId="b9804eea-a6ee-47e5-8d41-c7cd6cbe5924" testListId="d706afe2-eed9-40f5-bc01-6b93866f5223" />
    <TestEntry testId="eb718d0c-eda5-9bad-4269-872ef048b027" executionId="244376b6-6464-4fd6-b1f6-b505fbd3d56a" testListId="d706afe2-eed9-40f5-bc01-6b93866f5223" />
    <TestEntry testId="f55598dc-aeee-d46d-9d65-39c063ae5aec" executionId="e1777d15-adf8-4762-b807-1e0cf9f5a8ac" testListId="d706afe2-eed9-40f5-bc01-6b93866f5223" />
    <TestEntry testId="900cb099-340c-65ad-316c-a0ce6dcd4a19" executionId="469b85de-e560-4b48-adef-494910adccdb" testListId="d706afe2-eed9-40f5-bc01-6b93866f5223" />
    <TestEntry testId="c72c12d9-0323-9dc4-697e-9922a29328d3" executionId="6f771af3-3368-4cd1-895d-c528840debe1" testListId="d706afe2-eed9-40f5-bc01-6b93866f5223" />
    <TestEntry testId="2ff07b81-5f76-3e1f-3d27-8cb33a5fa1fc" executionId="e203ff25-51f5-4875-bcda-60b52417606a" testListId="d706afe2-eed9-40f5-bc01-6b93866f5223" />
    <TestEntry testId="5507b68c-3825-9d01-fb80-52ee158e2ed4" executionId="85588ef3-a65f-4233-98ba-30f25a121f29" testListId="d706afe2-eed9-40f5-bc01-6b93866f5223" />
    <TestEntry testId="7d14e896-764f-1c1a-04c1-0ab31ece422a" executionId="67777ec9-9c1d-4c95-ab07-9133527defc6" testListId="d706afe2-eed9-40f5-bc01-6b93866f5223" />
    <TestEntry testId="c85eca0d-57bf-7079-7304-0bd2a4786b8e" executionId="930e53b1-2a47-482b-9440-30676916614a" testListId="d706afe2-eed9-40f5-bc01-6b93866f5223" />
    <TestEntry testId="cd55069d-13a4-c03f-790f-0cf9afc1d87a" executionId="06043bff-7b1b-433e-9d82-0534008201fd" testListId="d706afe2-eed9-40f5-bc01-6b93866f5223" />
    <TestEntry testId="20adc531-bff2-51ab-a3b6-cc5e6444840d" executionId="671991f7-a925-4fd2-bb13-b72a8bbdeda1" testListId="40a6b4e8-faa4-48ff-b4a7-5a05fc8022e0" />
  </TestEntries>
  <Results>
    <UnitTestResult executionId="77a062dc-d4ad-41a5-a5ed-b19aa5d73806" testId="ce228dcf-67a5-e47c-a682-9256b0ba2107" testName="WhetherGenerateTest3_1" computerName="CHENGVMWIN7X641" duration="00:00:00.9583013" startTime="2016-01-27T10:01:35.2050554+08:00" endTime="2016-01-27T10:01:38.3682363+08:00" testType="13cdc9d9-ddb5-4fa4-a97d-d965ccfc6d4b" outcome="Passed" testListId="d706afe2-eed9-40f5-bc01-6b93866f5223" relativeResultsDirectory="77a062dc-d4ad-41a5-a5ed-b19aa5d73806">
      <Output>
        <DebugTrace>“清除考试任务”操作返回 0 。
“清除考试任务”操作返回 0 。
</DebugTrace>
      </Output>
    </UnitTestResult>
    <UnitTestResult executionId="11503b64-ee0a-469b-99a1-3140513d4a52" testId="0fa5c02a-7974-1c0b-5aa5-899cb032ce09" testName="AdjustRatiosTest" computerName="CHENGVMWIN7X641" duration="00:00:00.0599807" startTime="2016-01-27T10:01:38.3702364+08:00" endTime="2016-01-27T10:01:39.2882889+08:00" testType="13cdc9d9-ddb5-4fa4-a97d-d965ccfc6d4b" outcome="Passed" testListId="d706afe2-eed9-40f5-bc01-6b93866f5223" relativeResultsDirectory="11503b64-ee0a-469b-99a1-3140513d4a52">
      <Output>
        <DebugTrace>“清除考试任务”操作返回 0 。
“清除考试任务”操作返回 0 。
</DebugTrace>
      </Output>
    </UnitTestResult>
    <UnitTestResult executionId="fa09e096-bb17-45c0-9c89-e9d252cd3507" testId="e150f346-bff2-8c91-1bd8-7c64841e8bdc" testName="WhetherGenerateTest2_1" computerName="CHENGVMWIN7X641" duration="00:00:00.6017079" startTime="2016-01-27T10:01:39.2902890+08:00" endTime="2016-01-27T10:01:40.0473323+08:00" testType="13cdc9d9-ddb5-4fa4-a97d-d965ccfc6d4b" outcome="Passed" testListId="d706afe2-eed9-40f5-bc01-6b93866f5223" relativeResultsDirectory="fa09e096-bb17-45c0-9c89-e9d252cd3507">
      <Output>
        <DebugTrace>“清除考试任务”操作返回 0 。
“清除考试任务”操作返回 0 。
</DebugTrace>
      </Output>
    </UnitTestResult>
    <UnitTestResult executionId="3ef3f66b-f201-45fe-b51d-30d3530132b3" testId="b7d46d0c-579a-5f1e-4a2e-9e8ffd6a1ecd" testName="GetQuestionsTest" computerName="CHENGVMWIN7X641" duration="00:00:00.1714107" startTime="2016-01-27T10:01:40.0493324+08:00" endTime="2016-01-27T10:01:40.3713509+08:00" testType="13cdc9d9-ddb5-4fa4-a97d-d965ccfc6d4b" outcome="Passed" testListId="d706afe2-eed9-40f5-bc01-6b93866f5223" relativeResultsDirectory="3ef3f66b-f201-45fe-b51d-30d3530132b3">
      <Output>
        <DebugTrace>“清除考试任务”操作返回 0 。
“清除考试任务”操作返回 0 。
</DebugTrace>
      </Output>
    </UnitTestResult>
    <UnitTestResult executionId="5054f66b-d296-417a-b6a6-e5e742d828f6" testId="0b1f85d3-9a29-f28e-5f2f-aa36057efe13" testName="SelectQuestionsWithNumberTest" computerName="CHENGVMWIN7X641" duration="00:00:00.0282684" startTime="2016-01-27T10:01:40.4053528+08:00" endTime="2016-01-27T10:01:40.5143590+08:00" testType="13cdc9d9-ddb5-4fa4-a97d-d965ccfc6d4b" outcome="Passed" testListId="d706afe2-eed9-40f5-bc01-6b93866f5223" relativeResultsDirectory="5054f66b-d296-417a-b6a6-e5e742d828f6">
      <Output>
        <DebugTrace>“清除考试任务”操作返回 0 。
试题类型：单选题；现有数量：1；需要数量：20。
------------------------------
Question Type:
    单选题
    单选题
    单选题
    多选题
    多选题
    多选题
    判断题
    判断题
    判断题
    判断题
------------------------------
“清除考试任务”操作返回 0 。
</DebugTrace>
      </Output>
    </UnitTestResult>
    <UnitTestResult executionId="b9804eea-a6ee-47e5-8d41-c7cd6cbe5924" testId="a2677fa3-1377-b1d6-2dc3-a05016706a73" testName="WhetherGenerateTest1" computerName="CHENGVMWIN7X641" duration="00:00:00.0128637" startTime="2016-01-27T10:01:40.5163592+08:00" endTime="2016-01-27T10:01:40.6003640+08:00" testType="13cdc9d9-ddb5-4fa4-a97d-d965ccfc6d4b" outcome="Passed" testListId="d706afe2-eed9-40f5-bc01-6b93866f5223" relativeResultsDirectory="b9804eea-a6ee-47e5-8d41-c7cd6cbe5924">
      <Output>
        <DebugTrace>“清除考试任务”操作返回 0 。
“清除考试任务”操作返回 0 。
</DebugTrace>
      </Output>
    </UnitTestResult>
    <UnitTestResult executionId="244376b6-6464-4fd6-b1f6-b505fbd3d56a" testId="eb718d0c-eda5-9bad-4269-872ef048b027" testName="WhetherGenerateTest3" computerName="CHENGVMWIN7X641" duration="00:00:00.0114898" startTime="2016-01-27T10:01:40.6023641+08:00" endTime="2016-01-27T10:01:40.6723681+08:00" testType="13cdc9d9-ddb5-4fa4-a97d-d965ccfc6d4b" outcome="Passed" testListId="d706afe2-eed9-40f5-bc01-6b93866f5223" relativeResultsDirectory="244376b6-6464-4fd6-b1f6-b505fbd3d56a">
      <Output>
        <DebugTrace>“清除考试任务”操作返回 0 。
“清除考试任务”操作返回 0 。
</DebugTrace>
      </Output>
    </UnitTestResult>
    <UnitTestResult executionId="e1777d15-adf8-4762-b807-1e0cf9f5a8ac" testId="f55598dc-aeee-d46d-9d65-39c063ae5aec" testName="SelectQuestionsWithScoreTest" computerName="CHENGVMWIN7X641" duration="00:00:00.0463126" startTime="2016-01-27T10:01:40.6743682+08:00" endTime="2016-01-27T10:01:40.7683736+08:00" testType="13cdc9d9-ddb5-4fa4-a97d-d965ccfc6d4b" outcome="Passed" testListId="d706afe2-eed9-40f5-bc01-6b93866f5223" relativeResultsDirectory="e1777d15-adf8-4762-b807-1e0cf9f5a8ac">
      <Output>
        <DebugTrace>“清除考试任务”操作返回 0 。
Question Score:
    2
    2
    2
    2
    6
    6
    6
    3
    3
    3
    3
    8
    18
    23
    13
Question Id:
    177
    896
    542
    592
    829
    437
    37
    859
    316
    75
    701
    866
    90
    506
    270
    988
“清除考试任务”操作返回 0 。
</DebugTrace>
      </Output>
    </UnitTestResult>
    <UnitTestResult executionId="469b85de-e560-4b48-adef-494910adccdb" testId="900cb099-340c-65ad-316c-a0ce6dcd4a19" testName="WhetherGenerateTest1_2" computerName="CHENGVMWIN7X641" duration="00:00:00.0469777" startTime="2016-01-27T10:01:40.7683736+08:00" endTime="2016-01-27T10:01:40.8693794+08:00" testType="13cdc9d9-ddb5-4fa4-a97d-d965ccfc6d4b" outcome="Passed" testListId="d706afe2-eed9-40f5-bc01-6b93866f5223" relativeResultsDirectory="469b85de-e560-4b48-adef-494910adccdb">
      <Output>
        <DebugTrace>“清除考试任务”操作返回 0 。
“清除考试任务”操作返回 0 。
</DebugTrace>
      </Output>
    </UnitTestResult>
    <UnitTestResult executionId="6f771af3-3368-4cd1-895d-c528840debe1" testId="c72c12d9-0323-9dc4-697e-9922a29328d3" testName="GenerateEtTest" computerName="CHENGVMWIN7X641" duration="00:00:00.2706746" startTime="2016-01-27T10:01:40.8733796+08:00" endTime="2016-01-27T10:01:41.1903977+08:00" testType="13cdc9d9-ddb5-4fa4-a97d-d965ccfc6d4b" outcome="Passed" testListId="d706afe2-eed9-40f5-bc01-6b93866f5223" relativeResultsDirectory="6f771af3-3368-4cd1-895d-c528840debe1">
      <Output>
        <DebugTrace>“清除考试任务”操作返回 0 。
“清除考试任务”操作返回 0 。
</DebugTrace>
      </Output>
    </UnitTestResult>
    <UnitTestResult executionId="e203ff25-51f5-4875-bcda-60b52417606a" testId="2ff07b81-5f76-3e1f-3d27-8cb33a5fa1fc" testName="GenerateTest" computerName="CHENGVMWIN7X641" duration="00:00:00.4189548" startTime="2016-01-27T10:01:41.1923978+08:00" endTime="2016-01-27T10:01:41.6604246+08:00" testType="13cdc9d9-ddb5-4fa4-a97d-d965ccfc6d4b" outcome="Passed" testListId="d706afe2-eed9-40f5-bc01-6b93866f5223" relativeResultsDirectory="e203ff25-51f5-4875-bcda-60b52417606a">
      <Output>
        <DebugTrace>“清除考试任务”操作返回 0 。
“清除考试任务”操作返回 18 。
</DebugTrace>
      </Output>
    </UnitTestResult>
    <UnitTestResult executionId="85588ef3-a65f-4233-98ba-30f25a121f29" testId="5507b68c-3825-9d01-fb80-52ee158e2ed4" testName="WhetherGenerateTest2" computerName="CHENGVMWIN7X641" duration="00:00:00.0109222" startTime="2016-01-27T10:01:41.6614247+08:00" endTime="2016-01-27T10:01:41.7244283+08:00" testType="13cdc9d9-ddb5-4fa4-a97d-d965ccfc6d4b" outcome="Passed" testListId="d706afe2-eed9-40f5-bc01-6b93866f5223" relativeResultsDirectory="85588ef3-a65f-4233-98ba-30f25a121f29">
      <Output>
        <DebugTrace>“清除考试任务”操作返回 0 。
“清除考试任务”操作返回 0 。
</DebugTrace>
      </Output>
    </UnitTestResult>
    <UnitTestResult executionId="67777ec9-9c1d-4c95-ab07-9133527defc6" testId="7d14e896-764f-1c1a-04c1-0ab31ece422a" testName="WhetherGenerateTest1_1" computerName="CHENGVMWIN7X641" duration="00:00:00.0087825" startTime="2016-01-27T10:01:41.7274284+08:00" endTime="2016-01-27T10:01:41.7894320+08:00" testType="13cdc9d9-ddb5-4fa4-a97d-d965ccfc6d4b" outcome="Passed" testListId="d706afe2-eed9-40f5-bc01-6b93866f5223" relativeResultsDirectory="67777ec9-9c1d-4c95-ab07-9133527defc6">
      <Output>
        <DebugTrace>“清除考试任务”操作返回 0 。
“清除考试任务”操作返回 0 。
</DebugTrace>
      </Output>
    </UnitTestResult>
    <UnitTestResult executionId="930e53b1-2a47-482b-9440-30676916614a" testId="c85eca0d-57bf-7079-7304-0bd2a4786b8e" testName="GenerateWithNumberTest" computerName="CHENGVMWIN7X641" duration="00:00:00.1472723" startTime="2016-01-27T10:01:41.7914321+08:00" endTime="2016-01-27T10:01:41.9904435+08:00" testType="13cdc9d9-ddb5-4fa4-a97d-d965ccfc6d4b" outcome="Passed" testListId="d706afe2-eed9-40f5-bc01-6b93866f5223" relativeResultsDirectory="930e53b1-2a47-482b-9440-30676916614a">
      <Output>
        <DebugTrace>“清除考试任务”操作返回 0 。
备选试题总数：10
“清除考试任务”操作返回 2 。
</DebugTrace>
      </Output>
    </UnitTestResult>
    <UnitTestResult executionId="06043bff-7b1b-433e-9d82-0534008201fd" testId="cd55069d-13a4-c03f-790f-0cf9afc1d87a" testName="GenerateWithScoreTest" computerName="CHENGVMWIN7X641" duration="00:00:00.1195997" startTime="2016-01-27T10:01:41.9924436+08:00" endTime="2016-01-27T10:01:42.1584531+08:00" testType="13cdc9d9-ddb5-4fa4-a97d-d965ccfc6d4b" outcome="Passed" testListId="d706afe2-eed9-40f5-bc01-6b93866f5223" relativeResultsDirectory="06043bff-7b1b-433e-9d82-0534008201fd">
      <Output>
        <DebugTrace>“清除考试任务”操作返回 0 。
“清除考试任务”操作返回 2 。
</DebugTrace>
      </Output>
    </UnitTestResult>
    <UnitTestResult executionId="671991f7-a925-4fd2-bb13-b72a8bbdeda1" testId="20adc531-bff2-51ab-a3b6-cc5e6444840d" testName="ChangeTest" computerName="CHENGVMWIN7X641" duration="00:00:10.5756412" startTime="2016-01-27T10:01:42.1594531+08:00" endTime="2016-01-27T10:01:52.7880611+08:00" testType="13cdc9d9-ddb5-4fa4-a97d-d965ccfc6d4b" outcome="Failed" testListId="40a6b4e8-faa4-48ff-b4a7-5a05fc8022e0" relativeResultsDirectory="671991f7-a925-4fd2-bb13-b72a8bbdeda1">
      <Output>
        <DebugTrace>“清除考试任务”操作返回 0 。
“清除考试任务”操作返回 21 。
</DebugTrace>
        <ErrorInfo>
          <Message>测试方法 TimeTaskTestProject.ChangePaperStatusTest.ChangeTest 引发了异常: 
System.Data.Entity.Infrastructure.DbUpdateException: 更新条目时出错。有关详细信息，请参见内部异常。 ---&gt; System.Data.UpdateException: 更新条目时出错。有关详细信息，请参见内部异常。 ---&gt; System.Data.SqlClient.SqlException: 违反了 PRIMARY KEY 约束 'PK_EXAMINATIONPAPERS'。不能在对象 'dbo.ExaminationPapers' 中插入重复键。重复的键值为 (2)。
语句已终止。</Message>
          <StackTrace>    在 System.Data.SqlClient.SqlConnection.OnError(SqlException exception, Boolean breakConnection, Action`1 wrapCloseInAction)
   在 System.Data.SqlClient.SqlInternalConnection.OnError(SqlException exception, Boolean breakConnection, Action`1 wrapCloseInAction)
   在 System.Data.SqlClient.TdsParser.ThrowExceptionAndWarning(TdsParserStateObject stateObj, Boolean callerHasConnectionLock, Boolean asyncClose)
   在 System.Data.SqlClient.TdsParser.TryRun(RunBehavior runBehavior, SqlCommand cmdHandler, SqlDataReader dataStream, BulkCopySimpleResultSet bulkCopyHandler, TdsParserStateObject stateObj, Boolean&amp; dataReady)
   在 System.Data.SqlClient.SqlDataReader.TryConsumeMetaData()
   在 System.Data.SqlClient.SqlDataReader.get_MetaData()
   在 System.Data.SqlClient.SqlCommand.FinishExecuteReader(SqlDataReader ds, RunBehavior runBehavior, String resetOptionsString)
   在 System.Data.SqlClient.SqlCommand.RunExecuteReaderTds(CommandBehavior cmdBehavior, RunBehavior runBehavior, Boolean returnStream, Boolean async, Int32 timeout, Task&amp; task, Boolean asyncWrite, SqlDataReader ds)
   在 System.Data.SqlClient.SqlCommand.RunExecuteReader(CommandBehavior cmdBehavior, RunBehavior runBehavior, Boolean returnStream, String method, TaskCompletionSource`1 completion, Int32 timeout, Task&amp; task, Boolean asyncWrite)
   在 System.Data.SqlClient.SqlCommand.RunExecuteReader(CommandBehavior cmdBehavior, RunBehavior runBehavior, Boolean returnStream, String method)
   在 System.Data.SqlClient.SqlCommand.ExecuteReader(CommandBehavior behavior, String method)
   在 System.Data.SqlClient.SqlCommand.ExecuteDbDataReader(CommandBehavior behavior)
   在 System.Data.Common.DbCommand.ExecuteReader(CommandBehavior behavior)
   在 System.Data.Mapping.Update.Internal.DynamicUpdateCommand.Execute(UpdateTranslator translator, EntityConnection connection, Dictionary`2 identifierValues, List`1 generatedValues)
   在 System.Data.Mapping.Update.Internal.UpdateTranslator.Update(IEntityStateManager stateManager, IEntityAdapter adapter)
 --- 内部异常堆栈跟踪的末尾 ---
    在 System.Data.Mapping.Update.Internal.UpdateTranslator.Update(IEntityStateManager stateManager, IEntityAdapter adapter)
   在 System.Data.EntityClient.EntityAdapter.Update(IEntityStateManager entityCache)
   在 System.Data.Objects.ObjectContext.SaveChanges(SaveOptions options)
   在 System.Data.Entity.Internal.InternalContext.SaveChanges()
 --- 内部异常堆栈跟踪的末尾 ---
    在 System.Data.Entity.Internal.InternalContext.SaveChanges()
   在 System.Data.Entity.Internal.LazyInternalContext.SaveChanges()
   在 System.Data.Entity.DbContext.SaveChanges()
   在 TimeTaskTestProject.ChangePaperStatusTest.ChangeTest() 位置 D:\Cheng\Workspace\OnlineLearningSystem\OnlineLearningSystem\TimeTaskTestProject\ChangePaperStatusTest.cs:行号 191
</StackTrace>
        </ErrorInfo>
      </Output>
    </UnitTestResult>
  </Results>
</TestRun>