<?xml version="1.0" encoding="UTF-8"?>
<TestRun id="a8f06ded-1850-4dbc-8405-d013cb4f1e3e" name="DEV@CHENGVMWIN7X641 2016-01-27 09:56:54" runUser="CHENGVMWIN7X641\DEV" xmlns="http://microsoft.com/schemas/VisualStudio/TeamTest/2010">
  <TestSettings name="本地" id="fb35cadf-f513-4997-8927-662f65f1d0dd">
    <Description>这些设置为本地测试运行的默认测试设置。</Description>
    <Deployment enabled="false" runDeploymentRoot="DEV_CHENGVMWIN7X641 2016-01-27 09_56_54">
      <DeploymentItem filename="D:\Cheng\Workspace\OnlineLearningSystem\OnlineLearningSystem\OnlineLearningSystem\Content\lib\ueditor\1.4.3\net\Bin\Newtonsoft.Json.dll" />
      <DeploymentItem filename="D:\Cheng\Workspace\OnlineLearningSystem\OnlineLearningSystem\packages\EntityFramework.4.1.10331.0\lib\EntityFramework.dll" />
      <DeploymentItem filename="D:\Cheng\Workspace\OnlineLearningSystem\OnlineLearningSystem\OnlineLearningSystem\bin\OnlineLearningSystem.dll" />
    </Deployment>
    <Execution>
      <TestTypeSpecific />
      <AgentRule name="Execution Agents">
      </AgentRule>
    </Execution>
  </TestSettings>
  <Times creation="2016-01-27T09:56:54.7500143+08:00" queuing="2016-01-27T09:56:54.8160180+08:00" start="2016-01-27T09:56:54.8220184+08:00" finish="2016-01-27T09:56:57.4701698+08:00" />
  <ResultSummary outcome="Warning">
    <Counters total="2" executed="2" passed="2" error="0" failed="0" timeout="0" aborted="0" inconclusive="0" passedButRunAborted="0" notRunnable="0" notExecuted="0" disconnected="0" warning="0" completed="0" inProgress="0" pending="0" />
    <RunInfos>
      <RunInfo computerName="CHENGVMWIN7X641" outcome="Warning" timestamp="2016-01-27T09:56:54.8160180+08:00">
        <Text>当前已禁用部署。未部署测试“TimeTaskTestProject.GeneratePaperTemplateTest.SelectQuestionsWithNumberTest”中的部署项“OnlineLearningSystem.dll”。</Text>
      </RunInfo>
    </RunInfos>
  </ResultSummary>
  <TestDefinitions>
    <UnitTest name="SelectQuestionsWithNumberTest" storage="d:\cheng\workspace\onlinelearningsystem\onlinelearningsystem\timetasktestproject\bin\debug\timetasktestproject.dll" id="0b1f85d3-9a29-f28e-5f2f-aa36057efe13">
      <DeploymentItems>
        <DeploymentItem filename="OnlineLearningSystem.dll" />
      </DeploymentItems>
      <Execution id="d6ed07b4-15a8-45e6-9912-9112f40ed872" />
      <TestMethod codeBase="D:/Cheng/Workspace/OnlineLearningSystem/OnlineLearningSystem/TimeTaskTestProject/bin/Debug/TimeTaskTestProject.DLL" adapterTypeName="Microsoft.VisualStudio.TestTools.TestTypes.Unit.UnitTestAdapter, Microsoft.VisualStudio.QualityTools.Tips.UnitTest.Adapter, Version=10.0.0.0, Culture=neutral, PublicKeyToken=b03f5f7f11d50a3a" className="TimeTaskTestProject.GeneratePaperTemplateTest, TimeTaskTestProject, Version=1.0.0.0, Culture=neutral, PublicKeyToken=null" name="SelectQuestionsWithNumberTest" />
      <AspNet webSiteUrl="http://localhost:7128/Aspxs/Default.aspx">
        <Host pathToWebApp="D:\Cheng\Workspace\OnlineLearningSystem\OnlineLearningSystem\OnlineLearningSystem" webAppRoot="/" />
      </AspNet>
    </UnitTest>
    <UnitTest name="SelectQuestionsWithScoreTest" storage="d:\cheng\workspace\onlinelearningsystem\onlinelearningsystem\timetasktestproject\bin\debug\timetasktestproject.dll" id="f55598dc-aeee-d46d-9d65-39c063ae5aec">
      <DeploymentItems>
        <DeploymentItem filename="OnlineLearningSystem.dll" />
      </DeploymentItems>
      <Execution id="8b6ece70-3702-475b-9b36-c98bd1594a3b" />
      <TestMethod codeBase="D:/Cheng/Workspace/OnlineLearningSystem/OnlineLearningSystem/TimeTaskTestProject/bin/Debug/TimeTaskTestProject.DLL" adapterTypeName="Microsoft.VisualStudio.TestTools.TestTypes.Unit.UnitTestAdapter, Microsoft.VisualStudio.QualityTools.Tips.UnitTest.Adapter, Version=10.0.0.0, Culture=neutral, PublicKeyToken=b03f5f7f11d50a3a" className="TimeTaskTestProject.GeneratePaperTemplateTest, TimeTaskTestProject, Version=1.0.0.0, Culture=neutral, PublicKeyToken=null" name="SelectQuestionsWithScoreTest" />
      <AspNet webSiteUrl="http://localhost:7128/Aspxs/Default.aspx">
        <Host pathToWebApp="D:\Cheng\Workspace\OnlineLearningSystem\OnlineLearningSystem\OnlineLearningSystem" webAppRoot="/" />
      </AspNet>
    </UnitTest>
  </TestDefinitions>
  <TestLists>
    <TestList name="所有已加载的结果" id="19431567-8539-422a-85d7-44ee4e166bda" />
    <TestList name="结果列表" id="8c43106b-9dc1-4907-a29f-aa66a61bf5b6" />
    <TestList name="GeneratePaperTemplateTest" id="d706afe2-eed9-40f5-bc01-6b93866f5223" parentListId="8c43106b-9dc1-4907-a29f-aa66a61bf5b6">
      <TestLinks>
        <TestLink id="7d14e896-764f-1c1a-04c1-0ab31ece422a" name="WhetherGenerateTest1_1" storage="d:\cheng\workspace\onlinelearningsystem\onlinelearningsystem\timetasktestproject\bin\debug\timetasktestproject.dll" type="Microsoft.VisualStudio.TestTools.TestTypes.Unit.UnitTestElement, Microsoft.VisualStudio.QualityTools.Tips.UnitTest.ObjectModel, Version=10.0.0.0, Culture=neutral, PublicKeyToken=b03f5f7f11d50a3a" />
        <TestLink id="ce228dcf-67a5-e47c-a682-9256b0ba2107" name="WhetherGenerateTest3_1" storage="d:\cheng\workspace\onlinelearningsystem\onlinelearningsystem\timetasktestproject\bin\debug\timetasktestproject.dll" type="Microsoft.VisualStudio.TestTools.TestTypes.Unit.UnitTestElement, Microsoft.VisualStudio.QualityTools.Tips.UnitTest.ObjectModel, Version=10.0.0.0, Culture=neutral, PublicKeyToken=b03f5f7f11d50a3a" />
        <TestLink id="eb718d0c-eda5-9bad-4269-872ef048b027" name="WhetherGenerateTest3" storage="d:\cheng\workspace\onlinelearningsystem\onlinelearningsystem\timetasktestproject\bin\debug\timetasktestproject.dll" type="Microsoft.VisualStudio.TestTools.TestTypes.Unit.UnitTestElement, Microsoft.VisualStudio.QualityTools.Tips.UnitTest.ObjectModel, Version=10.0.0.0, Culture=neutral, PublicKeyToken=b03f5f7f11d50a3a" />
        <TestLink id="cd55069d-13a4-c03f-790f-0cf9afc1d87a" name="GenerateWithScoreTest" storage="d:\cheng\workspace\onlinelearningsystem\onlinelearningsystem\timetasktestproject\bin\debug\timetasktestproject.dll" type="Microsoft.VisualStudio.TestTools.TestTypes.Unit.UnitTestElement, Microsoft.VisualStudio.QualityTools.Tips.UnitTest.ObjectModel, Version=10.0.0.0, Culture=neutral, PublicKeyToken=b03f5f7f11d50a3a" />
        <TestLink id="5507b68c-3825-9d01-fb80-52ee158e2ed4" name="WhetherGenerateTest2" storage="d:\cheng\workspace\onlinelearningsystem\onlinelearningsystem\timetasktestproject\bin\debug\timetasktestproject.dll" type="Microsoft.VisualStudio.TestTools.TestTypes.Unit.UnitTestElement, Microsoft.VisualStudio.QualityTools.Tips.UnitTest.ObjectModel, Version=10.0.0.0, Culture=neutral, PublicKeyToken=b03f5f7f11d50a3a" />
        <TestLink id="c85eca0d-57bf-7079-7304-0bd2a4786b8e" name="GenerateWithNumberTest" storage="d:\cheng\workspace\onlinelearningsystem\onlinelearningsystem\timetasktestproject\bin\debug\timetasktestproject.dll" type="Microsoft.VisualStudio.TestTools.TestTypes.Unit.UnitTestElement, Microsoft.VisualStudio.QualityTools.Tips.UnitTest.ObjectModel, Version=10.0.0.0, Culture=neutral, PublicKeyToken=b03f5f7f11d50a3a" />
        <TestLink id="0fa5c02a-7974-1c0b-5aa5-899cb032ce09" name="AdjustRatiosTest" storage="d:\cheng\workspace\onlinelearningsystem\onlinelearningsystem\timetasktestproject\bin\debug\timetasktestproject.dll" type="Microsoft.VisualStudio.TestTools.TestTypes.Unit.UnitTestElement, Microsoft.VisualStudio.QualityTools.Tips.UnitTest.ObjectModel, Version=10.0.0.0, Culture=neutral, PublicKeyToken=b03f5f7f11d50a3a" />
        <TestLink id="b7d46d0c-579a-5f1e-4a2e-9e8ffd6a1ecd" name="GetQuestionsTest" storage="d:\cheng\workspace\onlinelearningsystem\onlinelearningsystem\timetasktestproject\bin\debug\timetasktestproject.dll" type="Microsoft.VisualStudio.TestTools.TestTypes.Unit.UnitTestElement, Microsoft.VisualStudio.QualityTools.Tips.UnitTest.ObjectModel, Version=10.0.0.0, Culture=neutral, PublicKeyToken=b03f5f7f11d50a3a" />
        <TestLink id="900cb099-340c-65ad-316c-a0ce6dcd4a19" name="WhetherGenerateTest1_2" storage="d:\cheng\workspace\onlinelearningsystem\onlinelearningsystem\timetasktestproject\bin\debug\timetasktestproject.dll" type="Microsoft.VisualStudio.TestTools.TestTypes.Unit.UnitTestElement, Microsoft.VisualStudio.QualityTools.Tips.UnitTest.ObjectModel, Version=10.0.0.0, Culture=neutral, PublicKeyToken=b03f5f7f11d50a3a" />
        <TestLink id="c72c12d9-0323-9dc4-697e-9922a29328d3" name="GenerateEtTest" storage="d:\cheng\workspace\onlinelearningsystem\onlinelearningsystem\timetasktestproject\bin\debug\timetasktestproject.dll" type="Microsoft.VisualStudio.TestTools.TestTypes.Unit.UnitTestElement, Microsoft.VisualStudio.QualityTools.Tips.UnitTest.ObjectModel, Version=10.0.0.0, Culture=neutral, PublicKeyToken=b03f5f7f11d50a3a" />
        <TestLink id="a2677fa3-1377-b1d6-2dc3-a05016706a73" name="WhetherGenerateTest1" storage="d:\cheng\workspace\onlinelearningsystem\onlinelearningsystem\timetasktestproject\bin\debug\timetasktestproject.dll" type="Microsoft.VisualStudio.TestTools.TestTypes.Unit.UnitTestElement, Microsoft.VisualStudio.QualityTools.Tips.UnitTest.ObjectModel, Version=10.0.0.0, Culture=neutral, PublicKeyToken=b03f5f7f11d50a3a" />
        <TestLink id="0b1f85d3-9a29-f28e-5f2f-aa36057efe13" name="SelectQuestionsWithNumberTest" storage="d:\cheng\workspace\onlinelearningsystem\onlinelearningsystem\timetasktestproject\bin\debug\timetasktestproject.dll" type="Microsoft.VisualStudio.TestTools.TestTypes.Unit.UnitTestElement, Microsoft.VisualStudio.QualityTools.Tips.UnitTest.ObjectModel, Version=10.0.0.0, Culture=neutral, PublicKeyToken=b03f5f7f11d50a3a" />
        <TestLink id="2ff07b81-5f76-3e1f-3d27-8cb33a5fa1fc" name="GenerateTest" storage="d:\cheng\workspace\onlinelearningsystem\onlinelearningsystem\timetasktestproject\bin\debug\timetasktestproject.dll" type="Microsoft.VisualStudio.TestTools.TestTypes.Unit.UnitTestElement, Microsoft.VisualStudio.QualityTools.Tips.UnitTest.ObjectModel, Version=10.0.0.0, Culture=neutral, PublicKeyToken=b03f5f7f11d50a3a" />
        <TestLink id="f55598dc-aeee-d46d-9d65-39c063ae5aec" name="SelectQuestionsWithScoreTest" storage="d:\cheng\workspace\onlinelearningsystem\onlinelearningsystem\timetasktestproject\bin\debug\timetasktestproject.dll" type="Microsoft.VisualStudio.TestTools.TestTypes.Unit.UnitTestElement, Microsoft.VisualStudio.QualityTools.Tips.UnitTest.ObjectModel, Version=10.0.0.0, Culture=neutral, PublicKeyToken=b03f5f7f11d50a3a" />
        <TestLink id="e150f346-bff2-8c91-1bd8-7c64841e8bdc" name="WhetherGenerateTest2_1" storage="d:\cheng\workspace\onlinelearningsystem\onlinelearningsystem\timetasktestproject\bin\debug\timetasktestproject.dll" type="Microsoft.VisualStudio.TestTools.TestTypes.Unit.UnitTestElement, Microsoft.VisualStudio.QualityTools.Tips.UnitTest.ObjectModel, Version=10.0.0.0, Culture=neutral, PublicKeyToken=b03f5f7f11d50a3a" />
      </TestLinks>
    </TestList>
  </TestLists>
  <TestEntries>
    <TestEntry testId="0b1f85d3-9a29-f28e-5f2f-aa36057efe13" executionId="d6ed07b4-15a8-45e6-9912-9112f40ed872" testListId="d706afe2-eed9-40f5-bc01-6b93866f5223" />
    <TestEntry testId="f55598dc-aeee-d46d-9d65-39c063ae5aec" executionId="8b6ece70-3702-475b-9b36-c98bd1594a3b" testListId="d706afe2-eed9-40f5-bc01-6b93866f5223" />
  </TestEntries>
  <Results>
    <UnitTestResult executionId="d6ed07b4-15a8-45e6-9912-9112f40ed872" testId="0b1f85d3-9a29-f28e-5f2f-aa36057efe13" testName="SelectQuestionsWithNumberTest" computerName="CHENGVMWIN7X641" duration="00:00:00.6987815" startTime="2016-01-27T09:56:54.8340191+08:00" endTime="2016-01-27T09:56:57.2921597+08:00" testType="13cdc9d9-ddb5-4fa4-a97d-d965ccfc6d4b" outcome="Passed" testListId="d706afe2-eed9-40f5-bc01-6b93866f5223" relativeResultsDirectory="d6ed07b4-15a8-45e6-9912-9112f40ed872">
      <Output>
        <DebugTrace>“清除考试任务”操作返回 0 。
试题类型：单选题；现有数量：1；需要数量：20。
------------------------------
Question Type:
    单选题
    单选题
    单选题
    多选题
    多选题
    多选题
    判断题
    判断题
    判断题
    判断题
------------------------------
“清除考试任务”操作返回 0 。
</DebugTrace>
      </Output>
    </UnitTestResult>
    <UnitTestResult executionId="8b6ece70-3702-475b-9b36-c98bd1594a3b" testId="f55598dc-aeee-d46d-9d65-39c063ae5aec" testName="SelectQuestionsWithScoreTest" computerName="CHENGVMWIN7X641" duration="00:00:00.1046344" startTime="2016-01-27T09:56:57.2941598+08:00" endTime="2016-01-27T09:56:57.4351678+08:00" testType="13cdc9d9-ddb5-4fa4-a97d-d965ccfc6d4b" outcome="Passed" testListId="d706afe2-eed9-40f5-bc01-6b93866f5223" relativeResultsDirectory="8b6ece70-3702-475b-9b36-c98bd1594a3b">
      <Output>
        <DebugTrace>“清除考试任务”操作返回 0 。
Question Score:
    2
    2
    2
    2
    6
    6
    6
    3
    3
    3
    3
    8
    18
    23
    13
Question Id:
    895
    783
    540
    805
    953
    296
    627
    323
    709
    850
    85
    90
    891
    754
    986
“清除考试任务”操作返回 0 。
</DebugTrace>
      </Output>
    </UnitTestResult>
  </Results>
</TestRun>