<?xml version="1.0" encoding="UTF-8"?>
<TestRun id="fb1d8dea-811f-42cc-bfa1-68d623d4137b" name="DEV@CHENGVMWIN7X641 2016-01-29 17:39:45" runUser="CHENGVMWIN7X641\DEV" xmlns="http://microsoft.com/schemas/VisualStudio/TeamTest/2010">
  <TestSettings name="本地" id="fb35cadf-f513-4997-8927-662f65f1d0dd">
    <Description>这些设置为本地测试运行的默认测试设置。</Description>
    <Deployment enabled="false" runDeploymentRoot="DEV_CHENGVMWIN7X641 2016-01-29 17_39_45">
      <DeploymentItem filename="D:\Cheng\Workspace\OnlineLearningSystem\OnlineLearningSystem\OnlineLearningSystem\Content\lib\ueditor\1.4.3\net\Bin\Newtonsoft.Json.dll" />
      <DeploymentItem filename="D:\Cheng\Workspace\OnlineLearningSystem\OnlineLearningSystem\packages\EntityFramework.4.1.10331.0\lib\EntityFramework.dll" />
      <DeploymentItem filename="D:\Cheng\Workspace\OnlineLearningSystem\OnlineLearningSystem\OnlineLearningSystem\bin\OnlineLearningSystem.dll" />
    </Deployment>
    <Execution>
      <TestTypeSpecific />
      <AgentRule name="Execution Agents">
      </AgentRule>
    </Execution>
  </TestSettings>
  <Times creation="2016-01-29T17:39:45.9521483+08:00" queuing="2016-01-29T17:39:47.8452566+08:00" start="2016-01-29T17:39:48.1162721+08:00" finish="2016-01-29T17:39:55.1306733+08:00" />
  <ResultSummary outcome="Failed">
    <Counters total="15" executed="15" passed="14" error="0" failed="1" timeout="0" aborted="0" inconclusive="0" passedButRunAborted="0" notRunnable="0" notExecuted="0" disconnected="0" warning="0" completed="0" inProgress="0" pending="0" />
    <RunInfos>
      <RunInfo computerName="CHENGVMWIN7X641" outcome="Warning" timestamp="2016-01-29T17:39:46.3941736+08:00">
        <Text>当前已禁用部署。未部署测试“TimeTaskTestProject.GeneratePaperTemplateTest.WhetherGenerateTest1”中的部署项“OnlineLearningSystem.dll”。</Text>
      </RunInfo>
    </RunInfos>
  </ResultSummary>
  <TestDefinitions>
    <UnitTest name="WhetherGenerateTest1" storage="d:\cheng\workspace\onlinelearningsystem\onlinelearningsystem\timetasktestproject\bin\debug\timetasktestproject.dll" id="a2677fa3-1377-b1d6-2dc3-a05016706a73">
      <DeploymentItems>
        <DeploymentItem filename="OnlineLearningSystem.dll" />
      </DeploymentItems>
      <Execution id="48123024-1d26-4fe2-a10f-b458c842a873" />
      <TestMethod codeBase="D:/Cheng/Workspace/OnlineLearningSystem/OnlineLearningSystem/TimeTaskTestProject/bin/Debug/TimeTaskTestProject.DLL" adapterTypeName="Microsoft.VisualStudio.TestTools.TestTypes.Unit.UnitTestAdapter, Microsoft.VisualStudio.QualityTools.Tips.UnitTest.Adapter, Version=10.0.0.0, Culture=neutral, PublicKeyToken=b03f5f7f11d50a3a" className="TimeTaskTestProject.GeneratePaperTemplateTest, TimeTaskTestProject, Version=1.0.0.0, Culture=neutral, PublicKeyToken=null" name="WhetherGenerateTest1" />
      <AspNet webSiteUrl="http://localhost:7128/Aspxs/Default.aspx">
        <Host pathToWebApp="D:\Cheng\Workspace\OnlineLearningSystem\OnlineLearningSystem\OnlineLearningSystem" webAppRoot="/" />
      </AspNet>
    </UnitTest>
    <UnitTest name="GenerateWithNumberTest" storage="d:\cheng\workspace\onlinelearningsystem\onlinelearningsystem\timetasktestproject\bin\debug\timetasktestproject.dll" id="c85eca0d-57bf-7079-7304-0bd2a4786b8e">
      <DeploymentItems>
        <DeploymentItem filename="OnlineLearningSystem.dll" />
      </DeploymentItems>
      <Execution id="124ebf06-a03f-4ea7-ad77-05d4c2aa10ef" />
      <TestMethod codeBase="D:/Cheng/Workspace/OnlineLearningSystem/OnlineLearningSystem/TimeTaskTestProject/bin/Debug/TimeTaskTestProject.DLL" adapterTypeName="Microsoft.VisualStudio.TestTools.TestTypes.Unit.UnitTestAdapter, Microsoft.VisualStudio.QualityTools.Tips.UnitTest.Adapter, Version=10.0.0.0, Culture=neutral, PublicKeyToken=b03f5f7f11d50a3a" className="TimeTaskTestProject.GeneratePaperTemplateTest, TimeTaskTestProject, Version=1.0.0.0, Culture=neutral, PublicKeyToken=null" name="GenerateWithNumberTest" />
      <AspNet webSiteUrl="http://localhost:7128/Aspxs/Default.aspx">
        <Host pathToWebApp="D:\Cheng\Workspace\OnlineLearningSystem\OnlineLearningSystem\OnlineLearningSystem" webAppRoot="/" />
      </AspNet>
    </UnitTest>
    <UnitTest name="GenerateEtTest" storage="d:\cheng\workspace\onlinelearningsystem\onlinelearningsystem\timetasktestproject\bin\debug\timetasktestproject.dll" id="c72c12d9-0323-9dc4-697e-9922a29328d3">
      <DeploymentItems>
        <DeploymentItem filename="OnlineLearningSystem.dll" />
      </DeploymentItems>
      <Execution id="fef93d7f-7fd7-4e2c-bc68-87a56cbdb01a" />
      <TestMethod codeBase="D:/Cheng/Workspace/OnlineLearningSystem/OnlineLearningSystem/TimeTaskTestProject/bin/Debug/TimeTaskTestProject.DLL" adapterTypeName="Microsoft.VisualStudio.TestTools.TestTypes.Unit.UnitTestAdapter, Microsoft.VisualStudio.QualityTools.Tips.UnitTest.Adapter, Version=10.0.0.0, Culture=neutral, PublicKeyToken=b03f5f7f11d50a3a" className="TimeTaskTestProject.GeneratePaperTemplateTest, TimeTaskTestProject, Version=1.0.0.0, Culture=neutral, PublicKeyToken=null" name="GenerateEtTest" />
      <AspNet webSiteUrl="http://localhost:7128/Aspxs/Default.aspx">
        <Host pathToWebApp="D:\Cheng\Workspace\OnlineLearningSystem\OnlineLearningSystem\OnlineLearningSystem" webAppRoot="/" />
      </AspNet>
    </UnitTest>
    <UnitTest name="WhetherGenerateTest3" storage="d:\cheng\workspace\onlinelearningsystem\onlinelearningsystem\timetasktestproject\bin\debug\timetasktestproject.dll" id="eb718d0c-eda5-9bad-4269-872ef048b027">
      <DeploymentItems>
        <DeploymentItem filename="OnlineLearningSystem.dll" />
      </DeploymentItems>
      <Execution id="74579031-1bcb-46ab-b1b0-bd2ce05dcf71" />
      <TestMethod codeBase="D:/Cheng/Workspace/OnlineLearningSystem/OnlineLearningSystem/TimeTaskTestProject/bin/Debug/TimeTaskTestProject.DLL" adapterTypeName="Microsoft.VisualStudio.TestTools.TestTypes.Unit.UnitTestAdapter, Microsoft.VisualStudio.QualityTools.Tips.UnitTest.Adapter, Version=10.0.0.0, Culture=neutral, PublicKeyToken=b03f5f7f11d50a3a" className="TimeTaskTestProject.GeneratePaperTemplateTest, TimeTaskTestProject, Version=1.0.0.0, Culture=neutral, PublicKeyToken=null" name="WhetherGenerateTest3" />
      <AspNet webSiteUrl="http://localhost:7128/Aspxs/Default.aspx">
        <Host pathToWebApp="D:\Cheng\Workspace\OnlineLearningSystem\OnlineLearningSystem\OnlineLearningSystem" webAppRoot="/" />
      </AspNet>
    </UnitTest>
    <UnitTest name="WhetherGenerateTest2_1" storage="d:\cheng\workspace\onlinelearningsystem\onlinelearningsystem\timetasktestproject\bin\debug\timetasktestproject.dll" id="e150f346-bff2-8c91-1bd8-7c64841e8bdc">
      <DeploymentItems>
        <DeploymentItem filename="OnlineLearningSystem.dll" />
      </DeploymentItems>
      <Execution id="1c267bb7-04f0-4b23-8cab-5642489718f1" />
      <TestMethod codeBase="D:/Cheng/Workspace/OnlineLearningSystem/OnlineLearningSystem/TimeTaskTestProject/bin/Debug/TimeTaskTestProject.DLL" adapterTypeName="Microsoft.VisualStudio.TestTools.TestTypes.Unit.UnitTestAdapter, Microsoft.VisualStudio.QualityTools.Tips.UnitTest.Adapter, Version=10.0.0.0, Culture=neutral, PublicKeyToken=b03f5f7f11d50a3a" className="TimeTaskTestProject.GeneratePaperTemplateTest, TimeTaskTestProject, Version=1.0.0.0, Culture=neutral, PublicKeyToken=null" name="WhetherGenerateTest2_1" />
      <AspNet webSiteUrl="http://localhost:7128/Aspxs/Default.aspx">
        <Host pathToWebApp="D:\Cheng\Workspace\OnlineLearningSystem\OnlineLearningSystem\OnlineLearningSystem" webAppRoot="/" />
      </AspNet>
    </UnitTest>
    <UnitTest name="GenerateWithScoreTest" storage="d:\cheng\workspace\onlinelearningsystem\onlinelearningsystem\timetasktestproject\bin\debug\timetasktestproject.dll" id="cd55069d-13a4-c03f-790f-0cf9afc1d87a">
      <DeploymentItems>
        <DeploymentItem filename="OnlineLearningSystem.dll" />
      </DeploymentItems>
      <Execution id="ab07b109-b2bb-4cc0-a864-58215db8c08e" />
      <TestMethod codeBase="D:/Cheng/Workspace/OnlineLearningSystem/OnlineLearningSystem/TimeTaskTestProject/bin/Debug/TimeTaskTestProject.DLL" adapterTypeName="Microsoft.VisualStudio.TestTools.TestTypes.Unit.UnitTestAdapter, Microsoft.VisualStudio.QualityTools.Tips.UnitTest.Adapter, Version=10.0.0.0, Culture=neutral, PublicKeyToken=b03f5f7f11d50a3a" className="TimeTaskTestProject.GeneratePaperTemplateTest, TimeTaskTestProject, Version=1.0.0.0, Culture=neutral, PublicKeyToken=null" name="GenerateWithScoreTest" />
      <AspNet webSiteUrl="http://localhost:7128/Aspxs/Default.aspx">
        <Host pathToWebApp="D:\Cheng\Workspace\OnlineLearningSystem\OnlineLearningSystem\OnlineLearningSystem" webAppRoot="/" />
      </AspNet>
    </UnitTest>
    <UnitTest name="SelectQuestionsWithNumberTest" storage="d:\cheng\workspace\onlinelearningsystem\onlinelearningsystem\timetasktestproject\bin\debug\timetasktestproject.dll" id="0b1f85d3-9a29-f28e-5f2f-aa36057efe13">
      <DeploymentItems>
        <DeploymentItem filename="OnlineLearningSystem.dll" />
      </DeploymentItems>
      <Execution id="5454bc13-119c-442e-a09d-89d85c20a13f" />
      <TestMethod codeBase="D:/Cheng/Workspace/OnlineLearningSystem/OnlineLearningSystem/TimeTaskTestProject/bin/Debug/TimeTaskTestProject.DLL" adapterTypeName="Microsoft.VisualStudio.TestTools.TestTypes.Unit.UnitTestAdapter, Microsoft.VisualStudio.QualityTools.Tips.UnitTest.Adapter, Version=10.0.0.0, Culture=neutral, PublicKeyToken=b03f5f7f11d50a3a" className="TimeTaskTestProject.GeneratePaperTemplateTest, TimeTaskTestProject, Version=1.0.0.0, Culture=neutral, PublicKeyToken=null" name="SelectQuestionsWithNumberTest" />
      <AspNet webSiteUrl="http://localhost:7128/Aspxs/Default.aspx">
        <Host pathToWebApp="D:\Cheng\Workspace\OnlineLearningSystem\OnlineLearningSystem\OnlineLearningSystem" webAppRoot="/" />
      </AspNet>
    </UnitTest>
    <UnitTest name="AdjustRatiosTest" storage="d:\cheng\workspace\onlinelearningsystem\onlinelearningsystem\timetasktestproject\bin\debug\timetasktestproject.dll" id="0fa5c02a-7974-1c0b-5aa5-899cb032ce09">
      <DeploymentItems>
        <DeploymentItem filename="OnlineLearningSystem.dll" />
      </DeploymentItems>
      <Execution id="67cb7296-87ed-4e4b-9bba-76dea2af2130" />
      <TestMethod codeBase="D:/Cheng/Workspace/OnlineLearningSystem/OnlineLearningSystem/TimeTaskTestProject/bin/Debug/TimeTaskTestProject.DLL" adapterTypeName="Microsoft.VisualStudio.TestTools.TestTypes.Unit.UnitTestAdapter, Microsoft.VisualStudio.QualityTools.Tips.UnitTest.Adapter, Version=10.0.0.0, Culture=neutral, PublicKeyToken=b03f5f7f11d50a3a" className="TimeTaskTestProject.GeneratePaperTemplateTest, TimeTaskTestProject, Version=1.0.0.0, Culture=neutral, PublicKeyToken=null" name="AdjustRatiosTest" />
      <AspNet webSiteUrl="http://localhost:7128/Aspxs/Default.aspx">
        <Host pathToWebApp="D:\Cheng\Workspace\OnlineLearningSystem\OnlineLearningSystem\OnlineLearningSystem" webAppRoot="/" />
      </AspNet>
    </UnitTest>
    <UnitTest name="SelectQuestionsWithScoreTest" storage="d:\cheng\workspace\onlinelearningsystem\onlinelearningsystem\timetasktestproject\bin\debug\timetasktestproject.dll" id="f55598dc-aeee-d46d-9d65-39c063ae5aec">
      <DeploymentItems>
        <DeploymentItem filename="OnlineLearningSystem.dll" />
      </DeploymentItems>
      <Execution id="06093129-1095-4e8e-a53e-77cad93ad7b6" />
      <TestMethod codeBase="D:/Cheng/Workspace/OnlineLearningSystem/OnlineLearningSystem/TimeTaskTestProject/bin/Debug/TimeTaskTestProject.DLL" adapterTypeName="Microsoft.VisualStudio.TestTools.TestTypes.Unit.UnitTestAdapter, Microsoft.VisualStudio.QualityTools.Tips.UnitTest.Adapter, Version=10.0.0.0, Culture=neutral, PublicKeyToken=b03f5f7f11d50a3a" className="TimeTaskTestProject.GeneratePaperTemplateTest, TimeTaskTestProject, Version=1.0.0.0, Culture=neutral, PublicKeyToken=null" name="SelectQuestionsWithScoreTest" />
      <AspNet webSiteUrl="http://localhost:7128/Aspxs/Default.aspx">
        <Host pathToWebApp="D:\Cheng\Workspace\OnlineLearningSystem\OnlineLearningSystem\OnlineLearningSystem" webAppRoot="/" />
      </AspNet>
    </UnitTest>
    <UnitTest name="WhetherGenerateTest2" storage="d:\cheng\workspace\onlinelearningsystem\onlinelearningsystem\timetasktestproject\bin\debug\timetasktestproject.dll" id="5507b68c-3825-9d01-fb80-52ee158e2ed4">
      <DeploymentItems>
        <DeploymentItem filename="OnlineLearningSystem.dll" />
      </DeploymentItems>
      <Execution id="1f39e35b-7c36-4212-b1cc-0ff550601706" />
      <TestMethod codeBase="D:/Cheng/Workspace/OnlineLearningSystem/OnlineLearningSystem/TimeTaskTestProject/bin/Debug/TimeTaskTestProject.DLL" adapterTypeName="Microsoft.VisualStudio.TestTools.TestTypes.Unit.UnitTestAdapter, Microsoft.VisualStudio.QualityTools.Tips.UnitTest.Adapter, Version=10.0.0.0, Culture=neutral, PublicKeyToken=b03f5f7f11d50a3a" className="TimeTaskTestProject.GeneratePaperTemplateTest, TimeTaskTestProject, Version=1.0.0.0, Culture=neutral, PublicKeyToken=null" name="WhetherGenerateTest2" />
      <AspNet webSiteUrl="http://localhost:7128/Aspxs/Default.aspx">
        <Host pathToWebApp="D:\Cheng\Workspace\OnlineLearningSystem\OnlineLearningSystem\OnlineLearningSystem" webAppRoot="/" />
      </AspNet>
    </UnitTest>
    <UnitTest name="GenerateTest" storage="d:\cheng\workspace\onlinelearningsystem\onlinelearningsystem\timetasktestproject\bin\debug\timetasktestproject.dll" id="2ff07b81-5f76-3e1f-3d27-8cb33a5fa1fc">
      <DeploymentItems>
        <DeploymentItem filename="OnlineLearningSystem.dll" />
      </DeploymentItems>
      <Execution id="1ec0a732-a3f0-4b57-8fbc-b3aa646c5864" />
      <TestMethod codeBase="D:/Cheng/Workspace/OnlineLearningSystem/OnlineLearningSystem/TimeTaskTestProject/bin/Debug/TimeTaskTestProject.DLL" adapterTypeName="Microsoft.VisualStudio.TestTools.TestTypes.Unit.UnitTestAdapter, Microsoft.VisualStudio.QualityTools.Tips.UnitTest.Adapter, Version=10.0.0.0, Culture=neutral, PublicKeyToken=b03f5f7f11d50a3a" className="TimeTaskTestProject.GeneratePaperTemplateTest, TimeTaskTestProject, Version=1.0.0.0, Culture=neutral, PublicKeyToken=null" name="GenerateTest" />
      <AspNet webSiteUrl="http://localhost:7128/Aspxs/Default.aspx">
        <Host pathToWebApp="D:\Cheng\Workspace\OnlineLearningSystem\OnlineLearningSystem\OnlineLearningSystem" webAppRoot="/" />
      </AspNet>
    </UnitTest>
    <UnitTest name="WhetherGenerateTest3_1" storage="d:\cheng\workspace\onlinelearningsystem\onlinelearningsystem\timetasktestproject\bin\debug\timetasktestproject.dll" id="ce228dcf-67a5-e47c-a682-9256b0ba2107">
      <DeploymentItems>
        <DeploymentItem filename="OnlineLearningSystem.dll" />
      </DeploymentItems>
      <Execution id="71dcac55-8ec7-45a5-94ea-5c8d620637b1" />
      <TestMethod codeBase="D:/Cheng/Workspace/OnlineLearningSystem/OnlineLearningSystem/TimeTaskTestProject/bin/Debug/TimeTaskTestProject.DLL" adapterTypeName="Microsoft.VisualStudio.TestTools.TestTypes.Unit.UnitTestAdapter, Microsoft.VisualStudio.QualityTools.Tips.UnitTest.Adapter, Version=10.0.0.0, Culture=neutral, PublicKeyToken=b03f5f7f11d50a3a" className="TimeTaskTestProject.GeneratePaperTemplateTest, TimeTaskTestProject, Version=1.0.0.0, Culture=neutral, PublicKeyToken=null" name="WhetherGenerateTest3_1" />
      <AspNet webSiteUrl="http://localhost:7128/Aspxs/Default.aspx">
        <Host pathToWebApp="D:\Cheng\Workspace\OnlineLearningSystem\OnlineLearningSystem\OnlineLearningSystem" webAppRoot="/" />
      </AspNet>
    </UnitTest>
    <UnitTest name="WhetherGenerateTest1_1" storage="d:\cheng\workspace\onlinelearningsystem\onlinelearningsystem\timetasktestproject\bin\debug\timetasktestproject.dll" id="7d14e896-764f-1c1a-04c1-0ab31ece422a">
      <DeploymentItems>
        <DeploymentItem filename="OnlineLearningSystem.dll" />
      </DeploymentItems>
      <Execution id="c6e5d519-2b83-446b-bb10-62c43f093149" />
      <TestMethod codeBase="D:/Cheng/Workspace/OnlineLearningSystem/OnlineLearningSystem/TimeTaskTestProject/bin/Debug/TimeTaskTestProject.DLL" adapterTypeName="Microsoft.VisualStudio.TestTools.TestTypes.Unit.UnitTestAdapter, Microsoft.VisualStudio.QualityTools.Tips.UnitTest.Adapter, Version=10.0.0.0, Culture=neutral, PublicKeyToken=b03f5f7f11d50a3a" className="TimeTaskTestProject.GeneratePaperTemplateTest, TimeTaskTestProject, Version=1.0.0.0, Culture=neutral, PublicKeyToken=null" name="WhetherGenerateTest1_1" />
      <AspNet webSiteUrl="http://localhost:7128/Aspxs/Default.aspx">
        <Host pathToWebApp="D:\Cheng\Workspace\OnlineLearningSystem\OnlineLearningSystem\OnlineLearningSystem" webAppRoot="/" />
      </AspNet>
    </UnitTest>
    <UnitTest name="WhetherGenerateTest1_2" storage="d:\cheng\workspace\onlinelearningsystem\onlinelearningsystem\timetasktestproject\bin\debug\timetasktestproject.dll" id="900cb099-340c-65ad-316c-a0ce6dcd4a19">
      <DeploymentItems>
        <DeploymentItem filename="OnlineLearningSystem.dll" />
      </DeploymentItems>
      <Execution id="58f5db28-e245-4d41-86be-ebfbbdba984e" />
      <TestMethod codeBase="D:/Cheng/Workspace/OnlineLearningSystem/OnlineLearningSystem/TimeTaskTestProject/bin/Debug/TimeTaskTestProject.DLL" adapterTypeName="Microsoft.VisualStudio.TestTools.TestTypes.Unit.UnitTestAdapter, Microsoft.VisualStudio.QualityTools.Tips.UnitTest.Adapter, Version=10.0.0.0, Culture=neutral, PublicKeyToken=b03f5f7f11d50a3a" className="TimeTaskTestProject.GeneratePaperTemplateTest, TimeTaskTestProject, Version=1.0.0.0, Culture=neutral, PublicKeyToken=null" name="WhetherGenerateTest1_2" />
      <AspNet webSiteUrl="http://localhost:7128/Aspxs/Default.aspx">
        <Host pathToWebApp="D:\Cheng\Workspace\OnlineLearningSystem\OnlineLearningSystem\OnlineLearningSystem" webAppRoot="/" />
      </AspNet>
    </UnitTest>
    <UnitTest name="GetQuestionsTest" storage="d:\cheng\workspace\onlinelearningsystem\onlinelearningsystem\timetasktestproject\bin\debug\timetasktestproject.dll" id="b7d46d0c-579a-5f1e-4a2e-9e8ffd6a1ecd">
      <DeploymentItems>
        <DeploymentItem filename="OnlineLearningSystem.dll" />
      </DeploymentItems>
      <Execution id="8a5c7336-95dc-4139-8394-6911c78e6716" />
      <TestMethod codeBase="D:/Cheng/Workspace/OnlineLearningSystem/OnlineLearningSystem/TimeTaskTestProject/bin/Debug/TimeTaskTestProject.DLL" adapterTypeName="Microsoft.VisualStudio.TestTools.TestTypes.Unit.UnitTestAdapter, Microsoft.VisualStudio.QualityTools.Tips.UnitTest.Adapter, Version=10.0.0.0, Culture=neutral, PublicKeyToken=b03f5f7f11d50a3a" className="TimeTaskTestProject.GeneratePaperTemplateTest, TimeTaskTestProject, Version=1.0.0.0, Culture=neutral, PublicKeyToken=null" name="GetQuestionsTest" />
      <AspNet webSiteUrl="http://localhost:7128/Aspxs/Default.aspx">
        <Host pathToWebApp="D:\Cheng\Workspace\OnlineLearningSystem\OnlineLearningSystem\OnlineLearningSystem" webAppRoot="/" />
      </AspNet>
    </UnitTest>
  </TestDefinitions>
  <TestLists>
    <TestList name="所有已加载的结果" id="19431567-8539-422a-85d7-44ee4e166bda" />
    <TestList name="结果列表" id="8c43106b-9dc1-4907-a29f-aa66a61bf5b6" />
    <TestList name="GeneratePaperTemplateTest" id="d706afe2-eed9-40f5-bc01-6b93866f5223" parentListId="8c43106b-9dc1-4907-a29f-aa66a61bf5b6">
      <TestLinks>
        <TestLink id="7d14e896-764f-1c1a-04c1-0ab31ece422a" name="WhetherGenerateTest1_1" storage="d:\cheng\workspace\onlinelearningsystem\onlinelearningsystem\timetasktestproject\bin\debug\timetasktestproject.dll" type="Microsoft.VisualStudio.TestTools.TestTypes.Unit.UnitTestElement, Microsoft.VisualStudio.QualityTools.Tips.UnitTest.ObjectModel, Version=10.0.0.0, Culture=neutral, PublicKeyToken=b03f5f7f11d50a3a" />
        <TestLink id="ce228dcf-67a5-e47c-a682-9256b0ba2107" name="WhetherGenerateTest3_1" storage="d:\cheng\workspace\onlinelearningsystem\onlinelearningsystem\timetasktestproject\bin\debug\timetasktestproject.dll" type="Microsoft.VisualStudio.TestTools.TestTypes.Unit.UnitTestElement, Microsoft.VisualStudio.QualityTools.Tips.UnitTest.ObjectModel, Version=10.0.0.0, Culture=neutral, PublicKeyToken=b03f5f7f11d50a3a" />
        <TestLink id="eb718d0c-eda5-9bad-4269-872ef048b027" name="WhetherGenerateTest3" storage="d:\cheng\workspace\onlinelearningsystem\onlinelearningsystem\timetasktestproject\bin\debug\timetasktestproject.dll" type="Microsoft.VisualStudio.TestTools.TestTypes.Unit.UnitTestElement, Microsoft.VisualStudio.QualityTools.Tips.UnitTest.ObjectModel, Version=10.0.0.0, Culture=neutral, PublicKeyToken=b03f5f7f11d50a3a" />
        <TestLink id="cd55069d-13a4-c03f-790f-0cf9afc1d87a" name="GenerateWithScoreTest" storage="d:\cheng\workspace\onlinelearningsystem\onlinelearningsystem\timetasktestproject\bin\debug\timetasktestproject.dll" type="Microsoft.VisualStudio.TestTools.TestTypes.Unit.UnitTestElement, Microsoft.VisualStudio.QualityTools.Tips.UnitTest.ObjectModel, Version=10.0.0.0, Culture=neutral, PublicKeyToken=b03f5f7f11d50a3a" />
        <TestLink id="5507b68c-3825-9d01-fb80-52ee158e2ed4" name="WhetherGenerateTest2" storage="d:\cheng\workspace\onlinelearningsystem\onlinelearningsystem\timetasktestproject\bin\debug\timetasktestproject.dll" type="Microsoft.VisualStudio.TestTools.TestTypes.Unit.UnitTestElement, Microsoft.VisualStudio.QualityTools.Tips.UnitTest.ObjectModel, Version=10.0.0.0, Culture=neutral, PublicKeyToken=b03f5f7f11d50a3a" />
        <TestLink id="c85eca0d-57bf-7079-7304-0bd2a4786b8e" name="GenerateWithNumberTest" storage="d:\cheng\workspace\onlinelearningsystem\onlinelearningsystem\timetasktestproject\bin\debug\timetasktestproject.dll" type="Microsoft.VisualStudio.TestTools.TestTypes.Unit.UnitTestElement, Microsoft.VisualStudio.QualityTools.Tips.UnitTest.ObjectModel, Version=10.0.0.0, Culture=neutral, PublicKeyToken=b03f5f7f11d50a3a" />
        <TestLink id="0fa5c02a-7974-1c0b-5aa5-899cb032ce09" name="AdjustRatiosTest" storage="d:\cheng\workspace\onlinelearningsystem\onlinelearningsystem\timetasktestproject\bin\debug\timetasktestproject.dll" type="Microsoft.VisualStudio.TestTools.TestTypes.Unit.UnitTestElement, Microsoft.VisualStudio.QualityTools.Tips.UnitTest.ObjectModel, Version=10.0.0.0, Culture=neutral, PublicKeyToken=b03f5f7f11d50a3a" />
        <TestLink id="b7d46d0c-579a-5f1e-4a2e-9e8ffd6a1ecd" name="GetQuestionsTest" storage="d:\cheng\workspace\onlinelearningsystem\onlinelearningsystem\timetasktestproject\bin\debug\timetasktestproject.dll" type="Microsoft.VisualStudio.TestTools.TestTypes.Unit.UnitTestElement, Microsoft.VisualStudio.QualityTools.Tips.UnitTest.ObjectModel, Version=10.0.0.0, Culture=neutral, PublicKeyToken=b03f5f7f11d50a3a" />
        <TestLink id="900cb099-340c-65ad-316c-a0ce6dcd4a19" name="WhetherGenerateTest1_2" storage="d:\cheng\workspace\onlinelearningsystem\onlinelearningsystem\timetasktestproject\bin\debug\timetasktestproject.dll" type="Microsoft.VisualStudio.TestTools.TestTypes.Unit.UnitTestElement, Microsoft.VisualStudio.QualityTools.Tips.UnitTest.ObjectModel, Version=10.0.0.0, Culture=neutral, PublicKeyToken=b03f5f7f11d50a3a" />
        <TestLink id="c72c12d9-0323-9dc4-697e-9922a29328d3" name="GenerateEtTest" storage="d:\cheng\workspace\onlinelearningsystem\onlinelearningsystem\timetasktestproject\bin\debug\timetasktestproject.dll" type="Microsoft.VisualStudio.TestTools.TestTypes.Unit.UnitTestElement, Microsoft.VisualStudio.QualityTools.Tips.UnitTest.ObjectModel, Version=10.0.0.0, Culture=neutral, PublicKeyToken=b03f5f7f11d50a3a" />
        <TestLink id="a2677fa3-1377-b1d6-2dc3-a05016706a73" name="WhetherGenerateTest1" storage="d:\cheng\workspace\onlinelearningsystem\onlinelearningsystem\timetasktestproject\bin\debug\timetasktestproject.dll" type="Microsoft.VisualStudio.TestTools.TestTypes.Unit.UnitTestElement, Microsoft.VisualStudio.QualityTools.Tips.UnitTest.ObjectModel, Version=10.0.0.0, Culture=neutral, PublicKeyToken=b03f5f7f11d50a3a" />
        <TestLink id="0b1f85d3-9a29-f28e-5f2f-aa36057efe13" name="SelectQuestionsWithNumberTest" storage="d:\cheng\workspace\onlinelearningsystem\onlinelearningsystem\timetasktestproject\bin\debug\timetasktestproject.dll" type="Microsoft.VisualStudio.TestTools.TestTypes.Unit.UnitTestElement, Microsoft.VisualStudio.QualityTools.Tips.UnitTest.ObjectModel, Version=10.0.0.0, Culture=neutral, PublicKeyToken=b03f5f7f11d50a3a" />
        <TestLink id="2ff07b81-5f76-3e1f-3d27-8cb33a5fa1fc" name="GenerateTest" storage="d:\cheng\workspace\onlinelearningsystem\onlinelearningsystem\timetasktestproject\bin\debug\timetasktestproject.dll" type="Microsoft.VisualStudio.TestTools.TestTypes.Unit.UnitTestElement, Microsoft.VisualStudio.QualityTools.Tips.UnitTest.ObjectModel, Version=10.0.0.0, Culture=neutral, PublicKeyToken=b03f5f7f11d50a3a" />
        <TestLink id="f55598dc-aeee-d46d-9d65-39c063ae5aec" name="SelectQuestionsWithScoreTest" storage="d:\cheng\workspace\onlinelearningsystem\onlinelearningsystem\timetasktestproject\bin\debug\timetasktestproject.dll" type="Microsoft.VisualStudio.TestTools.TestTypes.Unit.UnitTestElement, Microsoft.VisualStudio.QualityTools.Tips.UnitTest.ObjectModel, Version=10.0.0.0, Culture=neutral, PublicKeyToken=b03f5f7f11d50a3a" />
        <TestLink id="e150f346-bff2-8c91-1bd8-7c64841e8bdc" name="WhetherGenerateTest2_1" storage="d:\cheng\workspace\onlinelearningsystem\onlinelearningsystem\timetasktestproject\bin\debug\timetasktestproject.dll" type="Microsoft.VisualStudio.TestTools.TestTypes.Unit.UnitTestElement, Microsoft.VisualStudio.QualityTools.Tips.UnitTest.ObjectModel, Version=10.0.0.0, Culture=neutral, PublicKeyToken=b03f5f7f11d50a3a" />
      </TestLinks>
    </TestList>
  </TestLists>
  <TestEntries>
    <TestEntry testId="ce228dcf-67a5-e47c-a682-9256b0ba2107" executionId="71dcac55-8ec7-45a5-94ea-5c8d620637b1" testListId="d706afe2-eed9-40f5-bc01-6b93866f5223" />
    <TestEntry testId="0fa5c02a-7974-1c0b-5aa5-899cb032ce09" executionId="67cb7296-87ed-4e4b-9bba-76dea2af2130" testListId="d706afe2-eed9-40f5-bc01-6b93866f5223" />
    <TestEntry testId="e150f346-bff2-8c91-1bd8-7c64841e8bdc" executionId="1c267bb7-04f0-4b23-8cab-5642489718f1" testListId="d706afe2-eed9-40f5-bc01-6b93866f5223" />
    <TestEntry testId="b7d46d0c-579a-5f1e-4a2e-9e8ffd6a1ecd" executionId="8a5c7336-95dc-4139-8394-6911c78e6716" testListId="d706afe2-eed9-40f5-bc01-6b93866f5223" />
    <TestEntry testId="0b1f85d3-9a29-f28e-5f2f-aa36057efe13" executionId="5454bc13-119c-442e-a09d-89d85c20a13f" testListId="d706afe2-eed9-40f5-bc01-6b93866f5223" />
    <TestEntry testId="a2677fa3-1377-b1d6-2dc3-a05016706a73" executionId="48123024-1d26-4fe2-a10f-b458c842a873" testListId="d706afe2-eed9-40f5-bc01-6b93866f5223" />
    <TestEntry testId="eb718d0c-eda5-9bad-4269-872ef048b027" executionId="74579031-1bcb-46ab-b1b0-bd2ce05dcf71" testListId="d706afe2-eed9-40f5-bc01-6b93866f5223" />
    <TestEntry testId="f55598dc-aeee-d46d-9d65-39c063ae5aec" executionId="06093129-1095-4e8e-a53e-77cad93ad7b6" testListId="d706afe2-eed9-40f5-bc01-6b93866f5223" />
    <TestEntry testId="900cb099-340c-65ad-316c-a0ce6dcd4a19" executionId="58f5db28-e245-4d41-86be-ebfbbdba984e" testListId="d706afe2-eed9-40f5-bc01-6b93866f5223" />
    <TestEntry testId="c72c12d9-0323-9dc4-697e-9922a29328d3" executionId="fef93d7f-7fd7-4e2c-bc68-87a56cbdb01a" testListId="d706afe2-eed9-40f5-bc01-6b93866f5223" />
    <TestEntry testId="2ff07b81-5f76-3e1f-3d27-8cb33a5fa1fc" executionId="1ec0a732-a3f0-4b57-8fbc-b3aa646c5864" testListId="d706afe2-eed9-40f5-bc01-6b93866f5223" />
    <TestEntry testId="5507b68c-3825-9d01-fb80-52ee158e2ed4" executionId="1f39e35b-7c36-4212-b1cc-0ff550601706" testListId="d706afe2-eed9-40f5-bc01-6b93866f5223" />
    <TestEntry testId="7d14e896-764f-1c1a-04c1-0ab31ece422a" executionId="c6e5d519-2b83-446b-bb10-62c43f093149" testListId="d706afe2-eed9-40f5-bc01-6b93866f5223" />
    <TestEntry testId="c85eca0d-57bf-7079-7304-0bd2a4786b8e" executionId="124ebf06-a03f-4ea7-ad77-05d4c2aa10ef" testListId="d706afe2-eed9-40f5-bc01-6b93866f5223" />
    <TestEntry testId="cd55069d-13a4-c03f-790f-0cf9afc1d87a" executionId="ab07b109-b2bb-4cc0-a864-58215db8c08e" testListId="d706afe2-eed9-40f5-bc01-6b93866f5223" />
  </TestEntries>
  <Results>
    <UnitTestResult executionId="71dcac55-8ec7-45a5-94ea-5c8d620637b1" testId="ce228dcf-67a5-e47c-a682-9256b0ba2107" testName="WhetherGenerateTest3_1" computerName="CHENGVMWIN7X641" duration="00:00:01.1123541" startTime="2016-01-29T17:39:48.5902992+08:00" endTime="2016-01-29T17:39:52.6055289+08:00" testType="13cdc9d9-ddb5-4fa4-a97d-d965ccfc6d4b" outcome="Passed" testListId="d706afe2-eed9-40f5-bc01-6b93866f5223" relativeResultsDirectory="71dcac55-8ec7-45a5-94ea-5c8d620637b1">
      <Output>
        <DebugTrace>“清除考试任务”操作返回 0 。
“清除考试任务”操作返回 0 。
</DebugTrace>
      </Output>
    </UnitTestResult>
    <UnitTestResult executionId="67cb7296-87ed-4e4b-9bba-76dea2af2130" testId="0fa5c02a-7974-1c0b-5aa5-899cb032ce09" testName="AdjustRatiosTest" computerName="CHENGVMWIN7X641" duration="00:00:00.0334722" startTime="2016-01-29T17:39:52.6095291+08:00" endTime="2016-01-29T17:39:52.7235356+08:00" testType="13cdc9d9-ddb5-4fa4-a97d-d965ccfc6d4b" outcome="Passed" testListId="d706afe2-eed9-40f5-bc01-6b93866f5223" relativeResultsDirectory="67cb7296-87ed-4e4b-9bba-76dea2af2130">
      <Output>
        <DebugTrace>“清除考试任务”操作返回 0 。
“清除考试任务”操作返回 0 。
</DebugTrace>
      </Output>
    </UnitTestResult>
    <UnitTestResult executionId="1c267bb7-04f0-4b23-8cab-5642489718f1" testId="e150f346-bff2-8c91-1bd8-7c64841e8bdc" testName="WhetherGenerateTest2_1" computerName="CHENGVMWIN7X641" duration="00:00:00.0100490" startTime="2016-01-29T17:39:52.7245357+08:00" endTime="2016-01-29T17:39:52.8195411+08:00" testType="13cdc9d9-ddb5-4fa4-a97d-d965ccfc6d4b" outcome="Passed" testListId="d706afe2-eed9-40f5-bc01-6b93866f5223" relativeResultsDirectory="1c267bb7-04f0-4b23-8cab-5642489718f1">
      <Output>
        <DebugTrace>“清除考试任务”操作返回 0 。
“清除考试任务”操作返回 0 。
</DebugTrace>
      </Output>
    </UnitTestResult>
    <UnitTestResult executionId="8a5c7336-95dc-4139-8394-6911c78e6716" testId="b7d46d0c-579a-5f1e-4a2e-9e8ffd6a1ecd" testName="GetQuestionsTest" computerName="CHENGVMWIN7X641" duration="00:00:00.1593081" startTime="2016-01-29T17:39:52.8225413+08:00" endTime="2016-01-29T17:39:53.0455541+08:00" testType="13cdc9d9-ddb5-4fa4-a97d-d965ccfc6d4b" outcome="Failed" testListId="d706afe2-eed9-40f5-bc01-6b93866f5223" relativeResultsDirectory="8a5c7336-95dc-4139-8394-6911c78e6716">
      <Output>
        <DebugTrace>“清除考试任务”操作返回 0 。
“清除考试任务”操作返回 0 。
</DebugTrace>
        <ErrorInfo>
          <Message>Assert.AreEqual 失败。应为: &lt;936&gt;，实际为: &lt;933&gt;。</Message>
          <StackTrace>   在 TimeTaskTestProject.GeneratePaperTemplateTest.GetQuestionsTest() 位置 D:\Cheng\Workspace\OnlineLearningSystem\OnlineLearningSystem\TimeTaskTestProject\GeneratePaperTemplateTest.cs:行号 687
</StackTrace>
        </ErrorInfo>
      </Output>
    </UnitTestResult>
    <UnitTestResult executionId="5454bc13-119c-442e-a09d-89d85c20a13f" testId="0b1f85d3-9a29-f28e-5f2f-aa36057efe13" testName="SelectQuestionsWithNumberTest" computerName="CHENGVMWIN7X641" duration="00:00:00.0524408" startTime="2016-01-29T17:39:53.0485542+08:00" endTime="2016-01-29T17:39:53.1755615+08:00" testType="13cdc9d9-ddb5-4fa4-a97d-d965ccfc6d4b" outcome="Passed" testListId="d706afe2-eed9-40f5-bc01-6b93866f5223" relativeResultsDirectory="5454bc13-119c-442e-a09d-89d85c20a13f">
      <Output>
        <DebugTrace>“清除考试任务”操作返回 0 。
试题类型：单选题；现有数量：1；需要数量：20。
------------------------------
Question Type:
    单选题
    单选题
    单选题
    多选题
    多选题
    多选题
    判断题
    判断题
    判断题
    判断题
------------------------------
“清除考试任务”操作返回 0 。
</DebugTrace>
      </Output>
    </UnitTestResult>
    <UnitTestResult executionId="48123024-1d26-4fe2-a10f-b458c842a873" testId="a2677fa3-1377-b1d6-2dc3-a05016706a73" testName="WhetherGenerateTest1" computerName="CHENGVMWIN7X641" duration="00:00:00.0194273" startTime="2016-01-29T17:39:53.1775616+08:00" endTime="2016-01-29T17:39:53.2525659+08:00" testType="13cdc9d9-ddb5-4fa4-a97d-d965ccfc6d4b" outcome="Passed" testListId="d706afe2-eed9-40f5-bc01-6b93866f5223" relativeResultsDirectory="48123024-1d26-4fe2-a10f-b458c842a873">
      <Output>
        <DebugTrace>“清除考试任务”操作返回 0 。
“清除考试任务”操作返回 0 。
</DebugTrace>
      </Output>
    </UnitTestResult>
    <UnitTestResult executionId="74579031-1bcb-46ab-b1b0-bd2ce05dcf71" testId="eb718d0c-eda5-9bad-4269-872ef048b027" testName="WhetherGenerateTest3" computerName="CHENGVMWIN7X641" duration="00:00:00.0135750" startTime="2016-01-29T17:39:53.2545660+08:00" endTime="2016-01-29T17:39:53.3345706+08:00" testType="13cdc9d9-ddb5-4fa4-a97d-d965ccfc6d4b" outcome="Passed" testListId="d706afe2-eed9-40f5-bc01-6b93866f5223" relativeResultsDirectory="74579031-1bcb-46ab-b1b0-bd2ce05dcf71">
      <Output>
        <DebugTrace>“清除考试任务”操作返回 0 。
“清除考试任务”操作返回 0 。
</DebugTrace>
      </Output>
    </UnitTestResult>
    <UnitTestResult executionId="06093129-1095-4e8e-a53e-77cad93ad7b6" testId="f55598dc-aeee-d46d-9d65-39c063ae5aec" testName="SelectQuestionsWithScoreTest" computerName="CHENGVMWIN7X641" duration="00:00:00.0559556" startTime="2016-01-29T17:39:53.3385708+08:00" endTime="2016-01-29T17:39:53.4735785+08:00" testType="13cdc9d9-ddb5-4fa4-a97d-d965ccfc6d4b" outcome="Passed" testListId="d706afe2-eed9-40f5-bc01-6b93866f5223" relativeResultsDirectory="06093129-1095-4e8e-a53e-77cad93ad7b6">
      <Output>
        <DebugTrace>“清除考试任务”操作返回 0 。
Question Score:
    2
    2
    2
    2
    6
    6
    6
    3
    3
    3
    3
    8
    18
    23
    13
Question Id:
    586
    355
    30
    152
    621
    305
    838
    730
    480
    475
    243
    89
    496
    757
    985
“清除考试任务”操作返回 0 。
</DebugTrace>
      </Output>
    </UnitTestResult>
    <UnitTestResult executionId="58f5db28-e245-4d41-86be-ebfbbdba984e" testId="900cb099-340c-65ad-316c-a0ce6dcd4a19" testName="WhetherGenerateTest1_2" computerName="CHENGVMWIN7X641" duration="00:00:00.0467418" startTime="2016-01-29T17:39:53.4755787+08:00" endTime="2016-01-29T17:39:53.5915853+08:00" testType="13cdc9d9-ddb5-4fa4-a97d-d965ccfc6d4b" outcome="Passed" testListId="d706afe2-eed9-40f5-bc01-6b93866f5223" relativeResultsDirectory="58f5db28-e245-4d41-86be-ebfbbdba984e">
      <Output>
        <DebugTrace>“清除考试任务”操作返回 0 。
“清除考试任务”操作返回 0 。
</DebugTrace>
      </Output>
    </UnitTestResult>
    <UnitTestResult executionId="fef93d7f-7fd7-4e2c-bc68-87a56cbdb01a" testId="c72c12d9-0323-9dc4-697e-9922a29328d3" testName="GenerateEtTest" computerName="CHENGVMWIN7X641" duration="00:00:00.3041318" startTime="2016-01-29T17:39:53.5935854+08:00" endTime="2016-01-29T17:39:53.9786074+08:00" testType="13cdc9d9-ddb5-4fa4-a97d-d965ccfc6d4b" outcome="Passed" testListId="d706afe2-eed9-40f5-bc01-6b93866f5223" relativeResultsDirectory="fef93d7f-7fd7-4e2c-bc68-87a56cbdb01a">
      <Output>
        <DebugTrace>“清除考试任务”操作返回 0 。
“清除考试任务”操作返回 0 。
</DebugTrace>
      </Output>
    </UnitTestResult>
    <UnitTestResult executionId="1ec0a732-a3f0-4b57-8fbc-b3aa646c5864" testId="2ff07b81-5f76-3e1f-3d27-8cb33a5fa1fc" testName="GenerateTest" computerName="CHENGVMWIN7X641" duration="00:00:00.4794107" startTime="2016-01-29T17:39:53.9806075+08:00" endTime="2016-01-29T17:39:54.5266388+08:00" testType="13cdc9d9-ddb5-4fa4-a97d-d965ccfc6d4b" outcome="Passed" testListId="d706afe2-eed9-40f5-bc01-6b93866f5223" relativeResultsDirectory="1ec0a732-a3f0-4b57-8fbc-b3aa646c5864">
      <Output>
        <DebugTrace>“清除考试任务”操作返回 0 。
“清除考试任务”操作返回 18 。
</DebugTrace>
      </Output>
    </UnitTestResult>
    <UnitTestResult executionId="1f39e35b-7c36-4212-b1cc-0ff550601706" testId="5507b68c-3825-9d01-fb80-52ee158e2ed4" testName="WhetherGenerateTest2" computerName="CHENGVMWIN7X641" duration="00:00:00.0211714" startTime="2016-01-29T17:39:54.5286389+08:00" endTime="2016-01-29T17:39:54.6006430+08:00" testType="13cdc9d9-ddb5-4fa4-a97d-d965ccfc6d4b" outcome="Passed" testListId="d706afe2-eed9-40f5-bc01-6b93866f5223" relativeResultsDirectory="1f39e35b-7c36-4212-b1cc-0ff550601706">
      <Output>
        <DebugTrace>“清除考试任务”操作返回 0 。
“清除考试任务”操作返回 0 。
</DebugTrace>
      </Output>
    </UnitTestResult>
    <UnitTestResult executionId="c6e5d519-2b83-446b-bb10-62c43f093149" testId="7d14e896-764f-1c1a-04c1-0ab31ece422a" testName="WhetherGenerateTest1_1" computerName="CHENGVMWIN7X641" duration="00:00:00.0092733" startTime="2016-01-29T17:39:54.6026431+08:00" endTime="2016-01-29T17:39:54.6606464+08:00" testType="13cdc9d9-ddb5-4fa4-a97d-d965ccfc6d4b" outcome="Passed" testListId="d706afe2-eed9-40f5-bc01-6b93866f5223" relativeResultsDirectory="c6e5d519-2b83-446b-bb10-62c43f093149">
      <Output>
        <DebugTrace>“清除考试任务”操作返回 0 。
“清除考试任务”操作返回 0 。
</DebugTrace>
      </Output>
    </UnitTestResult>
    <UnitTestResult executionId="124ebf06-a03f-4ea7-ad77-05d4c2aa10ef" testId="c85eca0d-57bf-7079-7304-0bd2a4786b8e" testName="GenerateWithNumberTest" computerName="CHENGVMWIN7X641" duration="00:00:00.1556949" startTime="2016-01-29T17:39:54.6626466+08:00" endTime="2016-01-29T17:39:54.8886595+08:00" testType="13cdc9d9-ddb5-4fa4-a97d-d965ccfc6d4b" outcome="Passed" testListId="d706afe2-eed9-40f5-bc01-6b93866f5223" relativeResultsDirectory="124ebf06-a03f-4ea7-ad77-05d4c2aa10ef">
      <Output>
        <DebugTrace>“清除考试任务”操作返回 0 。
备选试题总数：10
“清除考试任务”操作返回 2 。
</DebugTrace>
      </Output>
    </UnitTestResult>
    <UnitTestResult executionId="ab07b109-b2bb-4cc0-a864-58215db8c08e" testId="cd55069d-13a4-c03f-790f-0cf9afc1d87a" testName="GenerateWithScoreTest" computerName="CHENGVMWIN7X641" duration="00:00:00.1317878" startTime="2016-01-29T17:39:54.8906596+08:00" endTime="2016-01-29T17:39:55.0776703+08:00" testType="13cdc9d9-ddb5-4fa4-a97d-d965ccfc6d4b" outcome="Passed" testListId="d706afe2-eed9-40f5-bc01-6b93866f5223" relativeResultsDirectory="ab07b109-b2bb-4cc0-a864-58215db8c08e">
      <Output>
        <DebugTrace>“清除考试任务”操作返回 0 。
“清除考试任务”操作返回 2 。
</DebugTrace>
      </Output>
    </UnitTestResult>
  </Results>
</TestRun>